  姝ｅ湪纭畾瑕佽繕鍘熺殑椤圭洰鈥?
  鎵€鏈夐」鐩潎鏄渶鏂扮殑锛屾棤娉曡繕鍘熴€?
C:\Users\Administrator\.nuget\packages\system.text.encodings.web\9.0.0\buildTransitive\netcoreapp2.0\System.Text.Encodings.Web.targets(4,5): warning : System.Text.Encodings.Web 9.0.0 doesn't support net6.0-windows and has not been tested with it. Consider upgrading your TargetFramework to net8.0 or later. You may also set <SuppressTfmSupportBuildWarnings>true</SuppressTfmSupportBuildWarnings> in the project file to ignore this warning and attempt to run in this unsupported configuration at your own risk. [E:\VS2022\WPF\DoorMonitorSystem\DoorMonitorSystem.csproj]
C:\Users\Administrator\.nuget\packages\system.io.pipelines\9.0.0\buildTransitive\netcoreapp2.0\System.IO.Pipelines.targets(4,5): warning : System.IO.Pipelines 9.0.0 doesn't support net6.0-windows and has not been tested with it. Consider upgrading your TargetFramework to net8.0 or later. You may also set <SuppressTfmSupportBuildWarnings>true</SuppressTfmSupportBuildWarnings> in the project file to ignore this warning and attempt to run in this unsupported configuration at your own risk. [E:\VS2022\WPF\DoorMonitorSystem\DoorMonitorSystem.csproj]
C:\Users\Administrator\.nuget\packages\system.text.json\9.0.0\buildTransitive\netcoreapp2.0\System.Text.Json.targets(4,5): warning : System.Text.Json 9.0.0 doesn't support net6.0-windows and has not been tested with it. Consider upgrading your TargetFramework to net8.0 or later. You may also set <SuppressTfmSupportBuildWarnings>true</SuppressTfmSupportBuildWarnings> in the project file to ignore this warning and attempt to run in this unsupported configuration at your own risk. [E:\VS2022\WPF\DoorMonitorSystem\DoorMonitorSystem.csproj]
  Base -> E:\VS2022\WPF\Base\bin\Debug\net6.0-windows\Base.dll
  Communicationlib -> E:\VS2022\WPF\Communicationlib\bin\Debug\net6.0-windows\Communicationlib.dll
  ControlLibrary -> E:\VS2022\WPF\ControlLibrary\bin\Debug\net6.0-windows\ControlLibrary.dll
C:\Users\Administrator\.nuget\packages\system.text.encodings.web\9.0.0\buildTransitive\netcoreapp2.0\System.Text.Encodings.Web.targets(4,5): warning : System.Text.Encodings.Web 9.0.0 doesn't support net6.0-windows and has not been tested with it. Consider upgrading your TargetFramework to net8.0 or later. You may also set <SuppressTfmSupportBuildWarnings>true</SuppressTfmSupportBuildWarnings> in the project file to ignore this warning and attempt to run in this unsupported configuration at your own risk. [E:\VS2022\WPF\DoorMonitorSystem\DoorMonitorSystem_3ftk1r5q_wpftmp.csproj]
C:\Users\Administrator\.nuget\packages\system.io.pipelines\9.0.0\buildTransitive\netcoreapp2.0\System.IO.Pipelines.targets(4,5): warning : System.IO.Pipelines 9.0.0 doesn't support net6.0-windows and has not been tested with it. Consider upgrading your TargetFramework to net8.0 or later. You may also set <SuppressTfmSupportBuildWarnings>true</SuppressTfmSupportBuildWarnings> in the project file to ignore this warning and attempt to run in this unsupported configuration at your own risk. [E:\VS2022\WPF\DoorMonitorSystem\DoorMonitorSystem_3ftk1r5q_wpftmp.csproj]
C:\Users\Administrator\.nuget\packages\system.text.json\9.0.0\buildTransitive\netcoreapp2.0\System.Text.Json.targets(4,5): warning : System.Text.Json 9.0.0 doesn't support net6.0-windows and has not been tested with it. Consider upgrading your TargetFramework to net8.0 or later. You may also set <SuppressTfmSupportBuildWarnings>true</SuppressTfmSupportBuildWarnings> in the project file to ignore this warning and attempt to run in this unsupported configuration at your own risk. [E:\VS2022\WPF\DoorMonitorSystem\DoorMonitorSystem_3ftk1r5q_wpftmp.csproj]
E:\VS2022\WPF\DoorMonitorSystem\ViewModels\StationParameterViewModel.cs(145,181): warning CS8625: 鏃犳硶灏?null 瀛楅潰閲忚浆鎹负闈?null 鐨勫紩鐢ㄧ被鍨嬨€?[E:\VS2022\WPF\DoorMonitorSystem\DoorMonitorSystem_3ftk1r5q_wpftmp.csproj]
E:\VS2022\WPF\DoorMonitorSystem\Assets\Services\DeviceCommunicationService.cs(166,93): warning CS8625: 鏃犳硶灏?null 瀛楅潰閲忚浆鎹负闈?null 鐨勫紩鐢ㄧ被鍨嬨€?[E:\VS2022\WPF\DoorMonitorSystem\DoorMonitorSystem_3ftk1r5q_wpftmp.csproj]
E:\VS2022\WPF\DoorMonitorSystem\Models\Ui\SupportModels.cs(11,23): warning CS8618: 鍦ㄩ€€鍑烘瀯閫犲嚱鏁版椂锛屼笉鍙负 null 鐨?灞炴€?"Name" 蹇呴』鍖呭惈闈?null 鍊笺€傝鑰冭檻娣诲姞 "required" 淇グ绗︽垨灏嗚 灞炴€?澹版槑涓哄彲涓?null銆?[E:\VS2022\WPF\DoorMonitorSystem\DoorMonitorSystem_3ftk1r5q_wpftmp.csproj]
E:\VS2022\WPF\DoorMonitorSystem\Models\Ui\SelectorNode.cs(8,23): warning CS8618: 鍦ㄩ€€鍑烘瀯閫犲嚱鏁版椂锛屼笉鍙负 null 鐨?灞炴€?"Name" 蹇呴』鍖呭惈闈?null 鍊笺€傝鑰冭檻娣诲姞 "required" 淇グ绗︽垨灏嗚 灞炴€?澹版槑涓哄彲涓?null銆?[E:\VS2022\WPF\DoorMonitorSystem\DoorMonitorSystem_3ftk1r5q_wpftmp.csproj]
E:\VS2022\WPF\DoorMonitorSystem\Models\Ui\SelectorNode.cs(9,23): warning CS8618: 鍦ㄩ€€鍑烘瀯閫犲嚱鏁版椂锛屼笉鍙负 null 鐨?灞炴€?"ParentName" 蹇呴』鍖呭惈闈?null 鍊笺€傝鑰冭檻娣诲姞 "required" 淇グ绗︽垨灏嗚 灞炴€?澹版槑涓哄彲涓?null銆?[E:\VS2022\WPF\DoorMonitorSystem\DoorMonitorSystem_3ftk1r5q_wpftmp.csproj]
E:\VS2022\WPF\DoorMonitorSystem\Models\Ui\SelectorNode.cs(10,23): warning CS8618: 鍦ㄩ€€鍑烘瀯閫犲嚱鏁版椂锛屼笉鍙负 null 鐨?灞炴€?"FullDescription" 蹇呴』鍖呭惈闈?null 鍊笺€傝鑰冭檻娣诲姞 "required" 淇グ绗︽垨灏嗚 灞炴€?澹版槑涓哄彲涓?null銆?[E:\VS2022\WPF\DoorMonitorSystem\DoorMonitorSystem_3ftk1r5q_wpftmp.csproj]
E:\VS2022\WPF\DoorMonitorSystem\Models\Ui\SelectorNode.cs(11,23): warning CS8618: 鍦ㄩ€€鍑烘瀯閫犲嚱鏁版椂锛屼笉鍙负 null 鐨?灞炴€?"NodeType" 蹇呴』鍖呭惈闈?null 鍊笺€傝鑰冭檻娣诲姞 "required" 淇グ绗︽垨灏嗚 灞炴€?澹版槑涓哄彲涓?null銆?[E:\VS2022\WPF\DoorMonitorSystem\DoorMonitorSystem_3ftk1r5q_wpftmp.csproj]
E:\VS2022\WPF\DoorMonitorSystem\Models\Ui\SelectorNode.cs(12,23): warning CS8618: 鍦ㄩ€€鍑烘瀯閫犲嚱鏁版椂锛屼笉鍙负 null 鐨?灞炴€?"KeyId" 蹇呴』鍖呭惈闈?null 鍊笺€傝鑰冭檻娣诲姞 "required" 淇グ绗︽垨灏嗚 灞炴€?澹版槑涓哄彲涓?null銆?[E:\VS2022\WPF\DoorMonitorSystem\DoorMonitorSystem_3ftk1r5q_wpftmp.csproj]
E:\VS2022\WPF\DoorMonitorSystem\Models\Ui\SelectorNode.cs(13,23): warning CS8618: 鍦ㄩ€€鍑烘瀯閫犲嚱鏁版椂锛屼笉鍙负 null 鐨?灞炴€?"BitConfigKeyId" 蹇呴』鍖呭惈闈?null 鍊笺€傝鑰冭檻娣诲姞 "required" 淇グ绗︽垨灏嗚 灞炴€?澹版槑涓哄彲涓?null銆?[E:\VS2022\WPF\DoorMonitorSystem\DoorMonitorSystem_3ftk1r5q_wpftmp.csproj]
E:\VS2022\WPF\DoorMonitorSystem\Models\Ui\SelectorNode.cs(14,23): warning CS8618: 鍦ㄩ€€鍑烘瀯閫犲嚱鏁版椂锛屼笉鍙负 null 鐨?灞炴€?"BindingKey" 蹇呴』鍖呭惈闈?null 鍊笺€傝鑰冭檻娣诲姞 "required" 淇グ绗︽垨灏嗚 灞炴€?澹版槑涓哄彲涓?null銆?[E:\VS2022\WPF\DoorMonitorSystem\DoorMonitorSystem_3ftk1r5q_wpftmp.csproj]
E:\VS2022\WPF\DoorMonitorSystem\Models\Ui\SelectorNode.cs(15,23): warning CS8618: 鍦ㄩ€€鍑烘瀯閫犲嚱鏁版椂锛屼笉鍙负 null 鐨?灞炴€?"BindingRole" 蹇呴』鍖呭惈闈?null 鍊笺€傝鑰冭檻娣诲姞 "required" 淇グ绗︽垨灏嗚 灞炴€?澹版槑涓哄彲涓?null銆?[E:\VS2022\WPF\DoorMonitorSystem\DoorMonitorSystem_3ftk1r5q_wpftmp.csproj]
E:\VS2022\WPF\DoorMonitorSystem\Models\Ui\AddressConfigItem.cs(8,24): warning CS8618: 鍦ㄩ€€鍑烘瀯閫犲嚱鏁版椂锛屼笉鍙负 null 鐨?瀛楁 "_name" 蹇呴』鍖呭惈闈?null 鍊笺€傝鑰冭檻娣诲姞 "required" 淇グ绗︽垨灏嗚 瀛楁 澹版槑涓哄彲涓?null銆?[E:\VS2022\WPF\DoorMonitorSystem\DoorMonitorSystem_3ftk1r5q_wpftmp.csproj]
E:\VS2022\WPF\DoorMonitorSystem\Models\Ui\AddressConfigItem.cs(29,23): warning CS8618: 鍦ㄩ€€鍑烘瀯閫犲嚱鏁版椂锛屼笉鍙负 null 鐨?灞炴€?"Type" 蹇呴』鍖呭惈闈?null 鍊笺€傝鑰冭檻娣诲姞 "required" 淇グ绗︽垨灏嗚 灞炴€?澹版槑涓哄彲涓?null銆?[E:\VS2022\WPF\DoorMonitorSystem\DoorMonitorSystem_3ftk1r5q_wpftmp.csproj]
E:\VS2022\WPF\DoorMonitorSystem\Models\system\SysSettingsEntity.cs(23,23): warning CS8618: 鍦ㄩ€€鍑烘瀯閫犲嚱鏁版椂锛屼笉鍙负 null 鐨?灞炴€?"SettingKey" 蹇呴』鍖呭惈闈?null 鍊笺€傝鑰冭檻娣诲姞 "required" 淇グ绗︽垨灏嗚 灞炴€?澹版槑涓哄彲涓?null銆?[E:\VS2022\WPF\DoorMonitorSystem\DoorMonitorSystem_3ftk1r5q_wpftmp.csproj]
E:\VS2022\WPF\DoorMonitorSystem\Models\system\SysSettingsEntity.cs(28,23): warning CS8618: 鍦ㄩ€€鍑烘瀯閫犲嚱鏁版椂锛屼笉鍙负 null 鐨?灞炴€?"SettingValue" 蹇呴』鍖呭惈闈?null 鍊笺€傝鑰冭檻娣诲姞 "required" 淇グ绗︽垨灏嗚 灞炴€?澹版槑涓哄彲涓?null銆?[E:\VS2022\WPF\DoorMonitorSystem\DoorMonitorSystem_3ftk1r5q_wpftmp.csproj]
E:\VS2022\WPF\DoorMonitorSystem\Models\system\SysSettingsEntity.cs(33,23): warning CS8618: 鍦ㄩ€€鍑烘瀯閫犲嚱鏁版椂锛屼笉鍙负 null 鐨?灞炴€?"Category" 蹇呴』鍖呭惈闈?null 鍊笺€傝鑰冭檻娣诲姞 "required" 淇グ绗︽垨灏嗚 灞炴€?澹版槑涓哄彲涓?null銆?[E:\VS2022\WPF\DoorMonitorSystem\DoorMonitorSystem_3ftk1r5q_wpftmp.csproj]
E:\VS2022\WPF\DoorMonitorSystem\Models\system\SysSettingsEntity.cs(38,23): warning CS8618: 鍦ㄩ€€鍑烘瀯閫犲嚱鏁版椂锛屼笉鍙负 null 鐨?灞炴€?"Description" 蹇呴』鍖呭惈闈?null 鍊笺€傝鑰冭檻娣诲姞 "required" 淇グ绗︽垨灏嗚 灞炴€?澹版槑涓哄彲涓?null銆?[E:\VS2022\WPF\DoorMonitorSystem\DoorMonitorSystem_3ftk1r5q_wpftmp.csproj]
E:\VS2022\WPF\DoorMonitorSystem\Models\system\SysGraphicEntities.cs(41,23): warning CS8618: 鍦ㄩ€€鍑烘瀯閫犲嚱鏁版椂锛屼笉鍙负 null 鐨?灞炴€?"PathData" 蹇呴』鍖呭惈闈?null 鍊笺€傝鑰冭檻娣诲姞 "required" 淇グ绗︽垨灏嗚 灞炴€?澹版槑涓哄彲涓?null銆?[E:\VS2022\WPF\DoorMonitorSystem\DoorMonitorSystem_3ftk1r5q_wpftmp.csproj]
E:\VS2022\WPF\DoorMonitorSystem\Models\system\SysGraphicEntities.cs(46,23): warning CS8618: 鍦ㄩ€€鍑烘瀯閫犲嚱鏁版椂锛屼笉鍙负 null 鐨?灞炴€?"FillColor" 蹇呴』鍖呭惈闈?null 鍊笺€傝鑰冭檻娣诲姞 "required" 淇グ绗︽垨灏嗚 灞炴€?澹版槑涓哄彲涓?null銆?[E:\VS2022\WPF\DoorMonitorSystem\DoorMonitorSystem_3ftk1r5q_wpftmp.csproj]
E:\VS2022\WPF\DoorMonitorSystem\Models\system\SysGraphicEntities.cs(51,23): warning CS8618: 鍦ㄩ€€鍑烘瀯閫犲嚱鏁版椂锛屼笉鍙负 null 鐨?灞炴€?"StrokeColor" 蹇呴』鍖呭惈闈?null 鍊笺€傝鑰冭檻娣诲姞 "required" 淇グ绗︽垨灏嗚 灞炴€?澹版槑涓哄彲涓?null銆?[E:\VS2022\WPF\DoorMonitorSystem\DoorMonitorSystem_3ftk1r5q_wpftmp.csproj]
E:\VS2022\WPF\DoorMonitorSystem\Models\system\SysGraphicEntities.cs(21,23): warning CS8618: 鍦ㄩ€€鍑烘瀯閫犲嚱鏁版椂锛屼笉鍙负 null 鐨?灞炴€?"GroupName" 蹇呴』鍖呭惈闈?null 鍊笺€傝鑰冭檻娣诲姞 "required" 淇グ绗︽垨灏嗚 灞炴€?澹版槑涓哄彲涓?null銆?[E:\VS2022\WPF\DoorMonitorSystem\DoorMonitorSystem_3ftk1r5q_wpftmp.csproj]
E:\VS2022\WPF\DoorMonitorSystem\Models\system\SysDeviceEntities.cs(63,23): warning CS8618: 鍦ㄩ€€鍑烘瀯閫犲嚱鏁版椂锛屼笉鍙负 null 鐨?灞炴€?"ParamName" 蹇呴』鍖呭惈闈?null 鍊笺€傝鑰冭檻娣诲姞 "required" 淇グ绗︽垨灏嗚 灞炴€?澹版槑涓哄彲涓?null銆?[E:\VS2022\WPF\DoorMonitorSystem\DoorMonitorSystem_3ftk1r5q_wpftmp.csproj]
E:\VS2022\WPF\DoorMonitorSystem\Models\system\SysDeviceEntities.cs(68,23): warning CS8618: 鍦ㄩ€€鍑烘瀯閫犲嚱鏁版椂锛屼笉鍙负 null 鐨?灞炴€?"ParamValue" 蹇呴』鍖呭惈闈?null 鍊笺€傝鑰冭檻娣诲姞 "required" 淇グ绗︽垨灏嗚 灞炴€?澹版槑涓哄彲涓?null銆?[E:\VS2022\WPF\DoorMonitorSystem\DoorMonitorSystem_3ftk1r5q_wpftmp.csproj]
E:\VS2022\WPF\DoorMonitorSystem\Models\system\SysDeviceEntities.cs(28,23): warning CS8618: 鍦ㄩ€€鍑烘瀯閫犲嚱鏁版椂锛屼笉鍙负 null 鐨?灞炴€?"Name" 蹇呴』鍖呭惈闈?null 鍊笺€傝鑰冭檻娣诲姞 "required" 淇グ绗︽垨灏嗚 灞炴€?澹版槑涓哄彲涓?null銆?[E:\VS2022\WPF\DoorMonitorSystem\DoorMonitorSystem_3ftk1r5q_wpftmp.csproj]
E:\VS2022\WPF\DoorMonitorSystem\Models\system\SysDeviceEntities.cs(33,23): warning CS8618: 鍦ㄩ€€鍑烘瀯閫犲嚱鏁版椂锛屼笉鍙负 null 鐨?灞炴€?"Protocol" 蹇呴』鍖呭惈闈?null 鍊笺€傝鑰冭檻娣诲姞 "required" 淇グ绗︽垨灏嗚 灞炴€?澹版槑涓哄彲涓?null銆?[E:\VS2022\WPF\DoorMonitorSystem\DoorMonitorSystem_3ftk1r5q_wpftmp.csproj]
E:\VS2022\WPF\DoorMonitorSystem\Models\system\SysDeviceEntities.cs(43,23): warning CS8618: 鍦ㄩ€€鍑烘瀯閫犲嚱鏁版椂锛屼笉鍙负 null 鐨?灞炴€?"Description" 蹇呴』鍖呭惈闈?null 鍊笺€傝鑰冭檻娣诲姞 "required" 淇グ绗︽垨灏嗚 灞炴€?澹版槑涓哄彲涓?null銆?[E:\VS2022\WPF\DoorMonitorSystem\DoorMonitorSystem_3ftk1r5q_wpftmp.csproj]
E:\VS2022\WPF\DoorMonitorSystem\UControl\InputDialog.xaml.cs(30,16): warning CS8618: 鍦ㄩ€€鍑烘瀯閫犲嚱鏁版椂锛屼笉鍙负 null 鐨?灞炴€?"InputText" 蹇呴』鍖呭惈闈?null 鍊笺€傝鑰冭檻娣诲姞 "required" 淇グ绗︽垨灏嗚 灞炴€?澹版槑涓哄彲涓?null銆?[E:\VS2022\WPF\DoorMonitorSystem\DoorMonitorSystem_3ftk1r5q_wpftmp.csproj]
E:\VS2022\WPF\DoorMonitorSystem\Models\RunModels\StationMainGroup.cs(15,23): warning CS8618: 鍦ㄩ€€鍑烘瀯閫犲嚱鏁版椂锛屼笉鍙负 null 鐨?灞炴€?"KeyId" 蹇呴』鍖呭惈闈?null 鍊笺€傝鑰冭檻娣诲姞 "required" 淇グ绗︽垨灏嗚 灞炴€?澹版槑涓哄彲涓?null銆?[E:\VS2022\WPF\DoorMonitorSystem\DoorMonitorSystem_3ftk1r5q_wpftmp.csproj]
E:\VS2022\WPF\DoorMonitorSystem\Models\RunModels\ParameterModels.cs(83,23): warning CS8618: 鍦ㄩ€€鍑烘瀯閫犲嚱鏁版椂锛屼笉鍙负 null 鐨?灞炴€?"DisplayName" 蹇呴』鍖呭惈闈?null 鍊笺€傝鑰冭檻娣诲姞 "required" 淇グ绗︽垨灏嗚 灞炴€?澹版槑涓哄彲涓?null銆?[E:\VS2022\WPF\DoorMonitorSystem\DoorMonitorSystem_3ftk1r5q_wpftmp.csproj]
E:\VS2022\WPF\DoorMonitorSystem\Models\RunModels\ParameterModels.cs(12,24): warning CS8618: 鍦ㄩ€€鍑烘瀯閫犲嚱鏁版椂锛屼笉鍙负 null 鐨?瀛楁 "_label" 蹇呴』鍖呭惈闈?null 鍊笺€傝鑰冭檻娣诲姞 "required" 淇グ绗︽垨灏嗚 瀛楁 澹版槑涓哄彲涓?null銆?[E:\VS2022\WPF\DoorMonitorSystem\DoorMonitorSystem_3ftk1r5q_wpftmp.csproj]
E:\VS2022\WPF\DoorMonitorSystem\Models\RunModels\ParameterModels.cs(35,24): warning CS8618: 鍦ㄩ€€鍑烘瀯閫犲嚱鏁版椂锛屼笉鍙负 null 鐨?瀛楁 "_unit" 蹇呴』鍖呭惈闈?null 鍊笺€傝鑰冭檻娣诲姞 "required" 淇グ绗︽垨灏嗚 瀛楁 澹版槑涓哄彲涓?null銆?[E:\VS2022\WPF\DoorMonitorSystem\DoorMonitorSystem_3ftk1r5q_wpftmp.csproj]
E:\VS2022\WPF\DoorMonitorSystem\Models\RunModels\ParameterModels.cs(42,24): warning CS8618: 鍦ㄩ€€鍑烘瀯閫犲嚱鏁版椂锛屼笉鍙负 null 鐨?瀛楁 "_hint" 蹇呴』鍖呭惈闈?null 鍊笺€傝鑰冭檻娣诲姞 "required" 淇グ绗︽垨灏嗚 瀛楁 澹版槑涓哄彲涓?null銆?[E:\VS2022\WPF\DoorMonitorSystem\DoorMonitorSystem_3ftk1r5q_wpftmp.csproj]
E:\VS2022\WPF\DoorMonitorSystem\Models\RunModels\ParameterModels.cs(50,23): warning CS8618: 鍦ㄩ€€鍑烘瀯閫犲嚱鏁版椂锛屼笉鍙负 null 鐨?灞炴€?"BindingKey" 蹇呴』鍖呭惈闈?null 鍊笺€傝鑰冭檻娣诲姞 "required" 淇グ绗︽垨灏嗚 灞炴€?澹版槑涓哄彲涓?null銆?[E:\VS2022\WPF\DoorMonitorSystem\DoorMonitorSystem_3ftk1r5q_wpftmp.csproj]
E:\VS2022\WPF\DoorMonitorSystem\Models\RunModels\ParameterModels.cs(53,23): warning CS8618: 鍦ㄩ€€鍑烘瀯閫犲嚱鏁版椂锛屼笉鍙负 null 鐨?灞炴€?"DataType" 蹇呴』鍖呭惈闈?null 鍊笺€傝鑰冭檻娣诲姞 "required" 淇グ绗︽垨灏嗚 灞炴€?澹版槑涓哄彲涓?null銆?[E:\VS2022\WPF\DoorMonitorSystem\DoorMonitorSystem_3ftk1r5q_wpftmp.csproj]
E:\VS2022\WPF\DoorMonitorSystem\Models\RunModels\ParameterModels.cs(66,24): warning CS8618: 鍦ㄩ€€鍑烘瀯閫犲嚱鏁版椂锛屼笉鍙负 null 鐨?瀛楁 "_debugInfo" 蹇呴』鍖呭惈闈?null 鍊笺€傝鑰冭檻娣诲姞 "required" 淇グ绗︽垨灏嗚 瀛楁 澹版槑涓哄彲涓?null銆?[E:\VS2022\WPF\DoorMonitorSystem\DoorMonitorSystem_3ftk1r5q_wpftmp.csproj]
E:\VS2022\WPF\DoorMonitorSystem\Models\RunModels\PanelModel.cs(17,23): warning CS8618: 鍦ㄩ€€鍑烘瀯閫犲嚱鏁版椂锛屼笉鍙负 null 鐨?灞炴€?"KeyId" 蹇呴』鍖呭惈闈?null 鍊笺€傝鑰冭檻娣诲姞 "required" 淇グ绗︽垨灏嗚 灞炴€?澹版槑涓哄彲涓?null銆?[E:\VS2022\WPF\DoorMonitorSystem\DoorMonitorSystem_3ftk1r5q_wpftmp.csproj]
E:\VS2022\WPF\DoorMonitorSystem\Models\RunModels\PanelGroup.cs(15,23): warning CS8618: 鍦ㄩ€€鍑烘瀯閫犲嚱鏁版椂锛屼笉鍙负 null 鐨?灞炴€?"KeyId" 蹇呴』鍖呭惈闈?null 鍊笺€傝鑰冭檻娣诲姞 "required" 淇グ绗︽垨灏嗚 灞炴€?澹版槑涓哄彲涓?null銆?[E:\VS2022\WPF\DoorMonitorSystem\DoorMonitorSystem_3ftk1r5q_wpftmp.csproj]
E:\VS2022\WPF\DoorMonitorSystem\Models\RunModels\PanelBitConfig.cs(15,23): warning CS8618: 鍦ㄩ€€鍑烘瀯閫犲嚱鏁版椂锛屼笉鍙负 null 鐨?灞炴€?"KeyId" 蹇呴』鍖呭惈闈?null 鍊笺€傝鑰冭檻娣诲姞 "required" 淇グ绗︽垨灏嗚 灞炴€?澹版槑涓哄彲涓?null銆?[E:\VS2022\WPF\DoorMonitorSystem\DoorMonitorSystem_3ftk1r5q_wpftmp.csproj]
E:\VS2022\WPF\DoorMonitorSystem\Assets\Services\TimeSyncManager.cs(191,57): warning CS8625: 鏃犳硶灏?null 瀛楅潰閲忚浆鎹负闈?null 鐨勫紩鐢ㄧ被鍨嬨€?[E:\VS2022\WPF\DoorMonitorSystem\DoorMonitorSystem_3ftk1r5q_wpftmp.csproj]
E:\VS2022\WPF\DoorMonitorSystem\Models\RunModels\DoorModel.cs(19,23): warning CS8618: 鍦ㄩ€€鍑烘瀯閫犲嚱鏁版椂锛屼笉鍙负 null 鐨?灞炴€?"KeyId" 蹇呴』鍖呭惈闈?null 鍊笺€傝鑰冭檻娣诲姞 "required" 淇グ绗︽垨灏嗚 灞炴€?澹版槑涓哄彲涓?null銆?[E:\VS2022\WPF\DoorMonitorSystem\DoorMonitorSystem_3ftk1r5q_wpftmp.csproj]
E:\VS2022\WPF\DoorMonitorSystem\Models\RunModels\DoorGroup.cs(15,23): warning CS8618: 鍦ㄩ€€鍑烘瀯閫犲嚱鏁版椂锛屼笉鍙负 null 鐨?灞炴€?"KeyId" 蹇呴』鍖呭惈闈?null 鍊笺€傝鑰冭檻娣诲姞 "required" 淇グ绗︽垨灏嗚 灞炴€?澹版槑涓哄彲涓?null銆?[E:\VS2022\WPF\DoorMonitorSystem\DoorMonitorSystem_3ftk1r5q_wpftmp.csproj]
E:\VS2022\WPF\DoorMonitorSystem\UControl\DateTimePicker.xaml.cs(146,39): warning CS8600: 灏?null 鏂囨湰鎴栧彲鑳界殑 null 鍊艰浆鎹负涓嶅彲涓?null 绫诲瀷銆?[E:\VS2022\WPF\DoorMonitorSystem\DoorMonitorSystem_3ftk1r5q_wpftmp.csproj]
E:\VS2022\WPF\DoorMonitorSystem\Models\ConfigEntity\StationEntity.cs(30,23): warning CS8618: 鍦ㄩ€€鍑烘瀯閫犲嚱鏁版椂锛屼笉鍙负 null 鐨?灞炴€?"KeyId" 蹇呴』鍖呭惈闈?null 鍊笺€傝鑰冭檻娣诲姞 "required" 淇グ绗︽垨灏嗚 灞炴€?澹版槑涓哄彲涓?null銆?[E:\VS2022\WPF\DoorMonitorSystem\DoorMonitorSystem_3ftk1r5q_wpftmp.csproj]
E:\VS2022\WPF\DoorMonitorSystem\Models\ConfigEntity\ParameterEntity.cs(53,23): warning CS8618: 鍦ㄩ€€鍑烘瀯閫犲嚱鏁版椂锛屼笉鍙负 null 鐨?灞炴€?"BindingKey" 蹇呴』鍖呭惈闈?null 鍊笺€傝鑰冭檻娣诲姞 "required" 淇グ绗︽垨灏嗚 灞炴€?澹版槑涓哄彲涓?null銆?[E:\VS2022\WPF\DoorMonitorSystem\DoorMonitorSystem_3ftk1r5q_wpftmp.csproj]
E:\VS2022\WPF\DoorMonitorSystem\Models\ConfigEntity\Group\PanelTypeEntity.cs(16,23): warning CS8618: 鍦ㄩ€€鍑烘瀯閫犲嚱鏁版椂锛屼笉鍙负 null 鐨?灞炴€?"KeyId" 蹇呴』鍖呭惈闈?null 鍊笺€傝鑰冭檻娣诲姞 "required" 淇グ绗︽垨灏嗚 灞炴€?澹版槑涓哄彲涓?null銆?[E:\VS2022\WPF\DoorMonitorSystem\DoorMonitorSystem_3ftk1r5q_wpftmp.csproj]
E:\VS2022\WPF\DoorMonitorSystem\Models\ConfigEntity\Group\PanelGroupEntity.cs(23,23): warning CS8618: 鍦ㄩ€€鍑烘瀯閫犲嚱鏁版椂锛屼笉鍙负 null 鐨?灞炴€?"KeyId" 蹇呴』鍖呭惈闈?null 鍊笺€傝鑰冭檻娣诲姞 "required" 淇グ绗︽垨灏嗚 灞炴€?澹版槑涓哄彲涓?null銆?[E:\VS2022\WPF\DoorMonitorSystem\DoorMonitorSystem_3ftk1r5q_wpftmp.csproj]
E:\VS2022\WPF\DoorMonitorSystem\Models\ConfigEntity\Group\PanelGroupEntity.cs(27,23): warning CS8618: 鍦ㄩ€€鍑烘瀯閫犲嚱鏁版椂锛屼笉鍙负 null 鐨?灞炴€?"StationKeyId" 蹇呴』鍖呭惈闈?null 鍊笺€傝鑰冭檻娣诲姞 "required" 淇グ绗︽垨灏嗚 灞炴€?澹版槑涓哄彲涓?null銆?[E:\VS2022\WPF\DoorMonitorSystem\DoorMonitorSystem_3ftk1r5q_wpftmp.csproj]
E:\VS2022\WPF\DoorMonitorSystem\Models\ConfigEntity\Group\PanelEntity.cs(32,23): warning CS8618: 鍦ㄩ€€鍑烘瀯閫犲嚱鏁版椂锛屼笉鍙负 null 鐨?灞炴€?"PanelTypeKeyId" 蹇呴』鍖呭惈闈?null 鍊笺€傝鑰冭檻娣诲姞 "required" 淇グ绗︽垨灏嗚 灞炴€?澹版槑涓哄彲涓?null銆?[E:\VS2022\WPF\DoorMonitorSystem\DoorMonitorSystem_3ftk1r5q_wpftmp.csproj]
E:\VS2022\WPF\DoorMonitorSystem\Models\ConfigEntity\Group\PanelEntity.cs(42,23): warning CS8618: 鍦ㄩ€€鍑烘瀯閫犲嚱鏁版椂锛屼笉鍙负 null 鐨?灞炴€?"KeyId" 蹇呴』鍖呭惈闈?null 鍊笺€傝鑰冭檻娣诲姞 "required" 淇グ绗︽垨灏嗚 灞炴€?澹版槑涓哄彲涓?null銆?[E:\VS2022\WPF\DoorMonitorSystem\DoorMonitorSystem_3ftk1r5q_wpftmp.csproj]
E:\VS2022\WPF\DoorMonitorSystem\Models\ConfigEntity\Group\PanelEntity.cs(46,23): warning CS8618: 鍦ㄩ€€鍑烘瀯閫犲嚱鏁版椂锛屼笉鍙负 null 鐨?灞炴€?"ParentKeyId" 蹇呴』鍖呭惈闈?null 鍊笺€傝鑰冭檻娣诲姞 "required" 淇グ绗︽垨灏嗚 灞炴€?澹版槑涓哄彲涓?null銆?[E:\VS2022\WPF\DoorMonitorSystem\DoorMonitorSystem_3ftk1r5q_wpftmp.csproj]
E:\VS2022\WPF\DoorMonitorSystem\Models\ConfigEntity\Group\PanelBitConfigEntity.cs(16,23): warning CS8618: 鍦ㄩ€€鍑烘瀯閫犲嚱鏁版椂锛屼笉鍙负 null 鐨?灞炴€?"KeyId" 蹇呴』鍖呭惈闈?null 鍊笺€傝鑰冭檻娣诲姞 "required" 淇グ绗︽垨灏嗚 灞炴€?澹版槑涓哄彲涓?null銆?[E:\VS2022\WPF\DoorMonitorSystem\DoorMonitorSystem_3ftk1r5q_wpftmp.csproj]
E:\VS2022\WPF\DoorMonitorSystem\Models\ConfigEntity\Group\PanelBitConfigEntity.cs(20,23): warning CS8618: 鍦ㄩ€€鍑烘瀯閫犲嚱鏁版椂锛屼笉鍙负 null 鐨?灞炴€?"PanelKeyId" 蹇呴』鍖呭惈闈?null 鍊笺€傝鑰冭檻娣诲姞 "required" 淇グ绗︽垨灏嗚 灞炴€?澹版槑涓哄彲涓?null銆?[E:\VS2022\WPF\DoorMonitorSystem\DoorMonitorSystem_3ftk1r5q_wpftmp.csproj]
E:\VS2022\WPF\DoorMonitorSystem\Models\ConfigEntity\Door\DoorTypeEntity.cs(16,23): warning CS8618: 鍦ㄩ€€鍑烘瀯閫犲嚱鏁版椂锛屼笉鍙负 null 鐨?灞炴€?"KeyId" 蹇呴』鍖呭惈闈?null 鍊笺€傝鑰冭檻娣诲姞 "required" 淇グ绗︽垨灏嗚 灞炴€?澹版槑涓哄彲涓?null銆?[E:\VS2022\WPF\DoorMonitorSystem\DoorMonitorSystem_3ftk1r5q_wpftmp.csproj]
E:\VS2022\WPF\DoorMonitorSystem\Models\RunModels\DoorBitConfig.cs(19,23): warning CS8618: 鍦ㄩ€€鍑烘瀯閫犲嚱鏁版椂锛屼笉鍙负 null 鐨?灞炴€?"KeyId" 蹇呴』鍖呭惈闈?null 鍊笺€傝鑰冭檻娣诲姞 "required" 淇グ绗︽垨灏嗚 灞炴€?澹版槑涓哄彲涓?null銆?[E:\VS2022\WPF\DoorMonitorSystem\DoorMonitorSystem_3ftk1r5q_wpftmp.csproj]
E:\VS2022\WPF\DoorMonitorSystem\Models\ConfigEntity\Door\DoorEntity.cs(30,23): warning CS8618: 鍦ㄩ€€鍑烘瀯閫犲嚱鏁版椂锛屼笉鍙负 null 鐨?灞炴€?"DoorTypeKeyId" 蹇呴』鍖呭惈闈?null 鍊笺€傝鑰冭檻娣诲姞 "required" 淇グ绗︽垨灏嗚 灞炴€?澹版槑涓哄彲涓?null銆?[E:\VS2022\WPF\DoorMonitorSystem\DoorMonitorSystem_3ftk1r5q_wpftmp.csproj]
E:\VS2022\WPF\DoorMonitorSystem\Models\ConfigEntity\Door\DoorEntity.cs(34,23): warning CS8618: 鍦ㄩ€€鍑烘瀯閫犲嚱鏁版椂锛屼笉鍙负 null 鐨?灞炴€?"KeyId" 蹇呴』鍖呭惈闈?null 鍊笺€傝鑰冭檻娣诲姞 "required" 淇グ绗︽垨灏嗚 灞炴€?澹版槑涓哄彲涓?null銆?[E:\VS2022\WPF\DoorMonitorSystem\DoorMonitorSystem_3ftk1r5q_wpftmp.csproj]
E:\VS2022\WPF\DoorMonitorSystem\Models\ConfigEntity\Door\DoorEntity.cs(38,23): warning CS8618: 鍦ㄩ€€鍑烘瀯閫犲嚱鏁版椂锛屼笉鍙负 null 鐨?灞炴€?"ParentKeyId" 蹇呴』鍖呭惈闈?null 鍊笺€傝鑰冭檻娣诲姞 "required" 淇グ绗︽垨灏嗚 灞炴€?澹版槑涓哄彲涓?null銆?[E:\VS2022\WPF\DoorMonitorSystem\DoorMonitorSystem_3ftk1r5q_wpftmp.csproj]
E:\VS2022\WPF\DoorMonitorSystem\Models\ConfigEntity\Door\DoorBitConfigEntity.cs(16,23): warning CS8618: 鍦ㄩ€€鍑烘瀯閫犲嚱鏁版椂锛屼笉鍙负 null 鐨?灞炴€?"KeyId" 蹇呴』鍖呭惈闈?null 鍊笺€傝鑰冭檻娣诲姞 "required" 淇グ绗︽垨灏嗚 灞炴€?澹版槑涓哄彲涓?null銆?[E:\VS2022\WPF\DoorMonitorSystem\DoorMonitorSystem_3ftk1r5q_wpftmp.csproj]
E:\VS2022\WPF\DoorMonitorSystem\Models\ConfigEntity\Door\DoorBitConfigEntity.cs(20,23): warning CS8618: 鍦ㄩ€€鍑烘瀯閫犲嚱鏁版椂锛屼笉鍙负 null 鐨?灞炴€?"DoorTypeKeyId" 蹇呴』鍖呭惈闈?null 鍊笺€傝鑰冭檻娣诲姞 "required" 淇グ绗︽垨灏嗚 灞炴€?澹版槑涓哄彲涓?null銆?[E:\VS2022\WPF\DoorMonitorSystem\DoorMonitorSystem_3ftk1r5q_wpftmp.csproj]
E:\VS2022\WPF\DoorMonitorSystem\Models\ConfigEntity\DoorGroupEntity.cs(23,23): warning CS8618: 鍦ㄩ€€鍑烘瀯閫犲嚱鏁版椂锛屼笉鍙负 null 鐨?灞炴€?"KeyId" 蹇呴』鍖呭惈闈?null 鍊笺€傝鑰冭檻娣诲姞 "required" 淇グ绗︽垨灏嗚 灞炴€?澹版槑涓哄彲涓?null銆?[E:\VS2022\WPF\DoorMonitorSystem\DoorMonitorSystem_3ftk1r5q_wpftmp.csproj]
E:\VS2022\WPF\DoorMonitorSystem\Models\ConfigEntity\DoorGroupEntity.cs(27,23): warning CS8618: 鍦ㄩ€€鍑烘瀯閫犲嚱鏁版椂锛屼笉鍙负 null 鐨?灞炴€?"StationKeyId" 蹇呴』鍖呭惈闈?null 鍊笺€傝鑰冭檻娣诲姞 "required" 淇グ绗︽垨灏嗚 灞炴€?澹版槑涓哄彲涓?null銆?[E:\VS2022\WPF\DoorMonitorSystem\DoorMonitorSystem_3ftk1r5q_wpftmp.csproj]
E:\VS2022\WPF\DoorMonitorSystem\Models\Points\DevicePoint.cs(25,20): warning CS8603: 鍙兘杩斿洖 null 寮曠敤銆?[E:\VS2022\WPF\DoorMonitorSystem\DoorMonitorSystem_3ftk1r5q_wpftmp.csproj]
E:\VS2022\WPF\DoorMonitorSystem\ViewModels\ConfigItems\PanelConfigItem.cs(28,64): warning CS8604: 鈥渧oid PanelConfigItem.RemoveBit(PanelBitConfigEntity item)鈥濅腑鐨勫舰鍙傗€渋tem鈥濆彲鑳戒紶鍏?null 寮曠敤瀹炲弬銆?[E:\VS2022\WPF\DoorMonitorSystem\DoorMonitorSystem_3ftk1r5q_wpftmp.csproj]
E:\VS2022\WPF\DoorMonitorSystem\ViewModels\ConfigItems\PanelConfigItem.cs(36,83): warning CS8603: 鍙兘杩斿洖 null 寮曠敤銆?[E:\VS2022\WPF\DoorMonitorSystem\DoorMonitorSystem_3ftk1r5q_wpftmp.csproj]
E:\VS2022\WPF\DoorMonitorSystem\Models\ConfigEntity\DevicePointConfigEntity.cs(21,24): warning CS8618: 鍦ㄩ€€鍑烘瀯閫犲嚱鏁版椂锛屼笉鍙负 null 鐨?瀛楁 "_category" 蹇呴』鍖呭惈闈?null 鍊笺€傝鑰冭檻娣诲姞 "required" 淇グ绗︽垨灏嗚 瀛楁 澹版槑涓哄彲涓?null銆?[E:\VS2022\WPF\DoorMonitorSystem\DoorMonitorSystem_3ftk1r5q_wpftmp.csproj]
E:\VS2022\WPF\DoorMonitorSystem\Models\ConfigEntity\DevicePointConfigEntity.cs(38,24): warning CS8618: 鍦ㄩ€€鍑烘瀯閫犲嚱鏁版椂锛屼笉鍙负 null 鐨?瀛楁 "_uiBinding" 蹇呴』鍖呭惈闈?null 鍊笺€傝鑰冭檻娣诲姞 "required" 淇グ绗︽垨灏嗚 瀛楁 澹版槑涓哄彲涓?null銆?[E:\VS2022\WPF\DoorMonitorSystem\DoorMonitorSystem_3ftk1r5q_wpftmp.csproj]
E:\VS2022\WPF\DoorMonitorSystem\Models\ConfigEntity\DevicePointConfigEntity.cs(43,24): warning CS8618: 鍦ㄩ€€鍑烘瀯閫犲嚱鏁版椂锛屼笉鍙负 null 鐨?瀛楁 "_bindingRole" 蹇呴』鍖呭惈闈?null 鍊笺€傝鑰冭檻娣诲姞 "required" 淇グ绗︽垨灏嗚 瀛楁 澹版槑涓哄彲涓?null銆?[E:\VS2022\WPF\DoorMonitorSystem\DoorMonitorSystem_3ftk1r5q_wpftmp.csproj]
E:\VS2022\WPF\DoorMonitorSystem\Models\ConfigEntity\DevicePointConfigEntity.cs(70,24): warning CS8618: 鍦ㄩ€€鍑烘瀯閫犲嚱鏁版椂锛屼笉鍙负 null 鐨?瀛楁 "_targetKeyId" 蹇呴』鍖呭惈闈?null 鍊笺€傝鑰冭檻娣诲姞 "required" 淇グ绗︽垨灏嗚 瀛楁 澹版槑涓哄彲涓?null銆?[E:\VS2022\WPF\DoorMonitorSystem\DoorMonitorSystem_3ftk1r5q_wpftmp.csproj]
E:\VS2022\WPF\DoorMonitorSystem\Models\ConfigEntity\DevicePointConfigEntity.cs(75,24): warning CS8618: 鍦ㄩ€€鍑烘瀯閫犲嚱鏁版椂锛屼笉鍙负 null 鐨?瀛楁 "_targetBitConfigKeyId" 蹇呴』鍖呭惈闈?null 鍊笺€傝鑰冭檻娣诲姞 "required" 淇グ绗︽垨灏嗚 瀛楁 澹版槑涓哄彲涓?null銆?[E:\VS2022\WPF\DoorMonitorSystem\DoorMonitorSystem_3ftk1r5q_wpftmp.csproj]
E:\VS2022\WPF\DoorMonitorSystem\Models\ConfigEntity\DevicePointConfigEntity.cs(125,24): warning CS8618: 鍦ㄩ€€鍑烘瀯閫犲嚱鏁版椂锛屼笉鍙负 null 鐨?瀛楁 "_logMessage" 蹇呴』鍖呭惈闈?null 鍊笺€傝鑰冭檻娣诲姞 "required" 淇グ绗︽垨灏嗚 瀛楁 澹版槑涓哄彲涓?null銆?[E:\VS2022\WPF\DoorMonitorSystem\DoorMonitorSystem_3ftk1r5q_wpftmp.csproj]
E:\VS2022\WPF\DoorMonitorSystem\Models\ConfigEntity\DevicePointConfigEntity.cs(150,24): warning CS8618: 鍦ㄩ€€鍑烘瀯閫犲嚱鏁版椂锛屼笉鍙负 null 鐨?瀛楁 "_state0Desc" 蹇呴』鍖呭惈闈?null 鍊笺€傝鑰冭檻娣诲姞 "required" 淇グ绗︽垨灏嗚 瀛楁 澹版槑涓哄彲涓?null銆?[E:\VS2022\WPF\DoorMonitorSystem\DoorMonitorSystem_3ftk1r5q_wpftmp.csproj]
E:\VS2022\WPF\DoorMonitorSystem\Models\ConfigEntity\DevicePointConfigEntity.cs(155,24): warning CS8618: 鍦ㄩ€€鍑烘瀯閫犲嚱鏁版椂锛屼笉鍙负 null 鐨?瀛楁 "_state1Desc" 蹇呴』鍖呭惈闈?null 鍊笺€傝鑰冭檻娣诲姞 "required" 淇グ绗︽垨灏嗚 瀛楁 澹版槑涓哄彲涓?null銆?[E:\VS2022\WPF\DoorMonitorSystem\DoorMonitorSystem_3ftk1r5q_wpftmp.csproj]
E:\VS2022\WPF\DoorMonitorSystem\Models\ConfigEntity\DevicePointConfigEntity.cs(166,24): warning CS8618: 鍦ㄩ€€鍑烘瀯閫犲嚱鏁版椂锛屼笉鍙负 null 鐨?瀛楁 "_description" 蹇呴』鍖呭惈闈?null 鍊笺€傝鑰冭檻娣诲姞 "required" 淇グ绗︽垨灏嗚 瀛楁 澹版槑涓哄彲涓?null銆?[E:\VS2022\WPF\DoorMonitorSystem\DoorMonitorSystem_3ftk1r5q_wpftmp.csproj]
E:\VS2022\WPF\DoorMonitorSystem\Models\ConfigEntity\DevicePointConfigEntity.cs(174,24): warning CS8618: 鍦ㄩ€€鍑烘瀯閫犲嚱鏁版椂锛屼笉鍙负 null 鐨?瀛楁 "_targetObjName" 蹇呴』鍖呭惈闈?null 鍊笺€傝鑰冭檻娣诲姞 "required" 淇グ绗︽垨灏嗚 瀛楁 澹版槑涓哄彲涓?null銆?[E:\VS2022\WPF\DoorMonitorSystem\DoorMonitorSystem_3ftk1r5q_wpftmp.csproj]
E:\VS2022\WPF\DoorMonitorSystem\Models\ConfigEntity\DevicePointConfigEntity.cs(178,24): warning CS8618: 鍦ㄩ€€鍑烘瀯閫犲嚱鏁版椂锛屼笉鍙负 null 鐨?瀛楁 "_targetBitConfigName" 蹇呴』鍖呭惈闈?null 鍊笺€傝鑰冭檻娣诲姞 "required" 淇グ绗︽垨灏嗚 瀛楁 澹版槑涓哄彲涓?null銆?[E:\VS2022\WPF\DoorMonitorSystem\DoorMonitorSystem_3ftk1r5q_wpftmp.csproj]
E:\VS2022\WPF\DoorMonitorSystem\Models\ConfigEntity\DevicePointConfigEntity.cs(182,24): warning CS8618: 鍦ㄩ€€鍑烘瀯閫犲嚱鏁版椂锛屼笉鍙负 null 鐨?瀛楁 "_syncTargetDeviceName" 蹇呴』鍖呭惈闈?null 鍊笺€傝鑰冭檻娣诲姞 "required" 淇グ绗︽垨灏嗚 瀛楁 澹版槑涓哄彲涓?null銆?[E:\VS2022\WPF\DoorMonitorSystem\DoorMonitorSystem_3ftk1r5q_wpftmp.csproj]
E:\VS2022\WPF\DoorMonitorSystem\Views\DevvarlistView.xaml.cs(26,16): warning CS8618: 鍦ㄩ€€鍑烘瀯閫犲嚱鏁版椂锛屼笉鍙负 null 鐨?瀛楁 "_transform" 蹇呴』鍖呭惈闈?null 鍊笺€傝鑰冭檻娣诲姞 "required" 淇グ绗︽垨灏嗚 瀛楁 澹版槑涓哄彲涓?null銆?[E:\VS2022\WPF\DoorMonitorSystem\DoorMonitorSystem_3ftk1r5q_wpftmp.csproj]
E:\VS2022\WPF\DoorMonitorSystem\ViewModels\Devvarlist\DevvarlistViewModel.cs(238,38): warning CS8625: 鏃犳硶灏?null 瀛楅潰閲忚浆鎹负闈?null 鐨勫紩鐢ㄧ被鍨嬨€?[E:\VS2022\WPF\DoorMonitorSystem\DoorMonitorSystem_3ftk1r5q_wpftmp.csproj]
E:\VS2022\WPF\DoorMonitorSystem\ViewModels\Devvarlist\DevvarlistViewModel.cs(239,40): warning CS8625: 鏃犳硶灏?null 瀛楅潰閲忚浆鎹负闈?null 鐨勫紩鐢ㄧ被鍨嬨€?[E:\VS2022\WPF\DoorMonitorSystem\DoorMonitorSystem_3ftk1r5q_wpftmp.csproj]
E:\VS2022\WPF\DoorMonitorSystem\ViewModels\Devvarlist\DevvarlistViewModel.cs(240,49): warning CS8625: 鏃犳硶灏?null 瀛楅潰閲忚浆鎹负闈?null 鐨勫紩鐢ㄧ被鍨嬨€?[E:\VS2022\WPF\DoorMonitorSystem\DoorMonitorSystem_3ftk1r5q_wpftmp.csproj]
E:\VS2022\WPF\DoorMonitorSystem\ViewModels\Devvarlist\DevvarlistViewModel.cs(241,40): warning CS8625: 鏃犳硶灏?null 瀛楅潰閲忚浆鎹负闈?null 鐨勫紩鐢ㄧ被鍨嬨€?[E:\VS2022\WPF\DoorMonitorSystem\DoorMonitorSystem_3ftk1r5q_wpftmp.csproj]
E:\VS2022\WPF\DoorMonitorSystem\ViewModels\GraphicEditingViewModel.cs(27,23): warning CS8618: 鍦ㄩ€€鍑烘瀯閫犲嚱鏁版椂锛屼笉鍙负 null 鐨?灞炴€?"Name" 蹇呴』鍖呭惈闈?null 鍊笺€傝鑰冭檻娣诲姞 "required" 淇グ绗︽垨灏嗚 灞炴€?澹版槑涓哄彲涓?null銆?[E:\VS2022\WPF\DoorMonitorSystem\DoorMonitorSystem_3ftk1r5q_wpftmp.csproj]
E:\VS2022\WPF\DoorMonitorSystem\ViewModels\GraphicEditingViewModel.cs(28,31): warning CS8618: 鍦ㄩ€€鍑烘瀯閫犲嚱鏁版椂锛屼笉鍙负 null 鐨?灞炴€?"Items" 蹇呴』鍖呭惈闈?null 鍊笺€傝鑰冭檻娣诲姞 "required" 淇グ绗︽垨灏嗚 灞炴€?澹版槑涓哄彲涓?null銆?[E:\VS2022\WPF\DoorMonitorSystem\DoorMonitorSystem_3ftk1r5q_wpftmp.csproj]
E:\VS2022\WPF\DoorMonitorSystem\ViewModels\GraphicEditingViewModel.cs(32,23): warning CS8618: 鍦ㄩ€€鍑烘瀯閫犲嚱鏁版椂锛屼笉鍙负 null 鐨?灞炴€?"Name" 蹇呴』鍖呭惈闈?null 鍊笺€傝鑰冭檻娣诲姞 "required" 淇グ绗︽垨灏嗚 灞炴€?澹版槑涓哄彲涓?null銆?[E:\VS2022\WPF\DoorMonitorSystem\DoorMonitorSystem_3ftk1r5q_wpftmp.csproj]
E:\VS2022\WPF\DoorMonitorSystem\ViewModels\GraphicEditingViewModel.cs(33,43): warning CS8618: 鍦ㄩ€€鍑烘瀯閫犲嚱鏁版椂锛屼笉鍙负 null 鐨?灞炴€?"Items" 蹇呴』鍖呭惈闈?null 鍊笺€傝鑰冭檻娣诲姞 "required" 淇グ绗︽垨灏嗚 灞炴€?澹版槑涓哄彲涓?null銆?[E:\VS2022\WPF\DoorMonitorSystem\DoorMonitorSystem_3ftk1r5q_wpftmp.csproj]
E:\VS2022\WPF\DoorMonitorSystem\Assets\Services\TimeSyncManager.cs(367,20): warning CS8603: 鍙兘杩斿洖 null 寮曠敤銆?[E:\VS2022\WPF\DoorMonitorSystem\DoorMonitorSystem_3ftk1r5q_wpftmp.csproj]
E:\VS2022\WPF\DoorMonitorSystem\ViewModels\Devvarlist\DevvarlistViewModel.cs(255,16): warning CS8618: 鍦ㄩ€€鍑烘瀯閫犲嚱鏁版椂锛屼笉鍙负 null 鐨?瀛楁 "_selectedPoint" 蹇呴』鍖呭惈闈?null 鍊笺€傝鑰冭檻娣诲姞 "required" 淇グ绗︽垨灏嗚 瀛楁 澹版槑涓哄彲涓?null銆?[E:\VS2022\WPF\DoorMonitorSystem\DoorMonitorSystem_3ftk1r5q_wpftmp.csproj]
E:\VS2022\WPF\DoorMonitorSystem\ViewModels\Devvarlist\DevvarlistViewModel.cs(255,16): warning CS8618: 鍦ㄩ€€鍑烘瀯閫犲嚱鏁版椂锛屼笉鍙负 null 鐨?瀛楁 "_selectedDevice" 蹇呴』鍖呭惈闈?null 鍊笺€傝鑰冭檻娣诲姞 "required" 淇グ绗︽垨灏嗚 瀛楁 澹版槑涓哄彲涓?null銆?[E:\VS2022\WPF\DoorMonitorSystem\DoorMonitorSystem_3ftk1r5q_wpftmp.csproj]
E:\VS2022\WPF\DoorMonitorSystem\ViewModels\Devvarlist\DevvarlistViewModel.cs(255,16): warning CS8618: 鍦ㄩ€€鍑烘瀯閫犲嚱鏁版椂锛屼笉鍙负 null 鐨?瀛楁 "_selectedTreeNode" 蹇呴』鍖呭惈闈?null 鍊笺€傝鑰冭檻娣诲姞 "required" 淇グ绗︽垨灏嗚 瀛楁 澹版槑涓哄彲涓?null銆?[E:\VS2022\WPF\DoorMonitorSystem\DoorMonitorSystem_3ftk1r5q_wpftmp.csproj]
E:\VS2022\WPF\DoorMonitorSystem\ViewModels\GraphicEditingViewModel.cs(38,23): warning CS8618: 鍦ㄩ€€鍑烘瀯閫犲嚱鏁版椂锛屼笉鍙负 null 鐨?灞炴€?"PathData" 蹇呴』鍖呭惈闈?null 鍊笺€傝鑰冭檻娣诲姞 "required" 淇グ绗︽垨灏嗚 灞炴€?澹版槑涓哄彲涓?null銆?[E:\VS2022\WPF\DoorMonitorSystem\DoorMonitorSystem_3ftk1r5q_wpftmp.csproj]
E:\VS2022\WPF\DoorMonitorSystem\ViewModels\GraphicEditingViewModel.cs(39,23): warning CS8618: 鍦ㄩ€€鍑烘瀯閫犲嚱鏁版椂锛屼笉鍙负 null 鐨?灞炴€?"StrokeColor" 蹇呴』鍖呭惈闈?null 鍊笺€傝鑰冭檻娣诲姞 "required" 淇グ绗︽垨灏嗚 灞炴€?澹版槑涓哄彲涓?null銆?[E:\VS2022\WPF\DoorMonitorSystem\DoorMonitorSystem_3ftk1r5q_wpftmp.csproj]
E:\VS2022\WPF\DoorMonitorSystem\ViewModels\GraphicEditingViewModel.cs(40,23): warning CS8618: 鍦ㄩ€€鍑烘瀯閫犲嚱鏁版椂锛屼笉鍙负 null 鐨?灞炴€?"FillColor" 蹇呴』鍖呭惈闈?null 鍊笺€傝鑰冭檻娣诲姞 "required" 淇グ绗︽垨灏嗚 灞炴€?澹版槑涓哄彲涓?null銆?[E:\VS2022\WPF\DoorMonitorSystem\DoorMonitorSystem_3ftk1r5q_wpftmp.csproj]
E:\VS2022\WPF\DoorMonitorSystem\ViewModels\GraphicEditingViewModel.cs(47,16): warning CS8618: 鍦ㄩ€€鍑烘瀯閫犲嚱鏁版椂锛屼笉鍙负 null 鐨?瀛楁 "_selectedItem" 蹇呴』鍖呭惈闈?null 鍊笺€傝鑰冭檻娣诲姞 "required" 淇グ绗︽垨灏嗚 瀛楁 澹版槑涓哄彲涓?null銆?[E:\VS2022\WPF\DoorMonitorSystem\DoorMonitorSystem_3ftk1r5q_wpftmp.csproj]
E:\VS2022\WPF\DoorMonitorSystem\ViewModels\GraphicEditingViewModel.cs(47,16): warning CS8618: 鍦ㄩ€€鍑烘瀯閫犲嚱鏁版椂锛屼笉鍙负 null 鐨?瀛楁 "_pathDataText" 蹇呴』鍖呭惈闈?null 鍊笺€傝鑰冭檻娣诲姞 "required" 淇グ绗︽垨灏嗚 瀛楁 澹版槑涓哄彲涓?null銆?[E:\VS2022\WPF\DoorMonitorSystem\DoorMonitorSystem_3ftk1r5q_wpftmp.csproj]
E:\VS2022\WPF\DoorMonitorSystem\ViewModels\GraphicEditingViewModel.cs(47,16): warning CS8618: 鍦ㄩ€€鍑烘瀯閫犲嚱鏁版椂锛屼笉鍙负 null 鐨?瀛楁 "_pathData" 蹇呴』鍖呭惈闈?null 鍊笺€傝鑰冭檻娣诲姞 "required" 淇グ绗︽垨灏嗚 瀛楁 澹版槑涓哄彲涓?null銆?[E:\VS2022\WPF\DoorMonitorSystem\DoorMonitorSystem_3ftk1r5q_wpftmp.csproj]
E:\VS2022\WPF\DoorMonitorSystem\ViewModels\ConfigItems\DoorGroupConfigItem.cs(36,64): warning CS8604: 鈥渧oid DoorGroupConfigItem.RemoveBit(DoorBitConfigEntity item)鈥濅腑鐨勫舰鍙傗€渋tem鈥濆彲鑳戒紶鍏?null 寮曠敤瀹炲弬銆?[E:\VS2022\WPF\DoorMonitorSystem\DoorMonitorSystem_3ftk1r5q_wpftmp.csproj]
E:\VS2022\WPF\DoorMonitorSystem\ViewModels\GraphicEditingViewModel.cs(90,40): warning CS8601: 鍙兘鐨?null 寮曠敤璧嬪€笺€?[E:\VS2022\WPF\DoorMonitorSystem\DoorMonitorSystem_3ftk1r5q_wpftmp.csproj]
E:\VS2022\WPF\DoorMonitorSystem\ViewModels\ConfigItems\DoorGroupConfigItem.cs(58,92): warning CS8603: 鍙兘杩斿洖 null 寮曠敤銆?[E:\VS2022\WPF\DoorMonitorSystem\DoorMonitorSystem_3ftk1r5q_wpftmp.csproj]
E:\VS2022\WPF\DoorMonitorSystem\ViewModels\GraphicEditingViewModel.cs(197,28): warning CS8625: 鏃犳硶灏?null 瀛楅潰閲忚浆鎹负闈?null 鐨勫紩鐢ㄧ被鍨嬨€?[E:\VS2022\WPF\DoorMonitorSystem\DoorMonitorSystem_3ftk1r5q_wpftmp.csproj]
E:\VS2022\WPF\DoorMonitorSystem\Assets\Converter\DictIdToNameConverter.cs(43,60): warning CS8600: 灏?null 鏂囨湰鎴栧彲鑳界殑 null 鍊艰浆鎹负涓嶅彲涓?null 绫诲瀷銆?[E:\VS2022\WPF\DoorMonitorSystem\DoorMonitorSystem_3ftk1r5q_wpftmp.csproj]
E:\VS2022\WPF\DoorMonitorSystem\ViewModels\SystemLogViewModel.cs(192,16): warning CS8618: 鍦ㄩ€€鍑烘瀯閫犲嚱鏁版椂锛屼笉鍙负 null 鐨?灞炴€?"FirstPageCommand" 蹇呴』鍖呭惈闈?null 鍊笺€傝鑰冭檻娣诲姞 "required" 淇グ绗︽垨灏嗚 灞炴€?澹版槑涓哄彲涓?null銆?[E:\VS2022\WPF\DoorMonitorSystem\DoorMonitorSystem_3ftk1r5q_wpftmp.csproj]
E:\VS2022\WPF\DoorMonitorSystem\ViewModels\LayoutConfigurationViewModel.cs(123,83): warning CS8601: 鍙兘鐨?null 寮曠敤璧嬪€笺€?[E:\VS2022\WPF\DoorMonitorSystem\DoorMonitorSystem_3ftk1r5q_wpftmp.csproj]
E:\VS2022\WPF\DoorMonitorSystem\ViewModels\LayoutConfigurationViewModel.cs(128,22): warning CS8625: 鏃犳硶灏?null 瀛楅潰閲忚浆鎹负闈?null 鐨勫紩鐢ㄧ被鍨嬨€?[E:\VS2022\WPF\DoorMonitorSystem\DoorMonitorSystem_3ftk1r5q_wpftmp.csproj]
E:\VS2022\WPF\DoorMonitorSystem\ViewModels\LayoutConfigurationViewModel.cs(106,16): warning CS8618: 鍦ㄩ€€鍑烘瀯閫犲嚱鏁版椂锛屼笉鍙负 null 鐨?瀛楁 "_selectedItem" 蹇呴』鍖呭惈闈?null 鍊笺€傝鑰冭檻娣诲姞 "required" 淇グ绗︽垨灏嗚 瀛楁 澹版槑涓哄彲涓?null銆?[E:\VS2022\WPF\DoorMonitorSystem\DoorMonitorSystem_3ftk1r5q_wpftmp.csproj]
E:\VS2022\WPF\DoorMonitorSystem\ViewModels\LayoutConfigurationViewModel.cs(106,16): warning CS8618: 鍦ㄩ€€鍑烘瀯閫犲嚱鏁版椂锛屼笉鍙负 null 鐨?瀛楁 "_globalSelectedDoorTypeKeyId" 蹇呴』鍖呭惈闈?null 鍊笺€傝鑰冭檻娣诲姞 "required" 淇グ绗︽垨灏嗚 瀛楁 澹版槑涓哄彲涓?null銆?[E:\VS2022\WPF\DoorMonitorSystem\DoorMonitorSystem_3ftk1r5q_wpftmp.csproj]
E:\VS2022\WPF\DoorMonitorSystem\ViewModels\LayoutConfigurationViewModel.cs(106,16): warning CS8618: 鍦ㄩ€€鍑烘瀯閫犲嚱鏁版椂锛屼笉鍙负 null 鐨?瀛楁 "_statusMessage" 蹇呴』鍖呭惈闈?null 鍊笺€傝鑰冭檻娣诲姞 "required" 淇グ绗︽垨灏嗚 瀛楁 澹版槑涓哄彲涓?null銆?[E:\VS2022\WPF\DoorMonitorSystem\DoorMonitorSystem_3ftk1r5q_wpftmp.csproj]
E:\VS2022\WPF\DoorMonitorSystem\Views\LoginWindow.xaml.cs(14,16): warning CS8618: 鍦ㄩ€€鍑烘瀯閫犲嚱鏁版椂锛屼笉鍙负 null 鐨?灞炴€?"LoggedInUser" 蹇呴』鍖呭惈闈?null 鍊笺€傝鑰冭檻娣诲姞 "required" 淇グ绗︽垨灏嗚 灞炴€?澹版槑涓哄彲涓?null銆?[E:\VS2022\WPF\DoorMonitorSystem\DoorMonitorSystem_3ftk1r5q_wpftmp.csproj]
E:\VS2022\WPF\DoorMonitorSystem\Views\LoginWindow.xaml.cs(55,32): warning CS8625: 鏃犳硶灏?null 瀛楅潰閲忚浆鎹负闈?null 鐨勫紩鐢ㄧ被鍨嬨€?[E:\VS2022\WPF\DoorMonitorSystem\DoorMonitorSystem_3ftk1r5q_wpftmp.csproj]
E:\VS2022\WPF\DoorMonitorSystem\Views\LoginWindow.xaml.cs(55,38): warning CS8625: 鏃犳硶灏?null 瀛楅潰閲忚浆鎹负闈?null 鐨勫紩鐢ㄧ被鍨嬨€?[E:\VS2022\WPF\DoorMonitorSystem\DoorMonitorSystem_3ftk1r5q_wpftmp.csproj]
E:\VS2022\WPF\DoorMonitorSystem\Views\LoginWindow.xaml.cs(59,33): warning CS8625: 鏃犳硶灏?null 瀛楅潰閲忚浆鎹负闈?null 鐨勫紩鐢ㄧ被鍨嬨€?[E:\VS2022\WPF\DoorMonitorSystem\DoorMonitorSystem_3ftk1r5q_wpftmp.csproj]
E:\VS2022\WPF\DoorMonitorSystem\Views\LoginWindow.xaml.cs(59,39): warning CS8625: 鏃犳硶灏?null 瀛楅潰閲忚浆鎹负闈?null 鐨勫紩鐢ㄧ被鍨嬨€?[E:\VS2022\WPF\DoorMonitorSystem\DoorMonitorSystem_3ftk1r5q_wpftmp.csproj]
E:\VS2022\WPF\DoorMonitorSystem\ViewModels\MainWindowViewModel.cs(125,16): warning CS8618: 鍦ㄩ€€鍑烘瀯閫犲嚱鏁版椂锛屼笉鍙负 null 鐨?瀛楁 "_currentViewModel" 蹇呴』鍖呭惈闈?null 鍊笺€傝鑰冭檻娣诲姞 "required" 淇グ绗︽垨灏嗚 瀛楁 澹版槑涓哄彲涓?null銆?[E:\VS2022\WPF\DoorMonitorSystem\DoorMonitorSystem_3ftk1r5q_wpftmp.csproj]
E:\VS2022\WPF\DoorMonitorSystem\ViewModels\MainWindowViewModel.cs(125,16): warning CS8618: 鍦ㄩ€€鍑烘瀯閫犲嚱鏁版椂锛屼笉鍙负 null 鐨?瀛楁 "_currentView" 蹇呴』鍖呭惈闈?null 鍊笺€傝鑰冭檻娣诲姞 "required" 淇グ绗︽垨灏嗚 瀛楁 澹版槑涓哄彲涓?null銆?[E:\VS2022\WPF\DoorMonitorSystem\DoorMonitorSystem_3ftk1r5q_wpftmp.csproj]
E:\VS2022\WPF\DoorMonitorSystem\ViewModels\MainWindowViewModel.cs(125,16): warning CS8618: 鍦ㄩ€€鍑烘瀯閫犲嚱鏁版椂锛屼笉鍙负 null 鐨?灞炴€?"ExecuteCommand" 蹇呴』鍖呭惈闈?null 鍊笺€傝鑰冭檻娣诲姞 "required" 淇グ绗︽垨灏嗚 灞炴€?澹版槑涓哄彲涓?null銆?[E:\VS2022\WPF\DoorMonitorSystem\DoorMonitorSystem_3ftk1r5q_wpftmp.csproj]
E:\VS2022\WPF\DoorMonitorSystem\ViewModels\MainWindowViewModel.cs(125,16): warning CS8618: 鍦ㄩ€€鍑烘瀯閫犲嚱鏁版椂锛屼笉鍙负 null 鐨?灞炴€?"DeployCommand" 蹇呴』鍖呭惈闈?null 鍊笺€傝鑰冭檻娣诲姞 "required" 淇グ绗︽垨灏嗚 灞炴€?澹版槑涓哄彲涓?null銆?[E:\VS2022\WPF\DoorMonitorSystem\DoorMonitorSystem_3ftk1r5q_wpftmp.csproj]
E:\VS2022\WPF\DoorMonitorSystem\ViewModels\MainWindowViewModel.cs(125,16): warning CS8618: 鍦ㄩ€€鍑烘瀯閫犲嚱鏁版椂锛屼笉鍙负 null 鐨?灞炴€?"NavigationCommand" 蹇呴』鍖呭惈闈?null 鍊笺€傝鑰冭檻娣诲姞 "required" 淇グ绗︽垨灏嗚 灞炴€?澹版槑涓哄彲涓?null銆?[E:\VS2022\WPF\DoorMonitorSystem\DoorMonitorSystem_3ftk1r5q_wpftmp.csproj]
E:\VS2022\WPF\DoorMonitorSystem\ViewModels\MainWindowViewModel.cs(125,16): warning CS8618: 鍦ㄩ€€鍑烘瀯閫犲嚱鏁版椂锛屼笉鍙负 null 鐨?灞炴€?"OpenUserInfoCommand" 蹇呴』鍖呭惈闈?null 鍊笺€傝鑰冭檻娣诲姞 "required" 淇グ绗︽垨灏嗚 灞炴€?澹版槑涓哄彲涓?null銆?[E:\VS2022\WPF\DoorMonitorSystem\DoorMonitorSystem_3ftk1r5q_wpftmp.csproj]
E:\VS2022\WPF\DoorMonitorSystem\ViewModels\MainWindowViewModel.cs(125,16): warning CS8618: 鍦ㄩ€€鍑烘瀯閫犲嚱鏁版椂锛屼笉鍙负 null 鐨?灞炴€?"RefreshUICommand" 蹇呴』鍖呭惈闈?null 鍊笺€傝鑰冭檻娣诲姞 "required" 淇グ绗︽垨灏嗚 灞炴€?澹版槑涓哄彲涓?null銆?[E:\VS2022\WPF\DoorMonitorSystem\DoorMonitorSystem_3ftk1r5q_wpftmp.csproj]
E:\VS2022\WPF\DoorMonitorSystem\ViewModels\GraphicEditingViewModel.cs(546,32): warning CS8625: 鏃犳硶灏?null 瀛楅潰閲忚浆鎹负闈?null 鐨勫紩鐢ㄧ被鍨嬨€?[E:\VS2022\WPF\DoorMonitorSystem\DoorMonitorSystem_3ftk1r5q_wpftmp.csproj]
E:\VS2022\WPF\DoorMonitorSystem\ViewModels\MainWindowViewModel.cs(295,39): warning CS8625: 鏃犳硶灏?null 瀛楅潰閲忚浆鎹负闈?null 鐨勫紩鐢ㄧ被鍨嬨€?[E:\VS2022\WPF\DoorMonitorSystem\DoorMonitorSystem_3ftk1r5q_wpftmp.csproj]
E:\VS2022\WPF\DoorMonitorSystem\ViewModels\MainWindowViewModel.cs(305,43): warning CS8625: 鏃犳硶灏?null 瀛楅潰閲忚浆鎹负闈?null 鐨勫紩鐢ㄧ被鍨嬨€?[E:\VS2022\WPF\DoorMonitorSystem\DoorMonitorSystem_3ftk1r5q_wpftmp.csproj]
E:\VS2022\WPF\DoorMonitorSystem\ViewModels\StationParameterViewModel.cs(153,33): warning CS8601: 鍙兘鐨?null 寮曠敤璧嬪€笺€?[E:\VS2022\WPF\DoorMonitorSystem\DoorMonitorSystem_3ftk1r5q_wpftmp.csproj]
E:\VS2022\WPF\DoorMonitorSystem\ViewModels\StationParameterViewModel.cs(145,16): warning CS8618: 鍦ㄩ€€鍑烘瀯閫犲嚱鏁版椂锛屼笉鍙负 null 鐨?瀛楁 "_stationName" 蹇呴』鍖呭惈闈?null 鍊笺€傝鑰冭檻娣诲姞 "required" 淇グ绗︽垨灏嗚 瀛楁 澹版槑涓哄彲涓?null銆?[E:\VS2022\WPF\DoorMonitorSystem\DoorMonitorSystem_3ftk1r5q_wpftmp.csproj]
E:\VS2022\WPF\DoorMonitorSystem\ViewModels\StationParameterViewModel.cs(145,16): warning CS8618: 鍦ㄩ€€鍑烘瀯閫犲嚱鏁版椂锛屼笉鍙负 null 鐨?瀛楁 "_parameterList" 蹇呴』鍖呭惈闈?null 鍊笺€傝鑰冭檻娣诲姞 "required" 淇グ绗︽垨灏嗚 瀛楁 澹版槑涓哄彲涓?null銆?[E:\VS2022\WPF\DoorMonitorSystem\DoorMonitorSystem_3ftk1r5q_wpftmp.csproj]
E:\VS2022\WPF\DoorMonitorSystem\ViewModels\StationParameterViewModel.cs(145,16): warning CS8618: 鍦ㄩ€€鍑烘瀯閫犲嚱鏁版椂锛屼笉鍙负 null 鐨?瀛楁 "_asdModels" 蹇呴』鍖呭惈闈?null 鍊笺€傝鑰冭檻娣诲姞 "required" 淇グ绗︽垨灏嗚 瀛楁 澹版槑涓哄彲涓?null銆?[E:\VS2022\WPF\DoorMonitorSystem\DoorMonitorSystem_3ftk1r5q_wpftmp.csproj]
E:\VS2022\WPF\DoorMonitorSystem\ViewModels\StationParameterViewModel.cs(145,16): warning CS8618: 鍦ㄩ€€鍑烘瀯閫犲嚱鏁版椂锛屼笉鍙负 null 鐨?瀛楁 "_selectedAsdModel" 蹇呴』鍖呭惈闈?null 鍊笺€傝鑰冭檻娣诲姞 "required" 淇グ绗︽垨灏嗚 瀛楁 澹版槑涓哄彲涓?null銆?[E:\VS2022\WPF\DoorMonitorSystem\DoorMonitorSystem_3ftk1r5q_wpftmp.csproj]
E:\VS2022\WPF\DoorMonitorSystem\ViewModels\StationParameterViewModel.cs(145,16): warning CS8618: 鍦ㄩ€€鍑烘瀯閫犲嚱鏁版椂锛屼笉鍙负 null 鐨?瀛楁 "_stationKeyId" 蹇呴』鍖呭惈闈?null 鍊笺€傝鑰冭檻娣诲姞 "required" 淇グ绗︽垨灏嗚 瀛楁 澹版槑涓哄彲涓?null銆?[E:\VS2022\WPF\DoorMonitorSystem\DoorMonitorSystem_3ftk1r5q_wpftmp.csproj]
E:\VS2022\WPF\DoorMonitorSystem\ViewModels\MainWindowViewModel.cs(367,26): warning CS8600: 灏?null 鏂囨湰鎴栧彲鑳界殑 null 鍊艰浆鎹负涓嶅彲涓?null 绫诲瀷銆?[E:\VS2022\WPF\DoorMonitorSystem\DoorMonitorSystem_3ftk1r5q_wpftmp.csproj]
E:\VS2022\WPF\DoorMonitorSystem\ViewModels\MainWindowViewModel.cs(370,41): warning CS8604: 鈥渂ool Dictionary<string, object>.TryGetValue(string key, out object value)鈥濅腑鐨勫舰鍙傗€渒ey鈥濆彲鑳戒紶鍏?null 寮曠敤瀹炲弬銆?[E:\VS2022\WPF\DoorMonitorSystem\DoorMonitorSystem_3ftk1r5q_wpftmp.csproj]
E:\VS2022\WPF\DoorMonitorSystem\ViewModels\MainWindowViewModel.cs(375,39): warning CS8601: 鍙兘鐨?null 寮曠敤璧嬪€笺€?[E:\VS2022\WPF\DoorMonitorSystem\DoorMonitorSystem_3ftk1r5q_wpftmp.csproj]
E:\VS2022\WPF\DoorMonitorSystem\ViewModels\MainWindowViewModel.cs(383,32): warning CS8601: 鍙兘鐨?null 寮曠敤璧嬪€笺€?[E:\VS2022\WPF\DoorMonitorSystem\DoorMonitorSystem_3ftk1r5q_wpftmp.csproj]
E:\VS2022\WPF\DoorMonitorSystem\ViewModels\MainWindowViewModel.cs(392,37): warning CS8600: 灏?null 鏂囨湰鎴栧彲鑳界殑 null 鍊艰浆鎹负涓嶅彲涓?null 绫诲瀷銆?[E:\VS2022\WPF\DoorMonitorSystem\DoorMonitorSystem_3ftk1r5q_wpftmp.csproj]
E:\VS2022\WPF\DoorMonitorSystem\ViewModels\MainWindowViewModel.cs(400,28): warning CS8600: 灏?null 鏂囨湰鎴栧彲鑳界殑 null 鍊艰浆鎹负涓嶅彲涓?null 绫诲瀷銆?[E:\VS2022\WPF\DoorMonitorSystem\DoorMonitorSystem_3ftk1r5q_wpftmp.csproj]
E:\VS2022\WPF\DoorMonitorSystem\ViewModels\StationParameterViewModel.cs(215,47): warning CS8600: 灏?null 鏂囨湰鎴栧彲鑳界殑 null 鍊艰浆鎹负涓嶅彲涓?null 绫诲瀷銆?[E:\VS2022\WPF\DoorMonitorSystem\DoorMonitorSystem_3ftk1r5q_wpftmp.csproj]
E:\VS2022\WPF\DoorMonitorSystem\ViewModels\StationParameterViewModel.cs(220,27): warning CS8600: 灏?null 鏂囨湰鎴栧彲鑳界殑 null 鍊艰浆鎹负涓嶅彲涓?null 绫诲瀷銆?[E:\VS2022\WPF\DoorMonitorSystem\DoorMonitorSystem_3ftk1r5q_wpftmp.csproj]
E:\VS2022\WPF\DoorMonitorSystem\ViewModels\StationParameterViewModel.cs(227,31): warning CS8600: 灏?null 鏂囨湰鎴栧彲鑳界殑 null 鍊艰浆鎹负涓嶅彲涓?null 绫诲瀷銆?[E:\VS2022\WPF\DoorMonitorSystem\DoorMonitorSystem_3ftk1r5q_wpftmp.csproj]
E:\VS2022\WPF\DoorMonitorSystem\ViewModels\StationParameterViewModel.cs(236,27): warning CS8600: 灏?null 鏂囨湰鎴栧彲鑳界殑 null 鍊艰浆鎹负涓嶅彲涓?null 绫诲瀷銆?[E:\VS2022\WPF\DoorMonitorSystem\DoorMonitorSystem_3ftk1r5q_wpftmp.csproj]
E:\VS2022\WPF\DoorMonitorSystem\ViewModels\StationParameterViewModel.cs(242,101): warning CS8625: 鏃犳硶灏?null 瀛楅潰閲忚浆鎹负闈?null 鐨勫紩鐢ㄧ被鍨嬨€?[E:\VS2022\WPF\DoorMonitorSystem\DoorMonitorSystem_3ftk1r5q_wpftmp.csproj]
E:\VS2022\WPF\DoorMonitorSystem\ViewModels\StationParameterViewModel.cs(242,27): warning CS8600: 灏?null 鏂囨湰鎴栧彲鑳界殑 null 鍊艰浆鎹负涓嶅彲涓?null 绫诲瀷銆?[E:\VS2022\WPF\DoorMonitorSystem\DoorMonitorSystem_3ftk1r5q_wpftmp.csproj]
E:\VS2022\WPF\DoorMonitorSystem\ViewModels\StationParameterViewModel.cs(254,38): warning CS8600: 灏?null 鏂囨湰鎴栧彲鑳界殑 null 鍊艰浆鎹负涓嶅彲涓?null 绫诲瀷銆?[E:\VS2022\WPF\DoorMonitorSystem\DoorMonitorSystem_3ftk1r5q_wpftmp.csproj]
E:\VS2022\WPF\DoorMonitorSystem\ViewModels\StationParameterViewModel.cs(255,46): warning CS8601: 鍙兘鐨?null 寮曠敤璧嬪€笺€?[E:\VS2022\WPF\DoorMonitorSystem\DoorMonitorSystem_3ftk1r5q_wpftmp.csproj]
E:\VS2022\WPF\DoorMonitorSystem\ViewModels\StationParameterViewModel.cs(256,76): warning CS8601: 鍙兘鐨?null 寮曠敤璧嬪€笺€?[E:\VS2022\WPF\DoorMonitorSystem\DoorMonitorSystem_3ftk1r5q_wpftmp.csproj]
E:\VS2022\WPF\DoorMonitorSystem\ViewModels\StationParameterViewModel.cs(281,37): warning CS8600: 灏?null 鏂囨湰鎴栧彲鑳界殑 null 鍊艰浆鎹负涓嶅彲涓?null 绫诲瀷銆?[E:\VS2022\WPF\DoorMonitorSystem\DoorMonitorSystem_3ftk1r5q_wpftmp.csproj]
E:\VS2022\WPF\DoorMonitorSystem\ViewModels\StationParameterViewModel.cs(285,46): warning CS8601: 鍙兘鐨?null 寮曠敤璧嬪€笺€?[E:\VS2022\WPF\DoorMonitorSystem\DoorMonitorSystem_3ftk1r5q_wpftmp.csproj]
E:\VS2022\WPF\DoorMonitorSystem\Assets\Helper\CategoryGroup.cs(14,16): warning CS8618: 鍦ㄩ€€鍑烘瀯閫犲嚱鏁版椂锛屼笉鍙负 null 鐨?瀛楁 "_category" 蹇呴』鍖呭惈闈?null 鍊笺€傝鑰冭檻娣诲姞 "required" 淇グ绗︽垨灏嗚 瀛楁 澹版槑涓哄彲涓?null銆?[E:\VS2022\WPF\DoorMonitorSystem\DoorMonitorSystem_3ftk1r5q_wpftmp.csproj]
E:\VS2022\WPF\DoorMonitorSystem\ViewModels\ParameterSettingViewModel.cs(60,65): warning CS8622: 鈥渧oid ParameterSettingViewModel.OnGlobalStationsChanged(object sender, NotifyCollectionChangedEventArgs e)鈥濈殑鍙傛暟鈥渟ender鈥濈被鍨嬩腑寮曠敤绫诲瀷鐨勪负 Null 鎬т笌鐩爣濮旀墭鈥淣otifyCollectionChangedEventHandler鈥濅笉鍖归厤(鍙兘鏄敱浜庝负 Null 鎬х壒鎬?銆?[E:\VS2022\WPF\DoorMonitorSystem\DoorMonitorSystem_3ftk1r5q_wpftmp.csproj]
E:\VS2022\WPF\DoorMonitorSystem\ViewModels\ParameterSettingViewModel.cs(38,16): warning CS8618: 鍦ㄩ€€鍑烘瀯閫犲嚱鏁版椂锛屼笉鍙负 null 鐨?瀛楁 "_stationSettings" 蹇呴』鍖呭惈闈?null 鍊笺€傝鑰冭檻娣诲姞 "required" 淇グ绗︽垨灏嗚 瀛楁 澹版槑涓哄彲涓?null銆?[E:\VS2022\WPF\DoorMonitorSystem\DoorMonitorSystem_3ftk1r5q_wpftmp.csproj]
E:\VS2022\WPF\DoorMonitorSystem\Assets\Helper\DatabaseFixer.cs(131,26): warning CS8604: 鈥渧oid List<string>.Add(string item)鈥濅腑鐨勫舰鍙傗€渋tem鈥濆彲鑳戒紶鍏?null 寮曠敤瀹炲弬銆?[E:\VS2022\WPF\DoorMonitorSystem\DoorMonitorSystem_3ftk1r5q_wpftmp.csproj]
E:\VS2022\WPF\DoorMonitorSystem\Assets\Helper\SvgParser.cs(192,24): warning CS8603: 鍙兘杩斿洖 null 寮曠敤銆?[E:\VS2022\WPF\DoorMonitorSystem\DoorMonitorSystem_3ftk1r5q_wpftmp.csproj]
E:\VS2022\WPF\DoorMonitorSystem\ViewModels\StationParameterViewModel.cs(386,52): warning CS8600: 灏?null 鏂囨湰鎴栧彲鑳界殑 null 鍊艰浆鎹负涓嶅彲涓?null 绫诲瀷銆?[E:\VS2022\WPF\DoorMonitorSystem\DoorMonitorSystem_3ftk1r5q_wpftmp.csproj]
E:\VS2022\WPF\DoorMonitorSystem\ViewModels\StationParameterViewModel.cs(391,32): warning CS8600: 灏?null 鏂囨湰鎴栧彲鑳界殑 null 鍊艰浆鎹负涓嶅彲涓?null 绫诲瀷銆?[E:\VS2022\WPF\DoorMonitorSystem\DoorMonitorSystem_3ftk1r5q_wpftmp.csproj]
E:\VS2022\WPF\DoorMonitorSystem\ViewModels\StationParameterViewModel.cs(394,36): warning CS8600: 灏?null 鏂囨湰鎴栧彲鑳界殑 null 鍊艰浆鎹负涓嶅彲涓?null 绫诲瀷銆?[E:\VS2022\WPF\DoorMonitorSystem\DoorMonitorSystem_3ftk1r5q_wpftmp.csproj]
E:\VS2022\WPF\DoorMonitorSystem\ViewModels\StationParameterViewModel.cs(401,32): warning CS8600: 灏?null 鏂囨湰鎴栧彲鑳界殑 null 鍊艰浆鎹负涓嶅彲涓?null 绫诲瀷銆?[E:\VS2022\WPF\DoorMonitorSystem\DoorMonitorSystem_3ftk1r5q_wpftmp.csproj]
E:\VS2022\WPF\DoorMonitorSystem\ViewModels\StationParameterViewModel.cs(404,32): warning CS8600: 灏?null 鏂囨湰鎴栧彲鑳界殑 null 鍊艰浆鎹负涓嶅彲涓?null 绫诲瀷銆?[E:\VS2022\WPF\DoorMonitorSystem\DoorMonitorSystem_3ftk1r5q_wpftmp.csproj]
E:\VS2022\WPF\DoorMonitorSystem\ViewModels\StationParameterViewModel.cs(410,32): warning CS8600: 灏?null 鏂囨湰鎴栧彲鑳界殑 null 鍊艰浆鎹负涓嶅彲涓?null 绫诲瀷銆?[E:\VS2022\WPF\DoorMonitorSystem\DoorMonitorSystem_3ftk1r5q_wpftmp.csproj]
E:\VS2022\WPF\DoorMonitorSystem\ViewModels\StationParameterViewModel.cs(414,111): warning CS8625: 鏃犳硶灏?null 瀛楅潰閲忚浆鎹负闈?null 鐨勫紩鐢ㄧ被鍨嬨€?[E:\VS2022\WPF\DoorMonitorSystem\DoorMonitorSystem_3ftk1r5q_wpftmp.csproj]
E:\VS2022\WPF\DoorMonitorSystem\ViewModels\StationParameterViewModel.cs(414,37): warning CS8600: 灏?null 鏂囨湰鎴栧彲鑳界殑 null 鍊艰浆鎹负涓嶅彲涓?null 绫诲瀷銆?[E:\VS2022\WPF\DoorMonitorSystem\DoorMonitorSystem_3ftk1r5q_wpftmp.csproj]
E:\VS2022\WPF\DoorMonitorSystem\Assets\Services\DeviceCommunicationService.cs(34,16): warning CS8618: 鍦ㄩ€€鍑烘瀯閫犲嚱鏁版椂锛屼笉鍙负 null 鐨?浜嬩欢 "ConfigLoaded" 蹇呴』鍖呭惈闈?null 鍊笺€傝鑰冭檻娣诲姞 "required" 淇グ绗︽垨灏嗚 浜嬩欢 澹版槑涓哄彲涓?null銆?[E:\VS2022\WPF\DoorMonitorSystem\DoorMonitorSystem_3ftk1r5q_wpftmp.csproj]
E:\VS2022\WPF\DoorMonitorSystem\Assets\Services\LogService.cs(61,67): warning CS8600: 灏?null 鏂囨湰鎴栧彲鑳界殑 null 鍊艰浆鎹负涓嶅彲涓?null 绫诲瀷銆?[E:\VS2022\WPF\DoorMonitorSystem\DoorMonitorSystem_3ftk1r5q_wpftmp.csproj]
E:\VS2022\WPF\DoorMonitorSystem\Assets\Services\LogService.cs(73,33): warning CS8605: 鍙栨秷瑁呯鍙兘涓?null 鐨勫€笺€?[E:\VS2022\WPF\DoorMonitorSystem\DoorMonitorSystem_3ftk1r5q_wpftmp.csproj]
E:\VS2022\WPF\DoorMonitorSystem\Assets\Services\LogService.cs(153,32): warning CS8600: 灏?null 鏂囨湰鎴栧彲鑳界殑 null 鍊艰浆鎹负涓嶅彲涓?null 绫诲瀷銆?[E:\VS2022\WPF\DoorMonitorSystem\DoorMonitorSystem_3ftk1r5q_wpftmp.csproj]
E:\VS2022\WPF\DoorMonitorSystem\ViewModels\LayoutConfigurationViewModel.cs(559,30): warning CS8625: 鏃犳硶灏?null 瀛楅潰閲忚浆鎹负闈?null 鐨勫紩鐢ㄧ被鍨嬨€?[E:\VS2022\WPF\DoorMonitorSystem\DoorMonitorSystem_3ftk1r5q_wpftmp.csproj]
E:\VS2022\WPF\DoorMonitorSystem\ViewModels\LayoutConfigurationViewModel.cs(637,37): warning CS8601: 鍙兘鐨?null 寮曠敤璧嬪€笺€?[E:\VS2022\WPF\DoorMonitorSystem\DoorMonitorSystem_3ftk1r5q_wpftmp.csproj]
E:\VS2022\WPF\DoorMonitorSystem\Assets\Services\DataManager.cs(236,96): warning CS8625: 鏃犳硶灏?null 瀛楅潰閲忚浆鎹负闈?null 鐨勫紩鐢ㄧ被鍨嬨€?[E:\VS2022\WPF\DoorMonitorSystem\DoorMonitorSystem_3ftk1r5q_wpftmp.csproj]
E:\VS2022\WPF\DoorMonitorSystem\Assets\Helper\SQLHelper.cs(644,24): warning CS8600: 灏?null 鏂囨湰鎴栧彲鑳界殑 null 鍊艰浆鎹负涓嶅彲涓?null 绫诲瀷銆?[E:\VS2022\WPF\DoorMonitorSystem\DoorMonitorSystem_3ftk1r5q_wpftmp.csproj]
E:\VS2022\WPF\DoorMonitorSystem\ViewModels\Devvarlist\DevvarlistViewModel.Excel.cs(140,50): warning CS8600: 灏?null 鏂囨湰鎴栧彲鑳界殑 null 鍊艰浆鎹负涓嶅彲涓?null 绫诲瀷銆?[E:\VS2022\WPF\DoorMonitorSystem\DoorMonitorSystem_3ftk1r5q_wpftmp.csproj]
E:\VS2022\WPF\DoorMonitorSystem\ViewModels\Devvarlist\DevvarlistViewModel.Excel.cs(148,47): warning CS8601: 鍙兘鐨?null 寮曠敤璧嬪€笺€?[E:\VS2022\WPF\DoorMonitorSystem\DoorMonitorSystem_3ftk1r5q_wpftmp.csproj]
E:\VS2022\WPF\DoorMonitorSystem\ViewModels\Devvarlist\DevvarlistViewModel.Excel.cs(150,48): warning CS8601: 鍙兘鐨?null 寮曠敤璧嬪€笺€?[E:\VS2022\WPF\DoorMonitorSystem\DoorMonitorSystem_3ftk1r5q_wpftmp.csproj]
E:\VS2022\WPF\DoorMonitorSystem\ViewModels\Devvarlist\DevvarlistViewModel.Excel.cs(151,51): warning CS8601: 鍙兘鐨?null 寮曠敤璧嬪€笺€?[E:\VS2022\WPF\DoorMonitorSystem\DoorMonitorSystem_3ftk1r5q_wpftmp.csproj]
E:\VS2022\WPF\DoorMonitorSystem\ViewModels\Devvarlist\DevvarlistViewModel.Excel.cs(152,49): warning CS8601: 鍙兘鐨?null 寮曠敤璧嬪€笺€?[E:\VS2022\WPF\DoorMonitorSystem\DoorMonitorSystem_3ftk1r5q_wpftmp.csproj]
E:\VS2022\WPF\DoorMonitorSystem\ViewModels\Devvarlist\DevvarlistViewModel.Excel.cs(153,51): warning CS8601: 鍙兘鐨?null 寮曠敤璧嬪€笺€?[E:\VS2022\WPF\DoorMonitorSystem\DoorMonitorSystem_3ftk1r5q_wpftmp.csproj]
E:\VS2022\WPF\DoorMonitorSystem\ViewModels\Devvarlist\DevvarlistViewModel.Excel.cs(155,51): warning CS8601: 鍙兘鐨?null 寮曠敤璧嬪€笺€?[E:\VS2022\WPF\DoorMonitorSystem\DoorMonitorSystem_3ftk1r5q_wpftmp.csproj]
E:\VS2022\WPF\DoorMonitorSystem\ViewModels\Devvarlist\DevvarlistViewModel.Excel.cs(156,60): warning CS8601: 鍙兘鐨?null 寮曠敤璧嬪€笺€?[E:\VS2022\WPF\DoorMonitorSystem\DoorMonitorSystem_3ftk1r5q_wpftmp.csproj]
E:\VS2022\WPF\DoorMonitorSystem\ViewModels\Devvarlist\DevvarlistViewModel.Excel.cs(164,50): warning CS8601: 鍙兘鐨?null 寮曠敤璧嬪€笺€?[E:\VS2022\WPF\DoorMonitorSystem\DoorMonitorSystem_3ftk1r5q_wpftmp.csproj]
E:\VS2022\WPF\DoorMonitorSystem\ViewModels\Devvarlist\DevvarlistViewModel.Excel.cs(165,48): warning CS8601: 鍙兘鐨?null 寮曠敤璧嬪€笺€?[E:\VS2022\WPF\DoorMonitorSystem\DoorMonitorSystem_3ftk1r5q_wpftmp.csproj]
E:\VS2022\WPF\DoorMonitorSystem\ViewModels\Devvarlist\DevvarlistViewModel.Excel.cs(168,50): warning CS8601: 鍙兘鐨?null 寮曠敤璧嬪€笺€?[E:\VS2022\WPF\DoorMonitorSystem\DoorMonitorSystem_3ftk1r5q_wpftmp.csproj]
E:\VS2022\WPF\DoorMonitorSystem\ViewModels\Devvarlist\DevvarlistViewModel.Excel.cs(169,50): warning CS8601: 鍙兘鐨?null 寮曠敤璧嬪€笺€?[E:\VS2022\WPF\DoorMonitorSystem\DoorMonitorSystem_3ftk1r5q_wpftmp.csproj]
E:\VS2022\WPF\DoorMonitorSystem\ViewModels\Devvarlist\DevvarlistViewModel.Excel.cs(91,28): warning CS1998: 姝ゅ紓姝ユ柟娉曠己灏?"await" 杩愮畻绗︼紝灏嗕互鍚屾鏂瑰紡杩愯銆傝鑰冭檻浣跨敤 "await" 杩愮畻绗︾瓑寰呴潪闃绘鐨?API 璋冪敤锛屾垨鑰呬娇鐢?"await Task.Run(...)" 鍦ㄥ悗鍙扮嚎绋嬩笂鎵ц鍗犵敤澶ч噺 CPU 鐨勫伐浣溿€?[E:\VS2022\WPF\DoorMonitorSystem\DoorMonitorSystem_3ftk1r5q_wpftmp.csproj]
E:\VS2022\WPF\DoorMonitorSystem\Assets\Services\DataManager.cs(427,83): warning CS8625: 鏃犳硶灏?null 瀛楅潰閲忚浆鎹负闈?null 鐨勫紩鐢ㄧ被鍨嬨€?[E:\VS2022\WPF\DoorMonitorSystem\DoorMonitorSystem_3ftk1r5q_wpftmp.csproj]
E:\VS2022\WPF\DoorMonitorSystem\Assets\Services\DataManager.cs(435,96): warning CS8625: 鏃犳硶灏?null 瀛楅潰閲忚浆鎹负闈?null 鐨勫紩鐢ㄧ被鍨嬨€?[E:\VS2022\WPF\DoorMonitorSystem\DoorMonitorSystem_3ftk1r5q_wpftmp.csproj]
E:\VS2022\WPF\DoorMonitorSystem\Assets\Services\DataManager.cs(443,89): warning CS8625: 鏃犳硶灏?null 瀛楅潰閲忚浆鎹负闈?null 鐨勫紩鐢ㄧ被鍨嬨€?[E:\VS2022\WPF\DoorMonitorSystem\DoorMonitorSystem_3ftk1r5q_wpftmp.csproj]
E:\VS2022\WPF\DoorMonitorSystem\Assets\Services\DataManager.cs(451,89): warning CS8625: 鏃犳硶灏?null 瀛楅潰閲忚浆鎹负闈?null 鐨勫紩鐢ㄧ被鍨嬨€?[E:\VS2022\WPF\DoorMonitorSystem\DoorMonitorSystem_3ftk1r5q_wpftmp.csproj]
E:\VS2022\WPF\DoorMonitorSystem\Assets\Services\DataManager.cs(459,99): warning CS8625: 鏃犳硶灏?null 瀛楅潰閲忚浆鎹负闈?null 鐨勫紩鐢ㄧ被鍨嬨€?[E:\VS2022\WPF\DoorMonitorSystem\DoorMonitorSystem_3ftk1r5q_wpftmp.csproj]
E:\VS2022\WPF\DoorMonitorSystem\ViewModels\SystemLogViewModel.cs(622,38): warning CS8600: 灏?null 鏂囨湰鎴栧彲鑳界殑 null 鍊艰浆鎹负涓嶅彲涓?null 绫诲瀷銆?[E:\VS2022\WPF\DoorMonitorSystem\DoorMonitorSystem_3ftk1r5q_wpftmp.csproj]
E:\VS2022\WPF\DoorMonitorSystem\ViewModels\SystemLogViewModel.cs(623,50): warning CS8604: 鈥渂ool Collection<string>.Contains(string item)鈥濅腑鐨勫舰鍙傗€渋tem鈥濆彲鑳戒紶鍏?null 寮曠敤瀹炲弬銆?[E:\VS2022\WPF\DoorMonitorSystem\DoorMonitorSystem_3ftk1r5q_wpftmp.csproj]
E:\VS2022\WPF\DoorMonitorSystem\ViewModels\SystemLogViewModel.cs(650,52): warning CS8600: 灏?null 鏂囨湰鎴栧彲鑳界殑 null 鍊艰浆鎹负涓嶅彲涓?null 绫诲瀷銆?[E:\VS2022\WPF\DoorMonitorSystem\DoorMonitorSystem_3ftk1r5q_wpftmp.csproj]
E:\VS2022\WPF\DoorMonitorSystem\ViewModels\LayoutConfigurationViewModel.cs(660,38): warning CS8601: 鍙兘鐨?null 寮曠敤璧嬪€笺€?[E:\VS2022\WPF\DoorMonitorSystem\DoorMonitorSystem_3ftk1r5q_wpftmp.csproj]
E:\VS2022\WPF\DoorMonitorSystem\Assets\Services\DataManager.cs(553,76): warning CS8625: 鏃犳硶灏?null 瀛楅潰閲忚浆鎹负闈?null 鐨勫紩鐢ㄧ被鍨嬨€?[E:\VS2022\WPF\DoorMonitorSystem\DoorMonitorSystem_3ftk1r5q_wpftmp.csproj]
E:\VS2022\WPF\DoorMonitorSystem\Assets\Services\NtpService.cs(238,47): warning CS8625: 鏃犳硶灏?null 瀛楅潰閲忚浆鎹负闈?null 鐨勫紩鐢ㄧ被鍨嬨€?[E:\VS2022\WPF\DoorMonitorSystem\DoorMonitorSystem_3ftk1r5q_wpftmp.csproj]
E:\VS2022\WPF\DoorMonitorSystem\Assets\Services\DataManager.cs(564,102): warning CS8625: 鏃犳硶灏?null 瀛楅潰閲忚浆鎹负闈?null 鐨勫紩鐢ㄧ被鍨嬨€?[E:\VS2022\WPF\DoorMonitorSystem\DoorMonitorSystem_3ftk1r5q_wpftmp.csproj]
E:\VS2022\WPF\DoorMonitorSystem\ViewModels\LayoutConfigurationViewModel.cs(679,36): warning CS8625: 鏃犳硶灏?null 瀛楅潰閲忚浆鎹负闈?null 鐨勫紩鐢ㄧ被鍨嬨€?[E:\VS2022\WPF\DoorMonitorSystem\DoorMonitorSystem_3ftk1r5q_wpftmp.csproj]
E:\VS2022\WPF\DoorMonitorSystem\Assets\Services\DataManager.cs(726,98): warning CS8625: 鏃犳硶灏?null 瀛楅潰閲忚浆鎹负闈?null 鐨勫紩鐢ㄧ被鍨嬨€?[E:\VS2022\WPF\DoorMonitorSystem\DoorMonitorSystem_3ftk1r5q_wpftmp.csproj]
E:\VS2022\WPF\DoorMonitorSystem\Assets\Services\DataManager.cs(732,102): warning CS8625: 鏃犳硶灏?null 瀛楅潰閲忚浆鎹负闈?null 鐨勫紩鐢ㄧ被鍨嬨€?[E:\VS2022\WPF\DoorMonitorSystem\DoorMonitorSystem_3ftk1r5q_wpftmp.csproj]
E:\VS2022\WPF\DoorMonitorSystem\Assets\Services\DeviceCommunicationService.cs(32,50): warning CS8618: 鍦ㄩ€€鍑烘瀯閫犲嚱鏁版椂锛屼笉鍙负 null 鐨?灞炴€?"Instance" 蹇呴』鍖呭惈闈?null 鍊笺€傝鑰冭檻娣诲姞 "required" 淇グ绗︽垨灏嗚 灞炴€?澹版槑涓哄彲涓?null銆?[E:\VS2022\WPF\DoorMonitorSystem\DoorMonitorSystem_3ftk1r5q_wpftmp.csproj]
E:\VS2022\WPF\DoorMonitorSystem\Assets\Services\DataManager.cs(834,94): warning CS8625: 鏃犳硶灏?null 瀛楅潰閲忚浆鎹负闈?null 鐨勫紩鐢ㄧ被鍨嬨€?[E:\VS2022\WPF\DoorMonitorSystem\DoorMonitorSystem_3ftk1r5q_wpftmp.csproj]
E:\VS2022\WPF\DoorMonitorSystem\Assets\Services\DataManager.cs(837,108): warning CS8625: 鏃犳硶灏?null 瀛楅潰閲忚浆鎹负闈?null 鐨勫紩鐢ㄧ被鍨嬨€?[E:\VS2022\WPF\DoorMonitorSystem\DoorMonitorSystem_3ftk1r5q_wpftmp.csproj]
E:\VS2022\WPF\DoorMonitorSystem\Assets\Services\DataManager.cs(1125,45): warning CS8625: 鏃犳硶灏?null 瀛楅潰閲忚浆鎹负闈?null 鐨勫紩鐢ㄧ被鍨嬨€?[E:\VS2022\WPF\DoorMonitorSystem\DoorMonitorSystem_3ftk1r5q_wpftmp.csproj]
E:\VS2022\WPF\DoorMonitorSystem\Assets\Services\DataManager.cs(1145,44): warning CS8625: 鏃犳硶灏?null 瀛楅潰閲忚浆鎹负闈?null 鐨勫紩鐢ㄧ被鍨嬨€?[E:\VS2022\WPF\DoorMonitorSystem\DoorMonitorSystem_3ftk1r5q_wpftmp.csproj]
E:\VS2022\WPF\DoorMonitorSystem\Assets\Services\DataManager.cs(43,22): warning CS0414: 瀛楁鈥淒ataManager._debugKeysPrinted鈥濆凡琚祴鍊硷紝浣嗕粠鏈娇鐢ㄨ繃瀹冪殑鍊?[E:\VS2022\WPF\DoorMonitorSystem\DoorMonitorSystem_3ftk1r5q_wpftmp.csproj]
E:\VS2022\WPF\DoorMonitorSystem\ViewModels\Devvarlist\DevvarlistViewModel.Wizard.cs(171,70): warning CA2200: 鍐嶆寮曞彂鎹曡幏鍒扮殑寮傚父浼氭洿鏀瑰爢鏍堜俊鎭?(https://learn.microsoft.com/dotnet/fundamentals/code-analysis/quality-rules/ca2200) [E:\VS2022\WPF\DoorMonitorSystem\DoorMonitorSystem_3ftk1r5q_wpftmp.csproj]
E:\VS2022\WPF\DoorMonitorSystem\Assets\Services\DeviceCommunicationService.cs(166,93): warning CS8625: 鏃犳硶灏?null 瀛楅潰閲忚浆鎹负闈?null 鐨勫紩鐢ㄧ被鍨嬨€?[E:\VS2022\WPF\DoorMonitorSystem\DoorMonitorSystem.csproj]
E:\VS2022\WPF\DoorMonitorSystem\ViewModels\StationParameterViewModel.cs(145,181): warning CS8625: 鏃犳硶灏?null 瀛楅潰閲忚浆鎹负闈?null 鐨勫紩鐢ㄧ被鍨嬨€?[E:\VS2022\WPF\DoorMonitorSystem\DoorMonitorSystem.csproj]
E:\VS2022\WPF\DoorMonitorSystem\Assets\Services\TimeSyncManager.cs(191,57): warning CS8625: 鏃犳硶灏?null 瀛楅潰閲忚浆鎹负闈?null 鐨勫紩鐢ㄧ被鍨嬨€?[E:\VS2022\WPF\DoorMonitorSystem\DoorMonitorSystem.csproj]
E:\VS2022\WPF\DoorMonitorSystem\Assets\Converter\DictIdToNameConverter.cs(43,60): warning CS8600: 灏?null 鏂囨湰鎴栧彲鑳界殑 null 鍊艰浆鎹负涓嶅彲涓?null 绫诲瀷銆?[E:\VS2022\WPF\DoorMonitorSystem\DoorMonitorSystem.csproj]
E:\VS2022\WPF\DoorMonitorSystem\Assets\Helper\SvgParser.cs(192,24): warning CS8603: 鍙兘杩斿洖 null 寮曠敤銆?[E:\VS2022\WPF\DoorMonitorSystem\DoorMonitorSystem.csproj]
E:\VS2022\WPF\DoorMonitorSystem\Views\LoginWindow.xaml.cs(14,16): warning CS8618: 鍦ㄩ€€鍑烘瀯閫犲嚱鏁版椂锛屼笉鍙负 null 鐨?灞炴€?"LoggedInUser" 蹇呴』鍖呭惈闈?null 鍊笺€傝鑰冭檻娣诲姞 "required" 淇グ绗︽垨灏嗚 灞炴€?澹版槑涓哄彲涓?null銆?[E:\VS2022\WPF\DoorMonitorSystem\DoorMonitorSystem.csproj]
E:\VS2022\WPF\DoorMonitorSystem\Views\LoginWindow.xaml.cs(55,32): warning CS8625: 鏃犳硶灏?null 瀛楅潰閲忚浆鎹负闈?null 鐨勫紩鐢ㄧ被鍨嬨€?[E:\VS2022\WPF\DoorMonitorSystem\DoorMonitorSystem.csproj]
E:\VS2022\WPF\DoorMonitorSystem\Views\LoginWindow.xaml.cs(55,38): warning CS8625: 鏃犳硶灏?null 瀛楅潰閲忚浆鎹负闈?null 鐨勫紩鐢ㄧ被鍨嬨€?[E:\VS2022\WPF\DoorMonitorSystem\DoorMonitorSystem.csproj]
E:\VS2022\WPF\DoorMonitorSystem\Views\LoginWindow.xaml.cs(59,33): warning CS8625: 鏃犳硶灏?null 瀛楅潰閲忚浆鎹负闈?null 鐨勫紩鐢ㄧ被鍨嬨€?[E:\VS2022\WPF\DoorMonitorSystem\DoorMonitorSystem.csproj]
E:\VS2022\WPF\DoorMonitorSystem\Views\LoginWindow.xaml.cs(59,39): warning CS8625: 鏃犳硶灏?null 瀛楅潰閲忚浆鎹负闈?null 鐨勫紩鐢ㄧ被鍨嬨€?[E:\VS2022\WPF\DoorMonitorSystem\DoorMonitorSystem.csproj]
E:\VS2022\WPF\DoorMonitorSystem\Assets\Services\DataManager.cs(236,96): warning CS8625: 鏃犳硶灏?null 瀛楅潰閲忚浆鎹负闈?null 鐨勫紩鐢ㄧ被鍨嬨€?[E:\VS2022\WPF\DoorMonitorSystem\DoorMonitorSystem.csproj]
E:\VS2022\WPF\DoorMonitorSystem\Assets\Services\TimeSyncManager.cs(367,20): warning CS8603: 鍙兘杩斿洖 null 寮曠敤銆?[E:\VS2022\WPF\DoorMonitorSystem\DoorMonitorSystem.csproj]
E:\VS2022\WPF\DoorMonitorSystem\Assets\Services\DeviceCommunicationService.cs(34,16): warning CS8618: 鍦ㄩ€€鍑烘瀯閫犲嚱鏁版椂锛屼笉鍙负 null 鐨?浜嬩欢 "ConfigLoaded" 蹇呴』鍖呭惈闈?null 鍊笺€傝鑰冭檻娣诲姞 "required" 淇グ绗︽垨灏嗚 浜嬩欢 澹版槑涓哄彲涓?null銆?[E:\VS2022\WPF\DoorMonitorSystem\DoorMonitorSystem.csproj]
E:\VS2022\WPF\DoorMonitorSystem\Assets\Services\LogService.cs(61,67): warning CS8600: 灏?null 鏂囨湰鎴栧彲鑳界殑 null 鍊艰浆鎹负涓嶅彲涓?null 绫诲瀷銆?[E:\VS2022\WPF\DoorMonitorSystem\DoorMonitorSystem.csproj]
E:\VS2022\WPF\DoorMonitorSystem\Assets\Services\LogService.cs(73,33): warning CS8605: 鍙栨秷瑁呯鍙兘涓?null 鐨勫€笺€?[E:\VS2022\WPF\DoorMonitorSystem\DoorMonitorSystem.csproj]
E:\VS2022\WPF\DoorMonitorSystem\Assets\Services\LogService.cs(153,32): warning CS8600: 灏?null 鏂囨湰鎴栧彲鑳界殑 null 鍊艰浆鎹负涓嶅彲涓?null 绫诲瀷銆?[E:\VS2022\WPF\DoorMonitorSystem\DoorMonitorSystem.csproj]
E:\VS2022\WPF\DoorMonitorSystem\Assets\Services\DataManager.cs(427,83): warning CS8625: 鏃犳硶灏?null 瀛楅潰閲忚浆鎹负闈?null 鐨勫紩鐢ㄧ被鍨嬨€?[E:\VS2022\WPF\DoorMonitorSystem\DoorMonitorSystem.csproj]
E:\VS2022\WPF\DoorMonitorSystem\Assets\Services\DataManager.cs(435,96): warning CS8625: 鏃犳硶灏?null 瀛楅潰閲忚浆鎹负闈?null 鐨勫紩鐢ㄧ被鍨嬨€?[E:\VS2022\WPF\DoorMonitorSystem\DoorMonitorSystem.csproj]
E:\VS2022\WPF\DoorMonitorSystem\Assets\Services\DataManager.cs(443,89): warning CS8625: 鏃犳硶灏?null 瀛楅潰閲忚浆鎹负闈?null 鐨勫紩鐢ㄧ被鍨嬨€?[E:\VS2022\WPF\DoorMonitorSystem\DoorMonitorSystem.csproj]
E:\VS2022\WPF\DoorMonitorSystem\Assets\Services\DataManager.cs(451,89): warning CS8625: 鏃犳硶灏?null 瀛楅潰閲忚浆鎹负闈?null 鐨勫紩鐢ㄧ被鍨嬨€?[E:\VS2022\WPF\DoorMonitorSystem\DoorMonitorSystem.csproj]
E:\VS2022\WPF\DoorMonitorSystem\Assets\Services\DataManager.cs(459,99): warning CS8625: 鏃犳硶灏?null 瀛楅潰閲忚浆鎹负闈?null 鐨勫紩鐢ㄧ被鍨嬨€?[E:\VS2022\WPF\DoorMonitorSystem\DoorMonitorSystem.csproj]
E:\VS2022\WPF\DoorMonitorSystem\Assets\Helper\SQLHelper.cs(644,24): warning CS8600: 灏?null 鏂囨湰鎴栧彲鑳界殑 null 鍊艰浆鎹负涓嶅彲涓?null 绫诲瀷銆?[E:\VS2022\WPF\DoorMonitorSystem\DoorMonitorSystem.csproj]
E:\VS2022\WPF\DoorMonitorSystem\Assets\Services\DataManager.cs(553,76): warning CS8625: 鏃犳硶灏?null 瀛楅潰閲忚浆鎹负闈?null 鐨勫紩鐢ㄧ被鍨嬨€?[E:\VS2022\WPF\DoorMonitorSystem\DoorMonitorSystem.csproj]
E:\VS2022\WPF\DoorMonitorSystem\Assets\Services\DataManager.cs(564,102): warning CS8625: 鏃犳硶灏?null 瀛楅潰閲忚浆鎹负闈?null 鐨勫紩鐢ㄧ被鍨嬨€?[E:\VS2022\WPF\DoorMonitorSystem\DoorMonitorSystem.csproj]
E:\VS2022\WPF\DoorMonitorSystem\Models\Ui\SupportModels.cs(11,23): warning CS8618: 鍦ㄩ€€鍑烘瀯閫犲嚱鏁版椂锛屼笉鍙负 null 鐨?灞炴€?"Name" 蹇呴』鍖呭惈闈?null 鍊笺€傝鑰冭檻娣诲姞 "required" 淇グ绗︽垨灏嗚 灞炴€?澹版槑涓哄彲涓?null銆?[E:\VS2022\WPF\DoorMonitorSystem\DoorMonitorSystem.csproj]
E:\VS2022\WPF\DoorMonitorSystem\Models\Ui\SelectorNode.cs(8,23): warning CS8618: 鍦ㄩ€€鍑烘瀯閫犲嚱鏁版椂锛屼笉鍙负 null 鐨?灞炴€?"Name" 蹇呴』鍖呭惈闈?null 鍊笺€傝鑰冭檻娣诲姞 "required" 淇グ绗︽垨灏嗚 灞炴€?澹版槑涓哄彲涓?null銆?[E:\VS2022\WPF\DoorMonitorSystem\DoorMonitorSystem.csproj]
E:\VS2022\WPF\DoorMonitorSystem\Models\Ui\SelectorNode.cs(9,23): warning CS8618: 鍦ㄩ€€鍑烘瀯閫犲嚱鏁版椂锛屼笉鍙负 null 鐨?灞炴€?"ParentName" 蹇呴』鍖呭惈闈?null 鍊笺€傝鑰冭檻娣诲姞 "required" 淇グ绗︽垨灏嗚 灞炴€?澹版槑涓哄彲涓?null銆?[E:\VS2022\WPF\DoorMonitorSystem\DoorMonitorSystem.csproj]
E:\VS2022\WPF\DoorMonitorSystem\Models\Ui\SelectorNode.cs(10,23): warning CS8618: 鍦ㄩ€€鍑烘瀯閫犲嚱鏁版椂锛屼笉鍙负 null 鐨?灞炴€?"FullDescription" 蹇呴』鍖呭惈闈?null 鍊笺€傝鑰冭檻娣诲姞 "required" 淇グ绗︽垨灏嗚 灞炴€?澹版槑涓哄彲涓?null銆?[E:\VS2022\WPF\DoorMonitorSystem\DoorMonitorSystem.csproj]
E:\VS2022\WPF\DoorMonitorSystem\Models\Ui\SelectorNode.cs(11,23): warning CS8618: 鍦ㄩ€€鍑烘瀯閫犲嚱鏁版椂锛屼笉鍙负 null 鐨?灞炴€?"NodeType" 蹇呴』鍖呭惈闈?null 鍊笺€傝鑰冭檻娣诲姞 "required" 淇グ绗︽垨灏嗚 灞炴€?澹版槑涓哄彲涓?null銆?[E:\VS2022\WPF\DoorMonitorSystem\DoorMonitorSystem.csproj]
E:\VS2022\WPF\DoorMonitorSystem\Models\Ui\SelectorNode.cs(12,23): warning CS8618: 鍦ㄩ€€鍑烘瀯閫犲嚱鏁版椂锛屼笉鍙负 null 鐨?灞炴€?"KeyId" 蹇呴』鍖呭惈闈?null 鍊笺€傝鑰冭檻娣诲姞 "required" 淇グ绗︽垨灏嗚 灞炴€?澹版槑涓哄彲涓?null銆?[E:\VS2022\WPF\DoorMonitorSystem\DoorMonitorSystem.csproj]
E:\VS2022\WPF\DoorMonitorSystem\Models\Ui\SelectorNode.cs(13,23): warning CS8618: 鍦ㄩ€€鍑烘瀯閫犲嚱鏁版椂锛屼笉鍙负 null 鐨?灞炴€?"BitConfigKeyId" 蹇呴』鍖呭惈闈?null 鍊笺€傝鑰冭檻娣诲姞 "required" 淇グ绗︽垨灏嗚 灞炴€?澹版槑涓哄彲涓?null銆?[E:\VS2022\WPF\DoorMonitorSystem\DoorMonitorSystem.csproj]
E:\VS2022\WPF\DoorMonitorSystem\Models\Ui\SelectorNode.cs(14,23): warning CS8618: 鍦ㄩ€€鍑烘瀯閫犲嚱鏁版椂锛屼笉鍙负 null 鐨?灞炴€?"BindingKey" 蹇呴』鍖呭惈闈?null 鍊笺€傝鑰冭檻娣诲姞 "required" 淇グ绗︽垨灏嗚 灞炴€?澹版槑涓哄彲涓?null銆?[E:\VS2022\WPF\DoorMonitorSystem\DoorMonitorSystem.csproj]
E:\VS2022\WPF\DoorMonitorSystem\Models\Ui\SelectorNode.cs(15,23): warning CS8618: 鍦ㄩ€€鍑烘瀯閫犲嚱鏁版椂锛屼笉鍙负 null 鐨?灞炴€?"BindingRole" 蹇呴』鍖呭惈闈?null 鍊笺€傝鑰冭檻娣诲姞 "required" 淇グ绗︽垨灏嗚 灞炴€?澹版槑涓哄彲涓?null銆?[E:\VS2022\WPF\DoorMonitorSystem\DoorMonitorSystem.csproj]
E:\VS2022\WPF\DoorMonitorSystem\Models\Ui\AddressConfigItem.cs(8,24): warning CS8618: 鍦ㄩ€€鍑烘瀯閫犲嚱鏁版椂锛屼笉鍙负 null 鐨?瀛楁 "_name" 蹇呴』鍖呭惈闈?null 鍊笺€傝鑰冭檻娣诲姞 "required" 淇グ绗︽垨灏嗚 瀛楁 澹版槑涓哄彲涓?null銆?[E:\VS2022\WPF\DoorMonitorSystem\DoorMonitorSystem.csproj]
E:\VS2022\WPF\DoorMonitorSystem\Models\Ui\AddressConfigItem.cs(29,23): warning CS8618: 鍦ㄩ€€鍑烘瀯閫犲嚱鏁版椂锛屼笉鍙负 null 鐨?灞炴€?"Type" 蹇呴』鍖呭惈闈?null 鍊笺€傝鑰冭檻娣诲姞 "required" 淇グ绗︽垨灏嗚 灞炴€?澹版槑涓哄彲涓?null銆?[E:\VS2022\WPF\DoorMonitorSystem\DoorMonitorSystem.csproj]
E:\VS2022\WPF\DoorMonitorSystem\Models\system\SysSettingsEntity.cs(23,23): warning CS8618: 鍦ㄩ€€鍑烘瀯閫犲嚱鏁版椂锛屼笉鍙负 null 鐨?灞炴€?"SettingKey" 蹇呴』鍖呭惈闈?null 鍊笺€傝鑰冭檻娣诲姞 "required" 淇グ绗︽垨灏嗚 灞炴€?澹版槑涓哄彲涓?null銆?[E:\VS2022\WPF\DoorMonitorSystem\DoorMonitorSystem.csproj]
E:\VS2022\WPF\DoorMonitorSystem\Models\system\SysSettingsEntity.cs(28,23): warning CS8618: 鍦ㄩ€€鍑烘瀯閫犲嚱鏁版椂锛屼笉鍙负 null 鐨?灞炴€?"SettingValue" 蹇呴』鍖呭惈闈?null 鍊笺€傝鑰冭檻娣诲姞 "required" 淇グ绗︽垨灏嗚 灞炴€?澹版槑涓哄彲涓?null銆?[E:\VS2022\WPF\DoorMonitorSystem\DoorMonitorSystem.csproj]
E:\VS2022\WPF\DoorMonitorSystem\Models\system\SysSettingsEntity.cs(33,23): warning CS8618: 鍦ㄩ€€鍑烘瀯閫犲嚱鏁版椂锛屼笉鍙负 null 鐨?灞炴€?"Category" 蹇呴』鍖呭惈闈?null 鍊笺€傝鑰冭檻娣诲姞 "required" 淇グ绗︽垨灏嗚 灞炴€?澹版槑涓哄彲涓?null銆?[E:\VS2022\WPF\DoorMonitorSystem\DoorMonitorSystem.csproj]
E:\VS2022\WPF\DoorMonitorSystem\Models\system\SysSettingsEntity.cs(38,23): warning CS8618: 鍦ㄩ€€鍑烘瀯閫犲嚱鏁版椂锛屼笉鍙负 null 鐨?灞炴€?"Description" 蹇呴』鍖呭惈闈?null 鍊笺€傝鑰冭檻娣诲姞 "required" 淇グ绗︽垨灏嗚 灞炴€?澹版槑涓哄彲涓?null銆?[E:\VS2022\WPF\DoorMonitorSystem\DoorMonitorSystem.csproj]
E:\VS2022\WPF\DoorMonitorSystem\Models\system\SysGraphicEntities.cs(41,23): warning CS8618: 鍦ㄩ€€鍑烘瀯閫犲嚱鏁版椂锛屼笉鍙负 null 鐨?灞炴€?"PathData" 蹇呴』鍖呭惈闈?null 鍊笺€傝鑰冭檻娣诲姞 "required" 淇グ绗︽垨灏嗚 灞炴€?澹版槑涓哄彲涓?null銆?[E:\VS2022\WPF\DoorMonitorSystem\DoorMonitorSystem.csproj]
E:\VS2022\WPF\DoorMonitorSystem\Models\system\SysGraphicEntities.cs(46,23): warning CS8618: 鍦ㄩ€€鍑烘瀯閫犲嚱鏁版椂锛屼笉鍙负 null 鐨?灞炴€?"FillColor" 蹇呴』鍖呭惈闈?null 鍊笺€傝鑰冭檻娣诲姞 "required" 淇グ绗︽垨灏嗚 灞炴€?澹版槑涓哄彲涓?null銆?[E:\VS2022\WPF\DoorMonitorSystem\DoorMonitorSystem.csproj]
E:\VS2022\WPF\DoorMonitorSystem\Models\system\SysGraphicEntities.cs(51,23): warning CS8618: 鍦ㄩ€€鍑烘瀯閫犲嚱鏁版椂锛屼笉鍙负 null 鐨?灞炴€?"StrokeColor" 蹇呴』鍖呭惈闈?null 鍊笺€傝鑰冭檻娣诲姞 "required" 淇グ绗︽垨灏嗚 灞炴€?澹版槑涓哄彲涓?null銆?[E:\VS2022\WPF\DoorMonitorSystem\DoorMonitorSystem.csproj]
E:\VS2022\WPF\DoorMonitorSystem\Assets\Services\NtpService.cs(238,47): warning CS8625: 鏃犳硶灏?null 瀛楅潰閲忚浆鎹负闈?null 鐨勫紩鐢ㄧ被鍨嬨€?[E:\VS2022\WPF\DoorMonitorSystem\DoorMonitorSystem.csproj]
E:\VS2022\WPF\DoorMonitorSystem\Views\DevvarlistView.xaml.cs(26,16): warning CS8618: 鍦ㄩ€€鍑烘瀯閫犲嚱鏁版椂锛屼笉鍙负 null 鐨?瀛楁 "_transform" 蹇呴』鍖呭惈闈?null 鍊笺€傝鑰冭檻娣诲姞 "required" 淇グ绗︽垨灏嗚 瀛楁 澹版槑涓哄彲涓?null銆?[E:\VS2022\WPF\DoorMonitorSystem\DoorMonitorSystem.csproj]
E:\VS2022\WPF\DoorMonitorSystem\Models\ConfigEntity\StationEntity.cs(30,23): warning CS8618: 鍦ㄩ€€鍑烘瀯閫犲嚱鏁版椂锛屼笉鍙负 null 鐨?灞炴€?"KeyId" 蹇呴』鍖呭惈闈?null 鍊笺€傝鑰冭檻娣诲姞 "required" 淇グ绗︽垨灏嗚 灞炴€?澹版槑涓哄彲涓?null銆?[E:\VS2022\WPF\DoorMonitorSystem\DoorMonitorSystem.csproj]
E:\VS2022\WPF\DoorMonitorSystem\Models\ConfigEntity\ParameterEntity.cs(53,23): warning CS8618: 鍦ㄩ€€鍑烘瀯閫犲嚱鏁版椂锛屼笉鍙负 null 鐨?灞炴€?"BindingKey" 蹇呴』鍖呭惈闈?null 鍊笺€傝鑰冭檻娣诲姞 "required" 淇グ绗︽垨灏嗚 灞炴€?澹版槑涓哄彲涓?null銆?[E:\VS2022\WPF\DoorMonitorSystem\DoorMonitorSystem.csproj]
E:\VS2022\WPF\DoorMonitorSystem\UControl\InputDialog.xaml.cs(30,16): warning CS8618: 鍦ㄩ€€鍑烘瀯閫犲嚱鏁版椂锛屼笉鍙负 null 鐨?灞炴€?"InputText" 蹇呴』鍖呭惈闈?null 鍊笺€傝鑰冭檻娣诲姞 "required" 淇グ绗︽垨灏嗚 灞炴€?澹版槑涓哄彲涓?null銆?[E:\VS2022\WPF\DoorMonitorSystem\DoorMonitorSystem.csproj]
E:\VS2022\WPF\DoorMonitorSystem\Models\ConfigEntity\Group\PanelTypeEntity.cs(16,23): warning CS8618: 鍦ㄩ€€鍑烘瀯閫犲嚱鏁版椂锛屼笉鍙负 null 鐨?灞炴€?"KeyId" 蹇呴』鍖呭惈闈?null 鍊笺€傝鑰冭檻娣诲姞 "required" 淇グ绗︽垨灏嗚 灞炴€?澹版槑涓哄彲涓?null銆?[E:\VS2022\WPF\DoorMonitorSystem\DoorMonitorSystem.csproj]
E:\VS2022\WPF\DoorMonitorSystem\Models\ConfigEntity\Group\PanelGroupEntity.cs(23,23): warning CS8618: 鍦ㄩ€€鍑烘瀯閫犲嚱鏁版椂锛屼笉鍙负 null 鐨?灞炴€?"KeyId" 蹇呴』鍖呭惈闈?null 鍊笺€傝鑰冭檻娣诲姞 "required" 淇グ绗︽垨灏嗚 灞炴€?澹版槑涓哄彲涓?null銆?[E:\VS2022\WPF\DoorMonitorSystem\DoorMonitorSystem.csproj]
E:\VS2022\WPF\DoorMonitorSystem\Models\ConfigEntity\Group\PanelGroupEntity.cs(27,23): warning CS8618: 鍦ㄩ€€鍑烘瀯閫犲嚱鏁版椂锛屼笉鍙负 null 鐨?灞炴€?"StationKeyId" 蹇呴』鍖呭惈闈?null 鍊笺€傝鑰冭檻娣诲姞 "required" 淇グ绗︽垨灏嗚 灞炴€?澹版槑涓哄彲涓?null銆?[E:\VS2022\WPF\DoorMonitorSystem\DoorMonitorSystem.csproj]
E:\VS2022\WPF\DoorMonitorSystem\Models\ConfigEntity\Group\PanelEntity.cs(32,23): warning CS8618: 鍦ㄩ€€鍑烘瀯閫犲嚱鏁版椂锛屼笉鍙负 null 鐨?灞炴€?"PanelTypeKeyId" 蹇呴』鍖呭惈闈?null 鍊笺€傝鑰冭檻娣诲姞 "required" 淇グ绗︽垨灏嗚 灞炴€?澹版槑涓哄彲涓?null銆?[E:\VS2022\WPF\DoorMonitorSystem\DoorMonitorSystem.csproj]
E:\VS2022\WPF\DoorMonitorSystem\Models\ConfigEntity\Group\PanelEntity.cs(42,23): warning CS8618: 鍦ㄩ€€鍑烘瀯閫犲嚱鏁版椂锛屼笉鍙负 null 鐨?灞炴€?"KeyId" 蹇呴』鍖呭惈闈?null 鍊笺€傝鑰冭檻娣诲姞 "required" 淇グ绗︽垨灏嗚 灞炴€?澹版槑涓哄彲涓?null銆?[E:\VS2022\WPF\DoorMonitorSystem\DoorMonitorSystem.csproj]
E:\VS2022\WPF\DoorMonitorSystem\Models\ConfigEntity\Group\PanelEntity.cs(46,23): warning CS8618: 鍦ㄩ€€鍑烘瀯閫犲嚱鏁版椂锛屼笉鍙负 null 鐨?灞炴€?"ParentKeyId" 蹇呴』鍖呭惈闈?null 鍊笺€傝鑰冭檻娣诲姞 "required" 淇グ绗︽垨灏嗚 灞炴€?澹版槑涓哄彲涓?null銆?[E:\VS2022\WPF\DoorMonitorSystem\DoorMonitorSystem.csproj]
E:\VS2022\WPF\DoorMonitorSystem\Assets\Services\DataManager.cs(726,98): warning CS8625: 鏃犳硶灏?null 瀛楅潰閲忚浆鎹负闈?null 鐨勫紩鐢ㄧ被鍨嬨€?[E:\VS2022\WPF\DoorMonitorSystem\DoorMonitorSystem.csproj]
E:\VS2022\WPF\DoorMonitorSystem\Assets\Services\DataManager.cs(732,102): warning CS8625: 鏃犳硶灏?null 瀛楅潰閲忚浆鎹负闈?null 鐨勫紩鐢ㄧ被鍨嬨€?[E:\VS2022\WPF\DoorMonitorSystem\DoorMonitorSystem.csproj]
E:\VS2022\WPF\DoorMonitorSystem\Models\system\SysGraphicEntities.cs(21,23): warning CS8618: 鍦ㄩ€€鍑烘瀯閫犲嚱鏁版椂锛屼笉鍙负 null 鐨?灞炴€?"GroupName" 蹇呴』鍖呭惈闈?null 鍊笺€傝鑰冭檻娣诲姞 "required" 淇グ绗︽垨灏嗚 灞炴€?澹版槑涓哄彲涓?null銆?[E:\VS2022\WPF\DoorMonitorSystem\DoorMonitorSystem.csproj]
E:\VS2022\WPF\DoorMonitorSystem\Models\system\SysDeviceEntities.cs(63,23): warning CS8618: 鍦ㄩ€€鍑烘瀯閫犲嚱鏁版椂锛屼笉鍙负 null 鐨?灞炴€?"ParamName" 蹇呴』鍖呭惈闈?null 鍊笺€傝鑰冭檻娣诲姞 "required" 淇グ绗︽垨灏嗚 灞炴€?澹版槑涓哄彲涓?null銆?[E:\VS2022\WPF\DoorMonitorSystem\DoorMonitorSystem.csproj]
E:\VS2022\WPF\DoorMonitorSystem\Models\system\SysDeviceEntities.cs(68,23): warning CS8618: 鍦ㄩ€€鍑烘瀯閫犲嚱鏁版椂锛屼笉鍙负 null 鐨?灞炴€?"ParamValue" 蹇呴』鍖呭惈闈?null 鍊笺€傝鑰冭檻娣诲姞 "required" 淇グ绗︽垨灏嗚 灞炴€?澹版槑涓哄彲涓?null銆?[E:\VS2022\WPF\DoorMonitorSystem\DoorMonitorSystem.csproj]
E:\VS2022\WPF\DoorMonitorSystem\Models\system\SysDeviceEntities.cs(28,23): warning CS8618: 鍦ㄩ€€鍑烘瀯閫犲嚱鏁版椂锛屼笉鍙负 null 鐨?灞炴€?"Name" 蹇呴』鍖呭惈闈?null 鍊笺€傝鑰冭檻娣诲姞 "required" 淇グ绗︽垨灏嗚 灞炴€?澹版槑涓哄彲涓?null銆?[E:\VS2022\WPF\DoorMonitorSystem\DoorMonitorSystem.csproj]
E:\VS2022\WPF\DoorMonitorSystem\Models\system\SysDeviceEntities.cs(33,23): warning CS8618: 鍦ㄩ€€鍑烘瀯閫犲嚱鏁版椂锛屼笉鍙负 null 鐨?灞炴€?"Protocol" 蹇呴』鍖呭惈闈?null 鍊笺€傝鑰冭檻娣诲姞 "required" 淇グ绗︽垨灏嗚 灞炴€?澹版槑涓哄彲涓?null銆?[E:\VS2022\WPF\DoorMonitorSystem\DoorMonitorSystem.csproj]
E:\VS2022\WPF\DoorMonitorSystem\Models\system\SysDeviceEntities.cs(43,23): warning CS8618: 鍦ㄩ€€鍑烘瀯閫犲嚱鏁版椂锛屼笉鍙负 null 鐨?灞炴€?"Description" 蹇呴』鍖呭惈闈?null 鍊笺€傝鑰冭檻娣诲姞 "required" 淇グ绗︽垨灏嗚 灞炴€?澹版槑涓哄彲涓?null銆?[E:\VS2022\WPF\DoorMonitorSystem\DoorMonitorSystem.csproj]
E:\VS2022\WPF\DoorMonitorSystem\ViewModels\ConfigItems\PanelConfigItem.cs(28,64): warning CS8604: 鈥渧oid PanelConfigItem.RemoveBit(PanelBitConfigEntity item)鈥濅腑鐨勫舰鍙傗€渋tem鈥濆彲鑳戒紶鍏?null 寮曠敤瀹炲弬銆?[E:\VS2022\WPF\DoorMonitorSystem\DoorMonitorSystem.csproj]
E:\VS2022\WPF\DoorMonitorSystem\ViewModels\ConfigItems\PanelConfigItem.cs(36,83): warning CS8603: 鍙兘杩斿洖 null 寮曠敤銆?[E:\VS2022\WPF\DoorMonitorSystem\DoorMonitorSystem.csproj]
E:\VS2022\WPF\DoorMonitorSystem\Models\RunModels\StationMainGroup.cs(15,23): warning CS8618: 鍦ㄩ€€鍑烘瀯閫犲嚱鏁版椂锛屼笉鍙负 null 鐨?灞炴€?"KeyId" 蹇呴』鍖呭惈闈?null 鍊笺€傝鑰冭檻娣诲姞 "required" 淇グ绗︽垨灏嗚 灞炴€?澹版槑涓哄彲涓?null銆?[E:\VS2022\WPF\DoorMonitorSystem\DoorMonitorSystem.csproj]
E:\VS2022\WPF\DoorMonitorSystem\Models\RunModels\ParameterModels.cs(83,23): warning CS8618: 鍦ㄩ€€鍑烘瀯閫犲嚱鏁版椂锛屼笉鍙负 null 鐨?灞炴€?"DisplayName" 蹇呴』鍖呭惈闈?null 鍊笺€傝鑰冭檻娣诲姞 "required" 淇グ绗︽垨灏嗚 灞炴€?澹版槑涓哄彲涓?null銆?[E:\VS2022\WPF\DoorMonitorSystem\DoorMonitorSystem.csproj]
E:\VS2022\WPF\DoorMonitorSystem\Models\RunModels\ParameterModels.cs(12,24): warning CS8618: 鍦ㄩ€€鍑烘瀯閫犲嚱鏁版椂锛屼笉鍙负 null 鐨?瀛楁 "_label" 蹇呴』鍖呭惈闈?null 鍊笺€傝鑰冭檻娣诲姞 "required" 淇グ绗︽垨灏嗚 瀛楁 澹版槑涓哄彲涓?null銆?[E:\VS2022\WPF\DoorMonitorSystem\DoorMonitorSystem.csproj]
E:\VS2022\WPF\DoorMonitorSystem\Models\RunModels\ParameterModels.cs(35,24): warning CS8618: 鍦ㄩ€€鍑烘瀯閫犲嚱鏁版椂锛屼笉鍙负 null 鐨?瀛楁 "_unit" 蹇呴』鍖呭惈闈?null 鍊笺€傝鑰冭檻娣诲姞 "required" 淇グ绗︽垨灏嗚 瀛楁 澹版槑涓哄彲涓?null銆?[E:\VS2022\WPF\DoorMonitorSystem\DoorMonitorSystem.csproj]
E:\VS2022\WPF\DoorMonitorSystem\Models\RunModels\ParameterModels.cs(42,24): warning CS8618: 鍦ㄩ€€鍑烘瀯閫犲嚱鏁版椂锛屼笉鍙负 null 鐨?瀛楁 "_hint" 蹇呴』鍖呭惈闈?null 鍊笺€傝鑰冭檻娣诲姞 "required" 淇グ绗︽垨灏嗚 瀛楁 澹版槑涓哄彲涓?null銆?[E:\VS2022\WPF\DoorMonitorSystem\DoorMonitorSystem.csproj]
E:\VS2022\WPF\DoorMonitorSystem\Models\RunModels\ParameterModels.cs(50,23): warning CS8618: 鍦ㄩ€€鍑烘瀯閫犲嚱鏁版椂锛屼笉鍙负 null 鐨?灞炴€?"BindingKey" 蹇呴』鍖呭惈闈?null 鍊笺€傝鑰冭檻娣诲姞 "required" 淇グ绗︽垨灏嗚 灞炴€?澹版槑涓哄彲涓?null銆?[E:\VS2022\WPF\DoorMonitorSystem\DoorMonitorSystem.csproj]
E:\VS2022\WPF\DoorMonitorSystem\Models\RunModels\ParameterModels.cs(53,23): warning CS8618: 鍦ㄩ€€鍑烘瀯閫犲嚱鏁版椂锛屼笉鍙负 null 鐨?灞炴€?"DataType" 蹇呴』鍖呭惈闈?null 鍊笺€傝鑰冭檻娣诲姞 "required" 淇グ绗︽垨灏嗚 灞炴€?澹版槑涓哄彲涓?null銆?[E:\VS2022\WPF\DoorMonitorSystem\DoorMonitorSystem.csproj]
E:\VS2022\WPF\DoorMonitorSystem\Models\RunModels\ParameterModels.cs(66,24): warning CS8618: 鍦ㄩ€€鍑烘瀯閫犲嚱鏁版椂锛屼笉鍙负 null 鐨?瀛楁 "_debugInfo" 蹇呴』鍖呭惈闈?null 鍊笺€傝鑰冭檻娣诲姞 "required" 淇グ绗︽垨灏嗚 瀛楁 澹版槑涓哄彲涓?null銆?[E:\VS2022\WPF\DoorMonitorSystem\DoorMonitorSystem.csproj]
E:\VS2022\WPF\DoorMonitorSystem\Models\RunModels\PanelModel.cs(17,23): warning CS8618: 鍦ㄩ€€鍑烘瀯閫犲嚱鏁版椂锛屼笉鍙负 null 鐨?灞炴€?"KeyId" 蹇呴』鍖呭惈闈?null 鍊笺€傝鑰冭檻娣诲姞 "required" 淇グ绗︽垨灏嗚 灞炴€?澹版槑涓哄彲涓?null銆?[E:\VS2022\WPF\DoorMonitorSystem\DoorMonitorSystem.csproj]
E:\VS2022\WPF\DoorMonitorSystem\Models\RunModels\PanelGroup.cs(15,23): warning CS8618: 鍦ㄩ€€鍑烘瀯閫犲嚱鏁版椂锛屼笉鍙负 null 鐨?灞炴€?"KeyId" 蹇呴』鍖呭惈闈?null 鍊笺€傝鑰冭檻娣诲姞 "required" 淇グ绗︽垨灏嗚 灞炴€?澹版槑涓哄彲涓?null銆?[E:\VS2022\WPF\DoorMonitorSystem\DoorMonitorSystem.csproj]
E:\VS2022\WPF\DoorMonitorSystem\Assets\Services\DataManager.cs(834,94): warning CS8625: 鏃犳硶灏?null 瀛楅潰閲忚浆鎹负闈?null 鐨勫紩鐢ㄧ被鍨嬨€?[E:\VS2022\WPF\DoorMonitorSystem\DoorMonitorSystem.csproj]
E:\VS2022\WPF\DoorMonitorSystem\Assets\Services\DataManager.cs(837,108): warning CS8625: 鏃犳硶灏?null 瀛楅潰閲忚浆鎹负闈?null 鐨勫紩鐢ㄧ被鍨嬨€?[E:\VS2022\WPF\DoorMonitorSystem\DoorMonitorSystem.csproj]
E:\VS2022\WPF\DoorMonitorSystem\Models\RunModels\PanelBitConfig.cs(15,23): warning CS8618: 鍦ㄩ€€鍑烘瀯閫犲嚱鏁版椂锛屼笉鍙负 null 鐨?灞炴€?"KeyId" 蹇呴』鍖呭惈闈?null 鍊笺€傝鑰冭檻娣诲姞 "required" 淇グ绗︽垨灏嗚 灞炴€?澹版槑涓哄彲涓?null銆?[E:\VS2022\WPF\DoorMonitorSystem\DoorMonitorSystem.csproj]
E:\VS2022\WPF\DoorMonitorSystem\UControl\DateTimePicker.xaml.cs(146,39): warning CS8600: 灏?null 鏂囨湰鎴栧彲鑳界殑 null 鍊艰浆鎹负涓嶅彲涓?null 绫诲瀷銆?[E:\VS2022\WPF\DoorMonitorSystem\DoorMonitorSystem.csproj]
E:\VS2022\WPF\DoorMonitorSystem\ViewModels\GraphicEditingViewModel.cs(27,23): warning CS8618: 鍦ㄩ€€鍑烘瀯閫犲嚱鏁版椂锛屼笉鍙负 null 鐨?灞炴€?"Name" 蹇呴』鍖呭惈闈?null 鍊笺€傝鑰冭檻娣诲姞 "required" 淇グ绗︽垨灏嗚 灞炴€?澹版槑涓哄彲涓?null銆?[E:\VS2022\WPF\DoorMonitorSystem\DoorMonitorSystem.csproj]
E:\VS2022\WPF\DoorMonitorSystem\ViewModels\GraphicEditingViewModel.cs(28,31): warning CS8618: 鍦ㄩ€€鍑烘瀯閫犲嚱鏁版椂锛屼笉鍙负 null 鐨?灞炴€?"Items" 蹇呴』鍖呭惈闈?null 鍊笺€傝鑰冭檻娣诲姞 "required" 淇グ绗︽垨灏嗚 灞炴€?澹版槑涓哄彲涓?null銆?[E:\VS2022\WPF\DoorMonitorSystem\DoorMonitorSystem.csproj]
E:\VS2022\WPF\DoorMonitorSystem\ViewModels\GraphicEditingViewModel.cs(32,23): warning CS8618: 鍦ㄩ€€鍑烘瀯閫犲嚱鏁版椂锛屼笉鍙负 null 鐨?灞炴€?"Name" 蹇呴』鍖呭惈闈?null 鍊笺€傝鑰冭檻娣诲姞 "required" 淇グ绗︽垨灏嗚 灞炴€?澹版槑涓哄彲涓?null銆?[E:\VS2022\WPF\DoorMonitorSystem\DoorMonitorSystem.csproj]
E:\VS2022\WPF\DoorMonitorSystem\ViewModels\GraphicEditingViewModel.cs(33,43): warning CS8618: 鍦ㄩ€€鍑烘瀯閫犲嚱鏁版椂锛屼笉鍙负 null 鐨?灞炴€?"Items" 蹇呴』鍖呭惈闈?null 鍊笺€傝鑰冭檻娣诲姞 "required" 淇グ绗︽垨灏嗚 灞炴€?澹版槑涓哄彲涓?null銆?[E:\VS2022\WPF\DoorMonitorSystem\DoorMonitorSystem.csproj]
E:\VS2022\WPF\DoorMonitorSystem\ViewModels\GraphicEditingViewModel.cs(38,23): warning CS8618: 鍦ㄩ€€鍑烘瀯閫犲嚱鏁版椂锛屼笉鍙负 null 鐨?灞炴€?"PathData" 蹇呴』鍖呭惈闈?null 鍊笺€傝鑰冭檻娣诲姞 "required" 淇グ绗︽垨灏嗚 灞炴€?澹版槑涓哄彲涓?null銆?[E:\VS2022\WPF\DoorMonitorSystem\DoorMonitorSystem.csproj]
E:\VS2022\WPF\DoorMonitorSystem\ViewModels\GraphicEditingViewModel.cs(39,23): warning CS8618: 鍦ㄩ€€鍑烘瀯閫犲嚱鏁版椂锛屼笉鍙负 null 鐨?灞炴€?"StrokeColor" 蹇呴』鍖呭惈闈?null 鍊笺€傝鑰冭檻娣诲姞 "required" 淇グ绗︽垨灏嗚 灞炴€?澹版槑涓哄彲涓?null銆?[E:\VS2022\WPF\DoorMonitorSystem\DoorMonitorSystem.csproj]
E:\VS2022\WPF\DoorMonitorSystem\ViewModels\GraphicEditingViewModel.cs(40,23): warning CS8618: 鍦ㄩ€€鍑烘瀯閫犲嚱鏁版椂锛屼笉鍙负 null 鐨?灞炴€?"FillColor" 蹇呴』鍖呭惈闈?null 鍊笺€傝鑰冭檻娣诲姞 "required" 淇グ绗︽垨灏嗚 灞炴€?澹版槑涓哄彲涓?null銆?[E:\VS2022\WPF\DoorMonitorSystem\DoorMonitorSystem.csproj]
E:\VS2022\WPF\DoorMonitorSystem\ViewModels\GraphicEditingViewModel.cs(47,16): warning CS8618: 鍦ㄩ€€鍑烘瀯閫犲嚱鏁版椂锛屼笉鍙负 null 鐨?瀛楁 "_selectedItem" 蹇呴』鍖呭惈闈?null 鍊笺€傝鑰冭檻娣诲姞 "required" 淇グ绗︽垨灏嗚 瀛楁 澹版槑涓哄彲涓?null銆?[E:\VS2022\WPF\DoorMonitorSystem\DoorMonitorSystem.csproj]
E:\VS2022\WPF\DoorMonitorSystem\ViewModels\GraphicEditingViewModel.cs(47,16): warning CS8618: 鍦ㄩ€€鍑烘瀯閫犲嚱鏁版椂锛屼笉鍙负 null 鐨?瀛楁 "_pathDataText" 蹇呴』鍖呭惈闈?null 鍊笺€傝鑰冭檻娣诲姞 "required" 淇グ绗︽垨灏嗚 瀛楁 澹版槑涓哄彲涓?null銆?[E:\VS2022\WPF\DoorMonitorSystem\DoorMonitorSystem.csproj]
E:\VS2022\WPF\DoorMonitorSystem\ViewModels\GraphicEditingViewModel.cs(47,16): warning CS8618: 鍦ㄩ€€鍑烘瀯閫犲嚱鏁版椂锛屼笉鍙负 null 鐨?瀛楁 "_pathData" 蹇呴』鍖呭惈闈?null 鍊笺€傝鑰冭檻娣诲姞 "required" 淇グ绗︽垨灏嗚 瀛楁 澹版槑涓哄彲涓?null銆?[E:\VS2022\WPF\DoorMonitorSystem\DoorMonitorSystem.csproj]
E:\VS2022\WPF\DoorMonitorSystem\ViewModels\Devvarlist\DevvarlistViewModel.cs(238,38): warning CS8625: 鏃犳硶灏?null 瀛楅潰閲忚浆鎹负闈?null 鐨勫紩鐢ㄧ被鍨嬨€?[E:\VS2022\WPF\DoorMonitorSystem\DoorMonitorSystem.csproj]
E:\VS2022\WPF\DoorMonitorSystem\ViewModels\Devvarlist\DevvarlistViewModel.cs(239,40): warning CS8625: 鏃犳硶灏?null 瀛楅潰閲忚浆鎹负闈?null 鐨勫紩鐢ㄧ被鍨嬨€?[E:\VS2022\WPF\DoorMonitorSystem\DoorMonitorSystem.csproj]
E:\VS2022\WPF\DoorMonitorSystem\ViewModels\Devvarlist\DevvarlistViewModel.cs(240,49): warning CS8625: 鏃犳硶灏?null 瀛楅潰閲忚浆鎹负闈?null 鐨勫紩鐢ㄧ被鍨嬨€?[E:\VS2022\WPF\DoorMonitorSystem\DoorMonitorSystem.csproj]
E:\VS2022\WPF\DoorMonitorSystem\ViewModels\Devvarlist\DevvarlistViewModel.cs(241,40): warning CS8625: 鏃犳硶灏?null 瀛楅潰閲忚浆鎹负闈?null 鐨勫紩鐢ㄧ被鍨嬨€?[E:\VS2022\WPF\DoorMonitorSystem\DoorMonitorSystem.csproj]
E:\VS2022\WPF\DoorMonitorSystem\ViewModels\Devvarlist\DevvarlistViewModel.cs(255,16): warning CS8618: 鍦ㄩ€€鍑烘瀯閫犲嚱鏁版椂锛屼笉鍙负 null 鐨?瀛楁 "_selectedPoint" 蹇呴』鍖呭惈闈?null 鍊笺€傝鑰冭檻娣诲姞 "required" 淇グ绗︽垨灏嗚 瀛楁 澹版槑涓哄彲涓?null銆?[E:\VS2022\WPF\DoorMonitorSystem\DoorMonitorSystem.csproj]
E:\VS2022\WPF\DoorMonitorSystem\ViewModels\Devvarlist\DevvarlistViewModel.cs(255,16): warning CS8618: 鍦ㄩ€€鍑烘瀯閫犲嚱鏁版椂锛屼笉鍙负 null 鐨?瀛楁 "_selectedDevice" 蹇呴』鍖呭惈闈?null 鍊笺€傝鑰冭檻娣诲姞 "required" 淇グ绗︽垨灏嗚 瀛楁 澹版槑涓哄彲涓?null銆?[E:\VS2022\WPF\DoorMonitorSystem\DoorMonitorSystem.csproj]
E:\VS2022\WPF\DoorMonitorSystem\ViewModels\Devvarlist\DevvarlistViewModel.cs(255,16): warning CS8618: 鍦ㄩ€€鍑烘瀯閫犲嚱鏁版椂锛屼笉鍙负 null 鐨?瀛楁 "_selectedTreeNode" 蹇呴』鍖呭惈闈?null 鍊笺€傝鑰冭檻娣诲姞 "required" 淇グ绗︽垨灏嗚 瀛楁 澹版槑涓哄彲涓?null銆?[E:\VS2022\WPF\DoorMonitorSystem\DoorMonitorSystem.csproj]
E:\VS2022\WPF\DoorMonitorSystem\Models\ConfigEntity\Group\PanelBitConfigEntity.cs(16,23): warning CS8618: 鍦ㄩ€€鍑烘瀯閫犲嚱鏁版椂锛屼笉鍙负 null 鐨?灞炴€?"KeyId" 蹇呴』鍖呭惈闈?null 鍊笺€傝鑰冭檻娣诲姞 "required" 淇グ绗︽垨灏嗚 灞炴€?澹版槑涓哄彲涓?null銆?[E:\VS2022\WPF\DoorMonitorSystem\DoorMonitorSystem.csproj]
E:\VS2022\WPF\DoorMonitorSystem\Models\ConfigEntity\Group\PanelBitConfigEntity.cs(20,23): warning CS8618: 鍦ㄩ€€鍑烘瀯閫犲嚱鏁版椂锛屼笉鍙负 null 鐨?灞炴€?"PanelKeyId" 蹇呴』鍖呭惈闈?null 鍊笺€傝鑰冭檻娣诲姞 "required" 淇グ绗︽垨灏嗚 灞炴€?澹版槑涓哄彲涓?null銆?[E:\VS2022\WPF\DoorMonitorSystem\DoorMonitorSystem.csproj]
E:\VS2022\WPF\DoorMonitorSystem\Models\ConfigEntity\Door\DoorTypeEntity.cs(16,23): warning CS8618: 鍦ㄩ€€鍑烘瀯閫犲嚱鏁版椂锛屼笉鍙负 null 鐨?灞炴€?"KeyId" 蹇呴』鍖呭惈闈?null 鍊笺€傝鑰冭檻娣诲姞 "required" 淇グ绗︽垨灏嗚 灞炴€?澹版槑涓哄彲涓?null銆?[E:\VS2022\WPF\DoorMonitorSystem\DoorMonitorSystem.csproj]
E:\VS2022\WPF\DoorMonitorSystem\Models\ConfigEntity\Door\DoorEntity.cs(30,23): warning CS8618: 鍦ㄩ€€鍑烘瀯閫犲嚱鏁版椂锛屼笉鍙负 null 鐨?灞炴€?"DoorTypeKeyId" 蹇呴』鍖呭惈闈?null 鍊笺€傝鑰冭檻娣诲姞 "required" 淇グ绗︽垨灏嗚 灞炴€?澹版槑涓哄彲涓?null銆?[E:\VS2022\WPF\DoorMonitorSystem\DoorMonitorSystem.csproj]
E:\VS2022\WPF\DoorMonitorSystem\Models\ConfigEntity\Door\DoorEntity.cs(34,23): warning CS8618: 鍦ㄩ€€鍑烘瀯閫犲嚱鏁版椂锛屼笉鍙负 null 鐨?灞炴€?"KeyId" 蹇呴』鍖呭惈闈?null 鍊笺€傝鑰冭檻娣诲姞 "required" 淇グ绗︽垨灏嗚 灞炴€?澹版槑涓哄彲涓?null銆?[E:\VS2022\WPF\DoorMonitorSystem\DoorMonitorSystem.csproj]
E:\VS2022\WPF\DoorMonitorSystem\Models\ConfigEntity\Door\DoorEntity.cs(38,23): warning CS8618: 鍦ㄩ€€鍑烘瀯閫犲嚱鏁版椂锛屼笉鍙负 null 鐨?灞炴€?"ParentKeyId" 蹇呴』鍖呭惈闈?null 鍊笺€傝鑰冭檻娣诲姞 "required" 淇グ绗︽垨灏嗚 灞炴€?澹版槑涓哄彲涓?null銆?[E:\VS2022\WPF\DoorMonitorSystem\DoorMonitorSystem.csproj]
E:\VS2022\WPF\DoorMonitorSystem\Models\ConfigEntity\Door\DoorBitConfigEntity.cs(16,23): warning CS8618: 鍦ㄩ€€鍑烘瀯閫犲嚱鏁版椂锛屼笉鍙负 null 鐨?灞炴€?"KeyId" 蹇呴』鍖呭惈闈?null 鍊笺€傝鑰冭檻娣诲姞 "required" 淇グ绗︽垨灏嗚 灞炴€?澹版槑涓哄彲涓?null銆?[E:\VS2022\WPF\DoorMonitorSystem\DoorMonitorSystem.csproj]
E:\VS2022\WPF\DoorMonitorSystem\Models\ConfigEntity\Door\DoorBitConfigEntity.cs(20,23): warning CS8618: 鍦ㄩ€€鍑烘瀯閫犲嚱鏁版椂锛屼笉鍙负 null 鐨?灞炴€?"DoorTypeKeyId" 蹇呴』鍖呭惈闈?null 鍊笺€傝鑰冭檻娣诲姞 "required" 淇グ绗︽垨灏嗚 灞炴€?澹版槑涓哄彲涓?null銆?[E:\VS2022\WPF\DoorMonitorSystem\DoorMonitorSystem.csproj]
E:\VS2022\WPF\DoorMonitorSystem\Models\ConfigEntity\DoorGroupEntity.cs(23,23): warning CS8618: 鍦ㄩ€€鍑烘瀯閫犲嚱鏁版椂锛屼笉鍙负 null 鐨?灞炴€?"KeyId" 蹇呴』鍖呭惈闈?null 鍊笺€傝鑰冭檻娣诲姞 "required" 淇グ绗︽垨灏嗚 灞炴€?澹版槑涓哄彲涓?null銆?[E:\VS2022\WPF\DoorMonitorSystem\DoorMonitorSystem.csproj]
E:\VS2022\WPF\DoorMonitorSystem\Models\ConfigEntity\DoorGroupEntity.cs(27,23): warning CS8618: 鍦ㄩ€€鍑烘瀯閫犲嚱鏁版椂锛屼笉鍙负 null 鐨?灞炴€?"StationKeyId" 蹇呴』鍖呭惈闈?null 鍊笺€傝鑰冭檻娣诲姞 "required" 淇グ绗︽垨灏嗚 灞炴€?澹版槑涓哄彲涓?null銆?[E:\VS2022\WPF\DoorMonitorSystem\DoorMonitorSystem.csproj]
E:\VS2022\WPF\DoorMonitorSystem\Models\ConfigEntity\DevicePointConfigEntity.cs(21,24): warning CS8618: 鍦ㄩ€€鍑烘瀯閫犲嚱鏁版椂锛屼笉鍙负 null 鐨?瀛楁 "_category" 蹇呴』鍖呭惈闈?null 鍊笺€傝鑰冭檻娣诲姞 "required" 淇グ绗︽垨灏嗚 瀛楁 澹版槑涓哄彲涓?null銆?[E:\VS2022\WPF\DoorMonitorSystem\DoorMonitorSystem.csproj]
E:\VS2022\WPF\DoorMonitorSystem\Models\ConfigEntity\DevicePointConfigEntity.cs(38,24): warning CS8618: 鍦ㄩ€€鍑烘瀯閫犲嚱鏁版椂锛屼笉鍙负 null 鐨?瀛楁 "_uiBinding" 蹇呴』鍖呭惈闈?null 鍊笺€傝鑰冭檻娣诲姞 "required" 淇グ绗︽垨灏嗚 瀛楁 澹版槑涓哄彲涓?null銆?[E:\VS2022\WPF\DoorMonitorSystem\DoorMonitorSystem.csproj]
E:\VS2022\WPF\DoorMonitorSystem\Models\ConfigEntity\DevicePointConfigEntity.cs(43,24): warning CS8618: 鍦ㄩ€€鍑烘瀯閫犲嚱鏁版椂锛屼笉鍙负 null 鐨?瀛楁 "_bindingRole" 蹇呴』鍖呭惈闈?null 鍊笺€傝鑰冭檻娣诲姞 "required" 淇グ绗︽垨灏嗚 瀛楁 澹版槑涓哄彲涓?null銆?[E:\VS2022\WPF\DoorMonitorSystem\DoorMonitorSystem.csproj]
E:\VS2022\WPF\DoorMonitorSystem\Models\ConfigEntity\DevicePointConfigEntity.cs(70,24): warning CS8618: 鍦ㄩ€€鍑烘瀯閫犲嚱鏁版椂锛屼笉鍙负 null 鐨?瀛楁 "_targetKeyId" 蹇呴』鍖呭惈闈?null 鍊笺€傝鑰冭檻娣诲姞 "required" 淇グ绗︽垨灏嗚 瀛楁 澹版槑涓哄彲涓?null銆?[E:\VS2022\WPF\DoorMonitorSystem\DoorMonitorSystem.csproj]
E:\VS2022\WPF\DoorMonitorSystem\Models\ConfigEntity\DevicePointConfigEntity.cs(75,24): warning CS8618: 鍦ㄩ€€鍑烘瀯閫犲嚱鏁版椂锛屼笉鍙负 null 鐨?瀛楁 "_targetBitConfigKeyId" 蹇呴』鍖呭惈闈?null 鍊笺€傝鑰冭檻娣诲姞 "required" 淇グ绗︽垨灏嗚 瀛楁 澹版槑涓哄彲涓?null銆?[E:\VS2022\WPF\DoorMonitorSystem\DoorMonitorSystem.csproj]
E:\VS2022\WPF\DoorMonitorSystem\Models\ConfigEntity\DevicePointConfigEntity.cs(125,24): warning CS8618: 鍦ㄩ€€鍑烘瀯閫犲嚱鏁版椂锛屼笉鍙负 null 鐨?瀛楁 "_logMessage" 蹇呴』鍖呭惈闈?null 鍊笺€傝鑰冭檻娣诲姞 "required" 淇グ绗︽垨灏嗚 瀛楁 澹版槑涓哄彲涓?null銆?[E:\VS2022\WPF\DoorMonitorSystem\DoorMonitorSystem.csproj]
E:\VS2022\WPF\DoorMonitorSystem\Models\ConfigEntity\DevicePointConfigEntity.cs(150,24): warning CS8618: 鍦ㄩ€€鍑烘瀯閫犲嚱鏁版椂锛屼笉鍙负 null 鐨?瀛楁 "_state0Desc" 蹇呴』鍖呭惈闈?null 鍊笺€傝鑰冭檻娣诲姞 "required" 淇グ绗︽垨灏嗚 瀛楁 澹版槑涓哄彲涓?null銆?[E:\VS2022\WPF\DoorMonitorSystem\DoorMonitorSystem.csproj]
E:\VS2022\WPF\DoorMonitorSystem\Models\ConfigEntity\DevicePointConfigEntity.cs(155,24): warning CS8618: 鍦ㄩ€€鍑烘瀯閫犲嚱鏁版椂锛屼笉鍙负 null 鐨?瀛楁 "_state1Desc" 蹇呴』鍖呭惈闈?null 鍊笺€傝鑰冭檻娣诲姞 "required" 淇グ绗︽垨灏嗚 瀛楁 澹版槑涓哄彲涓?null銆?[E:\VS2022\WPF\DoorMonitorSystem\DoorMonitorSystem.csproj]
E:\VS2022\WPF\DoorMonitorSystem\Models\ConfigEntity\DevicePointConfigEntity.cs(166,24): warning CS8618: 鍦ㄩ€€鍑烘瀯閫犲嚱鏁版椂锛屼笉鍙负 null 鐨?瀛楁 "_description" 蹇呴』鍖呭惈闈?null 鍊笺€傝鑰冭檻娣诲姞 "required" 淇グ绗︽垨灏嗚 瀛楁 澹版槑涓哄彲涓?null銆?[E:\VS2022\WPF\DoorMonitorSystem\DoorMonitorSystem.csproj]
E:\VS2022\WPF\DoorMonitorSystem\Models\ConfigEntity\DevicePointConfigEntity.cs(174,24): warning CS8618: 鍦ㄩ€€鍑烘瀯閫犲嚱鏁版椂锛屼笉鍙负 null 鐨?瀛楁 "_targetObjName" 蹇呴』鍖呭惈闈?null 鍊笺€傝鑰冭檻娣诲姞 "required" 淇グ绗︽垨灏嗚 瀛楁 澹版槑涓哄彲涓?null銆?[E:\VS2022\WPF\DoorMonitorSystem\DoorMonitorSystem.csproj]
E:\VS2022\WPF\DoorMonitorSystem\Models\ConfigEntity\DevicePointConfigEntity.cs(178,24): warning CS8618: 鍦ㄩ€€鍑烘瀯閫犲嚱鏁版椂锛屼笉鍙负 null 鐨?瀛楁 "_targetBitConfigName" 蹇呴』鍖呭惈闈?null 鍊笺€傝鑰冭檻娣诲姞 "required" 淇グ绗︽垨灏嗚 瀛楁 澹版槑涓哄彲涓?null銆?[E:\VS2022\WPF\DoorMonitorSystem\DoorMonitorSystem.csproj]
E:\VS2022\WPF\DoorMonitorSystem\Models\ConfigEntity\DevicePointConfigEntity.cs(182,24): warning CS8618: 鍦ㄩ€€鍑烘瀯閫犲嚱鏁版椂锛屼笉鍙负 null 鐨?瀛楁 "_syncTargetDeviceName" 蹇呴』鍖呭惈闈?null 鍊笺€傝鑰冭檻娣诲姞 "required" 淇グ绗︽垨灏嗚 瀛楁 澹版槑涓哄彲涓?null銆?[E:\VS2022\WPF\DoorMonitorSystem\DoorMonitorSystem.csproj]
E:\VS2022\WPF\DoorMonitorSystem\Assets\Services\DeviceCommunicationService.cs(32,50): warning CS8618: 鍦ㄩ€€鍑烘瀯閫犲嚱鏁版椂锛屼笉鍙负 null 鐨?灞炴€?"Instance" 蹇呴』鍖呭惈闈?null 鍊笺€傝鑰冭檻娣诲姞 "required" 淇グ绗︽垨灏嗚 灞炴€?澹版槑涓哄彲涓?null銆?[E:\VS2022\WPF\DoorMonitorSystem\DoorMonitorSystem.csproj]
E:\VS2022\WPF\DoorMonitorSystem\ViewModels\LayoutConfigurationViewModel.cs(123,83): warning CS8601: 鍙兘鐨?null 寮曠敤璧嬪€笺€?[E:\VS2022\WPF\DoorMonitorSystem\DoorMonitorSystem.csproj]
E:\VS2022\WPF\DoorMonitorSystem\ViewModels\LayoutConfigurationViewModel.cs(128,22): warning CS8625: 鏃犳硶灏?null 瀛楅潰閲忚浆鎹负闈?null 鐨勫紩鐢ㄧ被鍨嬨€?[E:\VS2022\WPF\DoorMonitorSystem\DoorMonitorSystem.csproj]
E:\VS2022\WPF\DoorMonitorSystem\ViewModels\LayoutConfigurationViewModel.cs(106,16): warning CS8618: 鍦ㄩ€€鍑烘瀯閫犲嚱鏁版椂锛屼笉鍙负 null 鐨?瀛楁 "_selectedItem" 蹇呴』鍖呭惈闈?null 鍊笺€傝鑰冭檻娣诲姞 "required" 淇グ绗︽垨灏嗚 瀛楁 澹版槑涓哄彲涓?null銆?[E:\VS2022\WPF\DoorMonitorSystem\DoorMonitorSystem.csproj]
E:\VS2022\WPF\DoorMonitorSystem\ViewModels\LayoutConfigurationViewModel.cs(106,16): warning CS8618: 鍦ㄩ€€鍑烘瀯閫犲嚱鏁版椂锛屼笉鍙负 null 鐨?瀛楁 "_globalSelectedDoorTypeKeyId" 蹇呴』鍖呭惈闈?null 鍊笺€傝鑰冭檻娣诲姞 "required" 淇グ绗︽垨灏嗚 瀛楁 澹版槑涓哄彲涓?null銆?[E:\VS2022\WPF\DoorMonitorSystem\DoorMonitorSystem.csproj]
E:\VS2022\WPF\DoorMonitorSystem\ViewModels\LayoutConfigurationViewModel.cs(106,16): warning CS8618: 鍦ㄩ€€鍑烘瀯閫犲嚱鏁版椂锛屼笉鍙负 null 鐨?瀛楁 "_statusMessage" 蹇呴』鍖呭惈闈?null 鍊笺€傝鑰冭檻娣诲姞 "required" 淇グ绗︽垨灏嗚 瀛楁 澹版槑涓哄彲涓?null銆?[E:\VS2022\WPF\DoorMonitorSystem\DoorMonitorSystem.csproj]
E:\VS2022\WPF\DoorMonitorSystem\ViewModels\ConfigItems\DoorGroupConfigItem.cs(36,64): warning CS8604: 鈥渧oid DoorGroupConfigItem.RemoveBit(DoorBitConfigEntity item)鈥濅腑鐨勫舰鍙傗€渋tem鈥濆彲鑳戒紶鍏?null 寮曠敤瀹炲弬銆?[E:\VS2022\WPF\DoorMonitorSystem\DoorMonitorSystem.csproj]
E:\VS2022\WPF\DoorMonitorSystem\ViewModels\ConfigItems\DoorGroupConfigItem.cs(58,92): warning CS8603: 鍙兘杩斿洖 null 寮曠敤銆?[E:\VS2022\WPF\DoorMonitorSystem\DoorMonitorSystem.csproj]
E:\VS2022\WPF\DoorMonitorSystem\ViewModels\MainWindowViewModel.cs(125,16): warning CS8618: 鍦ㄩ€€鍑烘瀯閫犲嚱鏁版椂锛屼笉鍙负 null 鐨?瀛楁 "_currentViewModel" 蹇呴』鍖呭惈闈?null 鍊笺€傝鑰冭檻娣诲姞 "required" 淇グ绗︽垨灏嗚 瀛楁 澹版槑涓哄彲涓?null銆?[E:\VS2022\WPF\DoorMonitorSystem\DoorMonitorSystem.csproj]
E:\VS2022\WPF\DoorMonitorSystem\ViewModels\MainWindowViewModel.cs(125,16): warning CS8618: 鍦ㄩ€€鍑烘瀯閫犲嚱鏁版椂锛屼笉鍙负 null 鐨?瀛楁 "_currentView" 蹇呴』鍖呭惈闈?null 鍊笺€傝鑰冭檻娣诲姞 "required" 淇グ绗︽垨灏嗚 瀛楁 澹版槑涓哄彲涓?null銆?[E:\VS2022\WPF\DoorMonitorSystem\DoorMonitorSystem.csproj]
E:\VS2022\WPF\DoorMonitorSystem\ViewModels\MainWindowViewModel.cs(125,16): warning CS8618: 鍦ㄩ€€鍑烘瀯閫犲嚱鏁版椂锛屼笉鍙负 null 鐨?灞炴€?"ExecuteCommand" 蹇呴』鍖呭惈闈?null 鍊笺€傝鑰冭檻娣诲姞 "required" 淇グ绗︽垨灏嗚 灞炴€?澹版槑涓哄彲涓?null銆?[E:\VS2022\WPF\DoorMonitorSystem\DoorMonitorSystem.csproj]
E:\VS2022\WPF\DoorMonitorSystem\ViewModels\MainWindowViewModel.cs(125,16): warning CS8618: 鍦ㄩ€€鍑烘瀯閫犲嚱鏁版椂锛屼笉鍙负 null 鐨?灞炴€?"DeployCommand" 蹇呴』鍖呭惈闈?null 鍊笺€傝鑰冭檻娣诲姞 "required" 淇グ绗︽垨灏嗚 灞炴€?澹版槑涓哄彲涓?null銆?[E:\VS2022\WPF\DoorMonitorSystem\DoorMonitorSystem.csproj]
E:\VS2022\WPF\DoorMonitorSystem\ViewModels\MainWindowViewModel.cs(125,16): warning CS8618: 鍦ㄩ€€鍑烘瀯閫犲嚱鏁版椂锛屼笉鍙负 null 鐨?灞炴€?"NavigationCommand" 蹇呴』鍖呭惈闈?null 鍊笺€傝鑰冭檻娣诲姞 "required" 淇グ绗︽垨灏嗚 灞炴€?澹版槑涓哄彲涓?null銆?[E:\VS2022\WPF\DoorMonitorSystem\DoorMonitorSystem.csproj]
E:\VS2022\WPF\DoorMonitorSystem\ViewModels\MainWindowViewModel.cs(125,16): warning CS8618: 鍦ㄩ€€鍑烘瀯閫犲嚱鏁版椂锛屼笉鍙负 null 鐨?灞炴€?"OpenUserInfoCommand" 蹇呴』鍖呭惈闈?null 鍊笺€傝鑰冭檻娣诲姞 "required" 淇グ绗︽垨灏嗚 灞炴€?澹版槑涓哄彲涓?null銆?[E:\VS2022\WPF\DoorMonitorSystem\DoorMonitorSystem.csproj]
E:\VS2022\WPF\DoorMonitorSystem\ViewModels\MainWindowViewModel.cs(125,16): warning CS8618: 鍦ㄩ€€鍑烘瀯閫犲嚱鏁版椂锛屼笉鍙负 null 鐨?灞炴€?"RefreshUICommand" 蹇呴』鍖呭惈闈?null 鍊笺€傝鑰冭檻娣诲姞 "required" 淇グ绗︽垨灏嗚 灞炴€?澹版槑涓哄彲涓?null銆?[E:\VS2022\WPF\DoorMonitorSystem\DoorMonitorSystem.csproj]
E:\VS2022\WPF\DoorMonitorSystem\Models\RunModels\DoorModel.cs(19,23): warning CS8618: 鍦ㄩ€€鍑烘瀯閫犲嚱鏁版椂锛屼笉鍙负 null 鐨?灞炴€?"KeyId" 蹇呴』鍖呭惈闈?null 鍊笺€傝鑰冭檻娣诲姞 "required" 淇グ绗︽垨灏嗚 灞炴€?澹版槑涓哄彲涓?null銆?[E:\VS2022\WPF\DoorMonitorSystem\DoorMonitorSystem.csproj]
E:\VS2022\WPF\DoorMonitorSystem\ViewModels\MainWindowViewModel.cs(295,39): warning CS8625: 鏃犳硶灏?null 瀛楅潰閲忚浆鎹负闈?null 鐨勫紩鐢ㄧ被鍨嬨€?[E:\VS2022\WPF\DoorMonitorSystem\DoorMonitorSystem.csproj]
E:\VS2022\WPF\DoorMonitorSystem\ViewModels\MainWindowViewModel.cs(305,43): warning CS8625: 鏃犳硶灏?null 瀛楅潰閲忚浆鎹负闈?null 鐨勫紩鐢ㄧ被鍨嬨€?[E:\VS2022\WPF\DoorMonitorSystem\DoorMonitorSystem.csproj]
E:\VS2022\WPF\DoorMonitorSystem\Models\RunModels\DoorGroup.cs(15,23): warning CS8618: 鍦ㄩ€€鍑烘瀯閫犲嚱鏁版椂锛屼笉鍙负 null 鐨?灞炴€?"KeyId" 蹇呴』鍖呭惈闈?null 鍊笺€傝鑰冭檻娣诲姞 "required" 淇グ绗︽垨灏嗚 灞炴€?澹版槑涓哄彲涓?null銆?[E:\VS2022\WPF\DoorMonitorSystem\DoorMonitorSystem.csproj]
E:\VS2022\WPF\DoorMonitorSystem\Models\RunModels\DoorBitConfig.cs(19,23): warning CS8618: 鍦ㄩ€€鍑烘瀯閫犲嚱鏁版椂锛屼笉鍙负 null 鐨?灞炴€?"KeyId" 蹇呴』鍖呭惈闈?null 鍊笺€傝鑰冭檻娣诲姞 "required" 淇グ绗︽垨灏嗚 灞炴€?澹版槑涓哄彲涓?null銆?[E:\VS2022\WPF\DoorMonitorSystem\DoorMonitorSystem.csproj]
E:\VS2022\WPF\DoorMonitorSystem\ViewModels\MainWindowViewModel.cs(367,26): warning CS8600: 灏?null 鏂囨湰鎴栧彲鑳界殑 null 鍊艰浆鎹负涓嶅彲涓?null 绫诲瀷銆?[E:\VS2022\WPF\DoorMonitorSystem\DoorMonitorSystem.csproj]
E:\VS2022\WPF\DoorMonitorSystem\ViewModels\MainWindowViewModel.cs(370,41): warning CS8604: 鈥渂ool Dictionary<string, object>.TryGetValue(string key, out object value)鈥濅腑鐨勫舰鍙傗€渒ey鈥濆彲鑳戒紶鍏?null 寮曠敤瀹炲弬銆?[E:\VS2022\WPF\DoorMonitorSystem\DoorMonitorSystem.csproj]
E:\VS2022\WPF\DoorMonitorSystem\ViewModels\MainWindowViewModel.cs(375,39): warning CS8601: 鍙兘鐨?null 寮曠敤璧嬪€笺€?[E:\VS2022\WPF\DoorMonitorSystem\DoorMonitorSystem.csproj]
E:\VS2022\WPF\DoorMonitorSystem\ViewModels\MainWindowViewModel.cs(383,32): warning CS8601: 鍙兘鐨?null 寮曠敤璧嬪€笺€?[E:\VS2022\WPF\DoorMonitorSystem\DoorMonitorSystem.csproj]
E:\VS2022\WPF\DoorMonitorSystem\ViewModels\MainWindowViewModel.cs(392,37): warning CS8600: 灏?null 鏂囨湰鎴栧彲鑳界殑 null 鍊艰浆鎹负涓嶅彲涓?null 绫诲瀷銆?[E:\VS2022\WPF\DoorMonitorSystem\DoorMonitorSystem.csproj]
E:\VS2022\WPF\DoorMonitorSystem\ViewModels\MainWindowViewModel.cs(400,28): warning CS8600: 灏?null 鏂囨湰鎴栧彲鑳界殑 null 鍊艰浆鎹负涓嶅彲涓?null 绫诲瀷銆?[E:\VS2022\WPF\DoorMonitorSystem\DoorMonitorSystem.csproj]
E:\VS2022\WPF\DoorMonitorSystem\ViewModels\ParameterSettingViewModel.cs(60,65): warning CS8622: 鈥渧oid ParameterSettingViewModel.OnGlobalStationsChanged(object sender, NotifyCollectionChangedEventArgs e)鈥濈殑鍙傛暟鈥渟ender鈥濈被鍨嬩腑寮曠敤绫诲瀷鐨勪负 Null 鎬т笌鐩爣濮旀墭鈥淣otifyCollectionChangedEventHandler鈥濅笉鍖归厤(鍙兘鏄敱浜庝负 Null 鎬х壒鎬?銆?[E:\VS2022\WPF\DoorMonitorSystem\DoorMonitorSystem.csproj]
E:\VS2022\WPF\DoorMonitorSystem\ViewModels\ParameterSettingViewModel.cs(38,16): warning CS8618: 鍦ㄩ€€鍑烘瀯閫犲嚱鏁版椂锛屼笉鍙负 null 鐨?瀛楁 "_stationSettings" 蹇呴』鍖呭惈闈?null 鍊笺€傝鑰冭檻娣诲姞 "required" 淇グ绗︽垨灏嗚 瀛楁 澹版槑涓哄彲涓?null銆?[E:\VS2022\WPF\DoorMonitorSystem\DoorMonitorSystem.csproj]
E:\VS2022\WPF\DoorMonitorSystem\ViewModels\StationParameterViewModel.cs(153,33): warning CS8601: 鍙兘鐨?null 寮曠敤璧嬪€笺€?[E:\VS2022\WPF\DoorMonitorSystem\DoorMonitorSystem.csproj]
E:\VS2022\WPF\DoorMonitorSystem\ViewModels\StationParameterViewModel.cs(145,16): warning CS8618: 鍦ㄩ€€鍑烘瀯閫犲嚱鏁版椂锛屼笉鍙负 null 鐨?瀛楁 "_stationName" 蹇呴』鍖呭惈闈?null 鍊笺€傝鑰冭檻娣诲姞 "required" 淇グ绗︽垨灏嗚 瀛楁 澹版槑涓哄彲涓?null銆?[E:\VS2022\WPF\DoorMonitorSystem\DoorMonitorSystem.csproj]
E:\VS2022\WPF\DoorMonitorSystem\ViewModels\StationParameterViewModel.cs(145,16): warning CS8618: 鍦ㄩ€€鍑烘瀯閫犲嚱鏁版椂锛屼笉鍙负 null 鐨?瀛楁 "_parameterList" 蹇呴』鍖呭惈闈?null 鍊笺€傝鑰冭檻娣诲姞 "required" 淇グ绗︽垨灏嗚 瀛楁 澹版槑涓哄彲涓?null銆?[E:\VS2022\WPF\DoorMonitorSystem\DoorMonitorSystem.csproj]
E:\VS2022\WPF\DoorMonitorSystem\ViewModels\StationParameterViewModel.cs(145,16): warning CS8618: 鍦ㄩ€€鍑烘瀯閫犲嚱鏁版椂锛屼笉鍙负 null 鐨?瀛楁 "_asdModels" 蹇呴』鍖呭惈闈?null 鍊笺€傝鑰冭檻娣诲姞 "required" 淇グ绗︽垨灏嗚 瀛楁 澹版槑涓哄彲涓?null銆?[E:\VS2022\WPF\DoorMonitorSystem\DoorMonitorSystem.csproj]
E:\VS2022\WPF\DoorMonitorSystem\ViewModels\StationParameterViewModel.cs(145,16): warning CS8618: 鍦ㄩ€€鍑烘瀯閫犲嚱鏁版椂锛屼笉鍙负 null 鐨?瀛楁 "_selectedAsdModel" 蹇呴』鍖呭惈闈?null 鍊笺€傝鑰冭檻娣诲姞 "required" 淇グ绗︽垨灏嗚 瀛楁 澹版槑涓哄彲涓?null銆?[E:\VS2022\WPF\DoorMonitorSystem\DoorMonitorSystem.csproj]
E:\VS2022\WPF\DoorMonitorSystem\ViewModels\StationParameterViewModel.cs(145,16): warning CS8618: 鍦ㄩ€€鍑烘瀯閫犲嚱鏁版椂锛屼笉鍙负 null 鐨?瀛楁 "_stationKeyId" 蹇呴』鍖呭惈闈?null 鍊笺€傝鑰冭檻娣诲姞 "required" 淇グ绗︽垨灏嗚 瀛楁 澹版槑涓哄彲涓?null銆?[E:\VS2022\WPF\DoorMonitorSystem\DoorMonitorSystem.csproj]
E:\VS2022\WPF\DoorMonitorSystem\Models\Points\DevicePoint.cs(25,20): warning CS8603: 鍙兘杩斿洖 null 寮曠敤銆?[E:\VS2022\WPF\DoorMonitorSystem\DoorMonitorSystem.csproj]
E:\VS2022\WPF\DoorMonitorSystem\ViewModels\StationParameterViewModel.cs(215,47): warning CS8600: 灏?null 鏂囨湰鎴栧彲鑳界殑 null 鍊艰浆鎹负涓嶅彲涓?null 绫诲瀷銆?[E:\VS2022\WPF\DoorMonitorSystem\DoorMonitorSystem.csproj]
E:\VS2022\WPF\DoorMonitorSystem\ViewModels\StationParameterViewModel.cs(220,27): warning CS8600: 灏?null 鏂囨湰鎴栧彲鑳界殑 null 鍊艰浆鎹负涓嶅彲涓?null 绫诲瀷銆?[E:\VS2022\WPF\DoorMonitorSystem\DoorMonitorSystem.csproj]
E:\VS2022\WPF\DoorMonitorSystem\ViewModels\StationParameterViewModel.cs(227,31): warning CS8600: 灏?null 鏂囨湰鎴栧彲鑳界殑 null 鍊艰浆鎹负涓嶅彲涓?null 绫诲瀷銆?[E:\VS2022\WPF\DoorMonitorSystem\DoorMonitorSystem.csproj]
E:\VS2022\WPF\DoorMonitorSystem\ViewModels\StationParameterViewModel.cs(236,27): warning CS8600: 灏?null 鏂囨湰鎴栧彲鑳界殑 null 鍊艰浆鎹负涓嶅彲涓?null 绫诲瀷銆?[E:\VS2022\WPF\DoorMonitorSystem\DoorMonitorSystem.csproj]
E:\VS2022\WPF\DoorMonitorSystem\ViewModels\StationParameterViewModel.cs(242,101): warning CS8625: 鏃犳硶灏?null 瀛楅潰閲忚浆鎹负闈?null 鐨勫紩鐢ㄧ被鍨嬨€?[E:\VS2022\WPF\DoorMonitorSystem\DoorMonitorSystem.csproj]
E:\VS2022\WPF\DoorMonitorSystem\ViewModels\StationParameterViewModel.cs(242,27): warning CS8600: 灏?null 鏂囨湰鎴栧彲鑳界殑 null 鍊艰浆鎹负涓嶅彲涓?null 绫诲瀷銆?[E:\VS2022\WPF\DoorMonitorSystem\DoorMonitorSystem.csproj]
E:\VS2022\WPF\DoorMonitorSystem\ViewModels\StationParameterViewModel.cs(254,38): warning CS8600: 灏?null 鏂囨湰鎴栧彲鑳界殑 null 鍊艰浆鎹负涓嶅彲涓?null 绫诲瀷銆?[E:\VS2022\WPF\DoorMonitorSystem\DoorMonitorSystem.csproj]
E:\VS2022\WPF\DoorMonitorSystem\ViewModels\StationParameterViewModel.cs(255,46): warning CS8601: 鍙兘鐨?null 寮曠敤璧嬪€笺€?[E:\VS2022\WPF\DoorMonitorSystem\DoorMonitorSystem.csproj]
E:\VS2022\WPF\DoorMonitorSystem\ViewModels\StationParameterViewModel.cs(256,76): warning CS8601: 鍙兘鐨?null 寮曠敤璧嬪€笺€?[E:\VS2022\WPF\DoorMonitorSystem\DoorMonitorSystem.csproj]
E:\VS2022\WPF\DoorMonitorSystem\ViewModels\StationParameterViewModel.cs(281,37): warning CS8600: 灏?null 鏂囨湰鎴栧彲鑳界殑 null 鍊艰浆鎹负涓嶅彲涓?null 绫诲瀷銆?[E:\VS2022\WPF\DoorMonitorSystem\DoorMonitorSystem.csproj]
E:\VS2022\WPF\DoorMonitorSystem\ViewModels\StationParameterViewModel.cs(285,46): warning CS8601: 鍙兘鐨?null 寮曠敤璧嬪€笺€?[E:\VS2022\WPF\DoorMonitorSystem\DoorMonitorSystem.csproj]
E:\VS2022\WPF\DoorMonitorSystem\Assets\Helper\DatabaseFixer.cs(131,26): warning CS8604: 鈥渧oid List<string>.Add(string item)鈥濅腑鐨勫舰鍙傗€渋tem鈥濆彲鑳戒紶鍏?null 寮曠敤瀹炲弬銆?[E:\VS2022\WPF\DoorMonitorSystem\DoorMonitorSystem.csproj]
E:\VS2022\WPF\DoorMonitorSystem\Assets\Helper\CategoryGroup.cs(14,16): warning CS8618: 鍦ㄩ€€鍑烘瀯閫犲嚱鏁版椂锛屼笉鍙负 null 鐨?瀛楁 "_category" 蹇呴』鍖呭惈闈?null 鍊笺€傝鑰冭檻娣诲姞 "required" 淇グ绗︽垨灏嗚 瀛楁 澹版槑涓哄彲涓?null銆?[E:\VS2022\WPF\DoorMonitorSystem\DoorMonitorSystem.csproj]
E:\VS2022\WPF\DoorMonitorSystem\ViewModels\SystemLogViewModel.cs(192,16): warning CS8618: 鍦ㄩ€€鍑烘瀯閫犲嚱鏁版椂锛屼笉鍙负 null 鐨?灞炴€?"FirstPageCommand" 蹇呴』鍖呭惈闈?null 鍊笺€傝鑰冭檻娣诲姞 "required" 淇グ绗︽垨灏嗚 灞炴€?澹版槑涓哄彲涓?null銆?[E:\VS2022\WPF\DoorMonitorSystem\DoorMonitorSystem.csproj]
E:\VS2022\WPF\DoorMonitorSystem\ViewModels\GraphicEditingViewModel.cs(90,40): warning CS8601: 鍙兘鐨?null 寮曠敤璧嬪€笺€?[E:\VS2022\WPF\DoorMonitorSystem\DoorMonitorSystem.csproj]
E:\VS2022\WPF\DoorMonitorSystem\ViewModels\GraphicEditingViewModel.cs(197,28): warning CS8625: 鏃犳硶灏?null 瀛楅潰閲忚浆鎹负闈?null 鐨勫紩鐢ㄧ被鍨嬨€?[E:\VS2022\WPF\DoorMonitorSystem\DoorMonitorSystem.csproj]
E:\VS2022\WPF\DoorMonitorSystem\Assets\Services\DataManager.cs(1125,45): warning CS8625: 鏃犳硶灏?null 瀛楅潰閲忚浆鎹负闈?null 鐨勫紩鐢ㄧ被鍨嬨€?[E:\VS2022\WPF\DoorMonitorSystem\DoorMonitorSystem.csproj]
E:\VS2022\WPF\DoorMonitorSystem\Assets\Services\DataManager.cs(1145,44): warning CS8625: 鏃犳硶灏?null 瀛楅潰閲忚浆鎹负闈?null 鐨勫紩鐢ㄧ被鍨嬨€?[E:\VS2022\WPF\DoorMonitorSystem\DoorMonitorSystem.csproj]
E:\VS2022\WPF\DoorMonitorSystem\ViewModels\StationParameterViewModel.cs(386,52): warning CS8600: 灏?null 鏂囨湰鎴栧彲鑳界殑 null 鍊艰浆鎹负涓嶅彲涓?null 绫诲瀷銆?[E:\VS2022\WPF\DoorMonitorSystem\DoorMonitorSystem.csproj]
E:\VS2022\WPF\DoorMonitorSystem\ViewModels\StationParameterViewModel.cs(391,32): warning CS8600: 灏?null 鏂囨湰鎴栧彲鑳界殑 null 鍊艰浆鎹负涓嶅彲涓?null 绫诲瀷銆?[E:\VS2022\WPF\DoorMonitorSystem\DoorMonitorSystem.csproj]
E:\VS2022\WPF\DoorMonitorSystem\ViewModels\StationParameterViewModel.cs(394,36): warning CS8600: 灏?null 鏂囨湰鎴栧彲鑳界殑 null 鍊艰浆鎹负涓嶅彲涓?null 绫诲瀷銆?[E:\VS2022\WPF\DoorMonitorSystem\DoorMonitorSystem.csproj]
E:\VS2022\WPF\DoorMonitorSystem\ViewModels\StationParameterViewModel.cs(401,32): warning CS8600: 灏?null 鏂囨湰鎴栧彲鑳界殑 null 鍊艰浆鎹负涓嶅彲涓?null 绫诲瀷銆?[E:\VS2022\WPF\DoorMonitorSystem\DoorMonitorSystem.csproj]
E:\VS2022\WPF\DoorMonitorSystem\ViewModels\StationParameterViewModel.cs(404,32): warning CS8600: 灏?null 鏂囨湰鎴栧彲鑳界殑 null 鍊艰浆鎹负涓嶅彲涓?null 绫诲瀷銆?[E:\VS2022\WPF\DoorMonitorSystem\DoorMonitorSystem.csproj]
E:\VS2022\WPF\DoorMonitorSystem\ViewModels\StationParameterViewModel.cs(410,32): warning CS8600: 灏?null 鏂囨湰鎴栧彲鑳界殑 null 鍊艰浆鎹负涓嶅彲涓?null 绫诲瀷銆?[E:\VS2022\WPF\DoorMonitorSystem\DoorMonitorSystem.csproj]
E:\VS2022\WPF\DoorMonitorSystem\ViewModels\StationParameterViewModel.cs(414,111): warning CS8625: 鏃犳硶灏?null 瀛楅潰閲忚浆鎹负闈?null 鐨勫紩鐢ㄧ被鍨嬨€?[E:\VS2022\WPF\DoorMonitorSystem\DoorMonitorSystem.csproj]
E:\VS2022\WPF\DoorMonitorSystem\ViewModels\StationParameterViewModel.cs(414,37): warning CS8600: 灏?null 鏂囨湰鎴栧彲鑳界殑 null 鍊艰浆鎹负涓嶅彲涓?null 绫诲瀷銆?[E:\VS2022\WPF\DoorMonitorSystem\DoorMonitorSystem.csproj]
E:\VS2022\WPF\DoorMonitorSystem\ViewModels\GraphicEditingViewModel.cs(546,32): warning CS8625: 鏃犳硶灏?null 瀛楅潰閲忚浆鎹负闈?null 鐨勫紩鐢ㄧ被鍨嬨€?[E:\VS2022\WPF\DoorMonitorSystem\DoorMonitorSystem.csproj]
E:\VS2022\WPF\DoorMonitorSystem\ViewModels\LayoutConfigurationViewModel.cs(559,30): warning CS8625: 鏃犳硶灏?null 瀛楅潰閲忚浆鎹负闈?null 鐨勫紩鐢ㄧ被鍨嬨€?[E:\VS2022\WPF\DoorMonitorSystem\DoorMonitorSystem.csproj]
E:\VS2022\WPF\DoorMonitorSystem\ViewModels\LayoutConfigurationViewModel.cs(637,37): warning CS8601: 鍙兘鐨?null 寮曠敤璧嬪€笺€?[E:\VS2022\WPF\DoorMonitorSystem\DoorMonitorSystem.csproj]
E:\VS2022\WPF\DoorMonitorSystem\ViewModels\LayoutConfigurationViewModel.cs(660,38): warning CS8601: 鍙兘鐨?null 寮曠敤璧嬪€笺€?[E:\VS2022\WPF\DoorMonitorSystem\DoorMonitorSystem.csproj]
E:\VS2022\WPF\DoorMonitorSystem\ViewModels\LayoutConfigurationViewModel.cs(679,36): warning CS8625: 鏃犳硶灏?null 瀛楅潰閲忚浆鎹负闈?null 鐨勫紩鐢ㄧ被鍨嬨€?[E:\VS2022\WPF\DoorMonitorSystem\DoorMonitorSystem.csproj]
E:\VS2022\WPF\DoorMonitorSystem\ViewModels\Devvarlist\DevvarlistViewModel.Excel.cs(140,50): warning CS8600: 灏?null 鏂囨湰鎴栧彲鑳界殑 null 鍊艰浆鎹负涓嶅彲涓?null 绫诲瀷銆?[E:\VS2022\WPF\DoorMonitorSystem\DoorMonitorSystem.csproj]
E:\VS2022\WPF\DoorMonitorSystem\ViewModels\Devvarlist\DevvarlistViewModel.Excel.cs(148,47): warning CS8601: 鍙兘鐨?null 寮曠敤璧嬪€笺€?[E:\VS2022\WPF\DoorMonitorSystem\DoorMonitorSystem.csproj]
E:\VS2022\WPF\DoorMonitorSystem\ViewModels\Devvarlist\DevvarlistViewModel.Excel.cs(150,48): warning CS8601: 鍙兘鐨?null 寮曠敤璧嬪€笺€?[E:\VS2022\WPF\DoorMonitorSystem\DoorMonitorSystem.csproj]
E:\VS2022\WPF\DoorMonitorSystem\ViewModels\Devvarlist\DevvarlistViewModel.Excel.cs(151,51): warning CS8601: 鍙兘鐨?null 寮曠敤璧嬪€笺€?[E:\VS2022\WPF\DoorMonitorSystem\DoorMonitorSystem.csproj]
E:\VS2022\WPF\DoorMonitorSystem\ViewModels\Devvarlist\DevvarlistViewModel.Excel.cs(152,49): warning CS8601: 鍙兘鐨?null 寮曠敤璧嬪€笺€?[E:\VS2022\WPF\DoorMonitorSystem\DoorMonitorSystem.csproj]
E:\VS2022\WPF\DoorMonitorSystem\ViewModels\Devvarlist\DevvarlistViewModel.Excel.cs(153,51): warning CS8601: 鍙兘鐨?null 寮曠敤璧嬪€笺€?[E:\VS2022\WPF\DoorMonitorSystem\DoorMonitorSystem.csproj]
E:\VS2022\WPF\DoorMonitorSystem\ViewModels\Devvarlist\DevvarlistViewModel.Excel.cs(155,51): warning CS8601: 鍙兘鐨?null 寮曠敤璧嬪€笺€?[E:\VS2022\WPF\DoorMonitorSystem\DoorMonitorSystem.csproj]
E:\VS2022\WPF\DoorMonitorSystem\ViewModels\Devvarlist\DevvarlistViewModel.Excel.cs(156,60): warning CS8601: 鍙兘鐨?null 寮曠敤璧嬪€笺€?[E:\VS2022\WPF\DoorMonitorSystem\DoorMonitorSystem.csproj]
E:\VS2022\WPF\DoorMonitorSystem\ViewModels\Devvarlist\DevvarlistViewModel.Excel.cs(164,50): warning CS8601: 鍙兘鐨?null 寮曠敤璧嬪€笺€?[E:\VS2022\WPF\DoorMonitorSystem\DoorMonitorSystem.csproj]
E:\VS2022\WPF\DoorMonitorSystem\ViewModels\Devvarlist\DevvarlistViewModel.Excel.cs(165,48): warning CS8601: 鍙兘鐨?null 寮曠敤璧嬪€笺€?[E:\VS2022\WPF\DoorMonitorSystem\DoorMonitorSystem.csproj]
E:\VS2022\WPF\DoorMonitorSystem\ViewModels\Devvarlist\DevvarlistViewModel.Excel.cs(168,50): warning CS8601: 鍙兘鐨?null 寮曠敤璧嬪€笺€?[E:\VS2022\WPF\DoorMonitorSystem\DoorMonitorSystem.csproj]
E:\VS2022\WPF\DoorMonitorSystem\ViewModels\Devvarlist\DevvarlistViewModel.Excel.cs(169,50): warning CS8601: 鍙兘鐨?null 寮曠敤璧嬪€笺€?[E:\VS2022\WPF\DoorMonitorSystem\DoorMonitorSystem.csproj]
E:\VS2022\WPF\DoorMonitorSystem\ViewModels\Devvarlist\DevvarlistViewModel.Excel.cs(91,28): warning CS1998: 姝ゅ紓姝ユ柟娉曠己灏?"await" 杩愮畻绗︼紝灏嗕互鍚屾鏂瑰紡杩愯銆傝鑰冭檻浣跨敤 "await" 杩愮畻绗︾瓑寰呴潪闃绘鐨?API 璋冪敤锛屾垨鑰呬娇鐢?"await Task.Run(...)" 鍦ㄥ悗鍙扮嚎绋嬩笂鎵ц鍗犵敤澶ч噺 CPU 鐨勫伐浣溿€?[E:\VS2022\WPF\DoorMonitorSystem\DoorMonitorSystem.csproj]
E:\VS2022\WPF\DoorMonitorSystem\ViewModels\SystemLogViewModel.cs(622,38): warning CS8600: 灏?null 鏂囨湰鎴栧彲鑳界殑 null 鍊艰浆鎹负涓嶅彲涓?null 绫诲瀷銆?[E:\VS2022\WPF\DoorMonitorSystem\DoorMonitorSystem.csproj]
E:\VS2022\WPF\DoorMonitorSystem\ViewModels\SystemLogViewModel.cs(623,50): warning CS8604: 鈥渂ool Collection<string>.Contains(string item)鈥濅腑鐨勫舰鍙傗€渋tem鈥濆彲鑳戒紶鍏?null 寮曠敤瀹炲弬銆?[E:\VS2022\WPF\DoorMonitorSystem\DoorMonitorSystem.csproj]
E:\VS2022\WPF\DoorMonitorSystem\ViewModels\SystemLogViewModel.cs(650,52): warning CS8600: 灏?null 鏂囨湰鎴栧彲鑳界殑 null 鍊艰浆鎹负涓嶅彲涓?null 绫诲瀷銆?[E:\VS2022\WPF\DoorMonitorSystem\DoorMonitorSystem.csproj]
E:\VS2022\WPF\DoorMonitorSystem\Assets\Services\DataManager.cs(43,22): warning CS0414: 瀛楁鈥淒ataManager._debugKeysPrinted鈥濆凡琚祴鍊硷紝浣嗕粠鏈娇鐢ㄨ繃瀹冪殑鍊?[E:\VS2022\WPF\DoorMonitorSystem\DoorMonitorSystem.csproj]
E:\VS2022\WPF\DoorMonitorSystem\ViewModels\Devvarlist\DevvarlistViewModel.Wizard.cs(171,70): warning CA2200: 鍐嶆寮曞彂鎹曡幏鍒扮殑寮傚父浼氭洿鏀瑰爢鏍堜俊鎭?(https://learn.microsoft.com/dotnet/fundamentals/code-analysis/quality-rules/ca2200) [E:\VS2022\WPF\DoorMonitorSystem\DoorMonitorSystem.csproj]
  DoorMonitorSystem -> E:\VS2022\WPF\DoorMonitorSystem\bin\Debug\net6.0-windows\DoorMonitorSystem.dll

宸叉垚鍔熺敓鎴愩€?

C:\Users\Administrator\.nuget\packages\system.text.encodings.web\9.0.0\buildTransitive\netcoreapp2.0\System.Text.Encodings.Web.targets(4,5): warning : System.Text.Encodings.Web 9.0.0 doesn't support net6.0-windows and has not been tested with it. Consider upgrading your TargetFramework to net8.0 or later. You may also set <SuppressTfmSupportBuildWarnings>true</SuppressTfmSupportBuildWarnings> in the project file to ignore this warning and attempt to run in this unsupported configuration at your own risk. [E:\VS2022\WPF\DoorMonitorSystem\DoorMonitorSystem.csproj]
C:\Users\Administrator\.nuget\packages\system.io.pipelines\9.0.0\buildTransitive\netcoreapp2.0\System.IO.Pipelines.targets(4,5): warning : System.IO.Pipelines 9.0.0 doesn't support net6.0-windows and has not been tested with it. Consider upgrading your TargetFramework to net8.0 or later. You may also set <SuppressTfmSupportBuildWarnings>true</SuppressTfmSupportBuildWarnings> in the project file to ignore this warning and attempt to run in this unsupported configuration at your own risk. [E:\VS2022\WPF\DoorMonitorSystem\DoorMonitorSystem.csproj]
C:\Users\Administrator\.nuget\packages\system.text.json\9.0.0\buildTransitive\netcoreapp2.0\System.Text.Json.targets(4,5): warning : System.Text.Json 9.0.0 doesn't support net6.0-windows and has not been tested with it. Consider upgrading your TargetFramework to net8.0 or later. You may also set <SuppressTfmSupportBuildWarnings>true</SuppressTfmSupportBuildWarnings> in the project file to ignore this warning and attempt to run in this unsupported configuration at your own risk. [E:\VS2022\WPF\DoorMonitorSystem\DoorMonitorSystem.csproj]
C:\Users\Administrator\.nuget\packages\system.text.encodings.web\9.0.0\buildTransitive\netcoreapp2.0\System.Text.Encodings.Web.targets(4,5): warning : System.Text.Encodings.Web 9.0.0 doesn't support net6.0-windows and has not been tested with it. Consider upgrading your TargetFramework to net8.0 or later. You may also set <SuppressTfmSupportBuildWarnings>true</SuppressTfmSupportBuildWarnings> in the project file to ignore this warning and attempt to run in this unsupported configuration at your own risk. [E:\VS2022\WPF\DoorMonitorSystem\DoorMonitorSystem_3ftk1r5q_wpftmp.csproj]
C:\Users\Administrator\.nuget\packages\system.io.pipelines\9.0.0\buildTransitive\netcoreapp2.0\System.IO.Pipelines.targets(4,5): warning : System.IO.Pipelines 9.0.0 doesn't support net6.0-windows and has not been tested with it. Consider upgrading your TargetFramework to net8.0 or later. You may also set <SuppressTfmSupportBuildWarnings>true</SuppressTfmSupportBuildWarnings> in the project file to ignore this warning and attempt to run in this unsupported configuration at your own risk. [E:\VS2022\WPF\DoorMonitorSystem\DoorMonitorSystem_3ftk1r5q_wpftmp.csproj]
C:\Users\Administrator\.nuget\packages\system.text.json\9.0.0\buildTransitive\netcoreapp2.0\System.Text.Json.targets(4,5): warning : System.Text.Json 9.0.0 doesn't support net6.0-windows and has not been tested with it. Consider upgrading your TargetFramework to net8.0 or later. You may also set <SuppressTfmSupportBuildWarnings>true</SuppressTfmSupportBuildWarnings> in the project file to ignore this warning and attempt to run in this unsupported configuration at your own risk. [E:\VS2022\WPF\DoorMonitorSystem\DoorMonitorSystem_3ftk1r5q_wpftmp.csproj]
E:\VS2022\WPF\DoorMonitorSystem\ViewModels\StationParameterViewModel.cs(145,181): warning CS8625: 鏃犳硶灏?null 瀛楅潰閲忚浆鎹负闈?null 鐨勫紩鐢ㄧ被鍨嬨€?[E:\VS2022\WPF\DoorMonitorSystem\DoorMonitorSystem_3ftk1r5q_wpftmp.csproj]
E:\VS2022\WPF\DoorMonitorSystem\Assets\Services\DeviceCommunicationService.cs(166,93): warning CS8625: 鏃犳硶灏?null 瀛楅潰閲忚浆鎹负闈?null 鐨勫紩鐢ㄧ被鍨嬨€?[E:\VS2022\WPF\DoorMonitorSystem\DoorMonitorSystem_3ftk1r5q_wpftmp.csproj]
E:\VS2022\WPF\DoorMonitorSystem\Models\Ui\SupportModels.cs(11,23): warning CS8618: 鍦ㄩ€€鍑烘瀯閫犲嚱鏁版椂锛屼笉鍙负 null 鐨?灞炴€?"Name" 蹇呴』鍖呭惈闈?null 鍊笺€傝鑰冭檻娣诲姞 "required" 淇グ绗︽垨灏嗚 灞炴€?澹版槑涓哄彲涓?null銆?[E:\VS2022\WPF\DoorMonitorSystem\DoorMonitorSystem_3ftk1r5q_wpftmp.csproj]
E:\VS2022\WPF\DoorMonitorSystem\Models\Ui\SelectorNode.cs(8,23): warning CS8618: 鍦ㄩ€€鍑烘瀯閫犲嚱鏁版椂锛屼笉鍙负 null 鐨?灞炴€?"Name" 蹇呴』鍖呭惈闈?null 鍊笺€傝鑰冭檻娣诲姞 "required" 淇グ绗︽垨灏嗚 灞炴€?澹版槑涓哄彲涓?null銆?[E:\VS2022\WPF\DoorMonitorSystem\DoorMonitorSystem_3ftk1r5q_wpftmp.csproj]
E:\VS2022\WPF\DoorMonitorSystem\Models\Ui\SelectorNode.cs(9,23): warning CS8618: 鍦ㄩ€€鍑烘瀯閫犲嚱鏁版椂锛屼笉鍙负 null 鐨?灞炴€?"ParentName" 蹇呴』鍖呭惈闈?null 鍊笺€傝鑰冭檻娣诲姞 "required" 淇グ绗︽垨灏嗚 灞炴€?澹版槑涓哄彲涓?null銆?[E:\VS2022\WPF\DoorMonitorSystem\DoorMonitorSystem_3ftk1r5q_wpftmp.csproj]
E:\VS2022\WPF\DoorMonitorSystem\Models\Ui\SelectorNode.cs(10,23): warning CS8618: 鍦ㄩ€€鍑烘瀯閫犲嚱鏁版椂锛屼笉鍙负 null 鐨?灞炴€?"FullDescription" 蹇呴』鍖呭惈闈?null 鍊笺€傝鑰冭檻娣诲姞 "required" 淇グ绗︽垨灏嗚 灞炴€?澹版槑涓哄彲涓?null銆?[E:\VS2022\WPF\DoorMonitorSystem\DoorMonitorSystem_3ftk1r5q_wpftmp.csproj]
E:\VS2022\WPF\DoorMonitorSystem\Models\Ui\SelectorNode.cs(11,23): warning CS8618: 鍦ㄩ€€鍑烘瀯閫犲嚱鏁版椂锛屼笉鍙负 null 鐨?灞炴€?"NodeType" 蹇呴』鍖呭惈闈?null 鍊笺€傝鑰冭檻娣诲姞 "required" 淇グ绗︽垨灏嗚 灞炴€?澹版槑涓哄彲涓?null銆?[E:\VS2022\WPF\DoorMonitorSystem\DoorMonitorSystem_3ftk1r5q_wpftmp.csproj]
E:\VS2022\WPF\DoorMonitorSystem\Models\Ui\SelectorNode.cs(12,23): warning CS8618: 鍦ㄩ€€鍑烘瀯閫犲嚱鏁版椂锛屼笉鍙负 null 鐨?灞炴€?"KeyId" 蹇呴』鍖呭惈闈?null 鍊笺€傝鑰冭檻娣诲姞 "required" 淇グ绗︽垨灏嗚 灞炴€?澹版槑涓哄彲涓?null銆?[E:\VS2022\WPF\DoorMonitorSystem\DoorMonitorSystem_3ftk1r5q_wpftmp.csproj]
E:\VS2022\WPF\DoorMonitorSystem\Models\Ui\SelectorNode.cs(13,23): warning CS8618: 鍦ㄩ€€鍑烘瀯閫犲嚱鏁版椂锛屼笉鍙负 null 鐨?灞炴€?"BitConfigKeyId" 蹇呴』鍖呭惈闈?null 鍊笺€傝鑰冭檻娣诲姞 "required" 淇グ绗︽垨灏嗚 灞炴€?澹版槑涓哄彲涓?null銆?[E:\VS2022\WPF\DoorMonitorSystem\DoorMonitorSystem_3ftk1r5q_wpftmp.csproj]
E:\VS2022\WPF\DoorMonitorSystem\Models\Ui\SelectorNode.cs(14,23): warning CS8618: 鍦ㄩ€€鍑烘瀯閫犲嚱鏁版椂锛屼笉鍙负 null 鐨?灞炴€?"BindingKey" 蹇呴』鍖呭惈闈?null 鍊笺€傝鑰冭檻娣诲姞 "required" 淇グ绗︽垨灏嗚 灞炴€?澹版槑涓哄彲涓?null銆?[E:\VS2022\WPF\DoorMonitorSystem\DoorMonitorSystem_3ftk1r5q_wpftmp.csproj]
E:\VS2022\WPF\DoorMonitorSystem\Models\Ui\SelectorNode.cs(15,23): warning CS8618: 鍦ㄩ€€鍑烘瀯閫犲嚱鏁版椂锛屼笉鍙负 null 鐨?灞炴€?"BindingRole" 蹇呴』鍖呭惈闈?null 鍊笺€傝鑰冭檻娣诲姞 "required" 淇グ绗︽垨灏嗚 灞炴€?澹版槑涓哄彲涓?null銆?[E:\VS2022\WPF\DoorMonitorSystem\DoorMonitorSystem_3ftk1r5q_wpftmp.csproj]
E:\VS2022\WPF\DoorMonitorSystem\Models\Ui\AddressConfigItem.cs(8,24): warning CS8618: 鍦ㄩ€€鍑烘瀯閫犲嚱鏁版椂锛屼笉鍙负 null 鐨?瀛楁 "_name" 蹇呴』鍖呭惈闈?null 鍊笺€傝鑰冭檻娣诲姞 "required" 淇グ绗︽垨灏嗚 瀛楁 澹版槑涓哄彲涓?null銆?[E:\VS2022\WPF\DoorMonitorSystem\DoorMonitorSystem_3ftk1r5q_wpftmp.csproj]
E:\VS2022\WPF\DoorMonitorSystem\Models\Ui\AddressConfigItem.cs(29,23): warning CS8618: 鍦ㄩ€€鍑烘瀯閫犲嚱鏁版椂锛屼笉鍙负 null 鐨?灞炴€?"Type" 蹇呴』鍖呭惈闈?null 鍊笺€傝鑰冭檻娣诲姞 "required" 淇グ绗︽垨灏嗚 灞炴€?澹版槑涓哄彲涓?null銆?[E:\VS2022\WPF\DoorMonitorSystem\DoorMonitorSystem_3ftk1r5q_wpftmp.csproj]
E:\VS2022\WPF\DoorMonitorSystem\Models\system\SysSettingsEntity.cs(23,23): warning CS8618: 鍦ㄩ€€鍑烘瀯閫犲嚱鏁版椂锛屼笉鍙负 null 鐨?灞炴€?"SettingKey" 蹇呴』鍖呭惈闈?null 鍊笺€傝鑰冭檻娣诲姞 "required" 淇グ绗︽垨灏嗚 灞炴€?澹版槑涓哄彲涓?null銆?[E:\VS2022\WPF\DoorMonitorSystem\DoorMonitorSystem_3ftk1r5q_wpftmp.csproj]
E:\VS2022\WPF\DoorMonitorSystem\Models\system\SysSettingsEntity.cs(28,23): warning CS8618: 鍦ㄩ€€鍑烘瀯閫犲嚱鏁版椂锛屼笉鍙负 null 鐨?灞炴€?"SettingValue" 蹇呴』鍖呭惈闈?null 鍊笺€傝鑰冭檻娣诲姞 "required" 淇グ绗︽垨灏嗚 灞炴€?澹版槑涓哄彲涓?null銆?[E:\VS2022\WPF\DoorMonitorSystem\DoorMonitorSystem_3ftk1r5q_wpftmp.csproj]
E:\VS2022\WPF\DoorMonitorSystem\Models\system\SysSettingsEntity.cs(33,23): warning CS8618: 鍦ㄩ€€鍑烘瀯閫犲嚱鏁版椂锛屼笉鍙负 null 鐨?灞炴€?"Category" 蹇呴』鍖呭惈闈?null 鍊笺€傝鑰冭檻娣诲姞 "required" 淇グ绗︽垨灏嗚 灞炴€?澹版槑涓哄彲涓?null銆?[E:\VS2022\WPF\DoorMonitorSystem\DoorMonitorSystem_3ftk1r5q_wpftmp.csproj]
E:\VS2022\WPF\DoorMonitorSystem\Models\system\SysSettingsEntity.cs(38,23): warning CS8618: 鍦ㄩ€€鍑烘瀯閫犲嚱鏁版椂锛屼笉鍙负 null 鐨?灞炴€?"Description" 蹇呴』鍖呭惈闈?null 鍊笺€傝鑰冭檻娣诲姞 "required" 淇グ绗︽垨灏嗚 灞炴€?澹版槑涓哄彲涓?null銆?[E:\VS2022\WPF\DoorMonitorSystem\DoorMonitorSystem_3ftk1r5q_wpftmp.csproj]
E:\VS2022\WPF\DoorMonitorSystem\Models\system\SysGraphicEntities.cs(41,23): warning CS8618: 鍦ㄩ€€鍑烘瀯閫犲嚱鏁版椂锛屼笉鍙负 null 鐨?灞炴€?"PathData" 蹇呴』鍖呭惈闈?null 鍊笺€傝鑰冭檻娣诲姞 "required" 淇グ绗︽垨灏嗚 灞炴€?澹版槑涓哄彲涓?null銆?[E:\VS2022\WPF\DoorMonitorSystem\DoorMonitorSystem_3ftk1r5q_wpftmp.csproj]
E:\VS2022\WPF\DoorMonitorSystem\Models\system\SysGraphicEntities.cs(46,23): warning CS8618: 鍦ㄩ€€鍑烘瀯閫犲嚱鏁版椂锛屼笉鍙负 null 鐨?灞炴€?"FillColor" 蹇呴』鍖呭惈闈?null 鍊笺€傝鑰冭檻娣诲姞 "required" 淇グ绗︽垨灏嗚 灞炴€?澹版槑涓哄彲涓?null銆?[E:\VS2022\WPF\DoorMonitorSystem\DoorMonitorSystem_3ftk1r5q_wpftmp.csproj]
E:\VS2022\WPF\DoorMonitorSystem\Models\system\SysGraphicEntities.cs(51,23): warning CS8618: 鍦ㄩ€€鍑烘瀯閫犲嚱鏁版椂锛屼笉鍙负 null 鐨?灞炴€?"StrokeColor" 蹇呴』鍖呭惈闈?null 鍊笺€傝鑰冭檻娣诲姞 "required" 淇グ绗︽垨灏嗚 灞炴€?澹版槑涓哄彲涓?null銆?[E:\VS2022\WPF\DoorMonitorSystem\DoorMonitorSystem_3ftk1r5q_wpftmp.csproj]
E:\VS2022\WPF\DoorMonitorSystem\Models\system\SysGraphicEntities.cs(21,23): warning CS8618: 鍦ㄩ€€鍑烘瀯閫犲嚱鏁版椂锛屼笉鍙负 null 鐨?灞炴€?"GroupName" 蹇呴』鍖呭惈闈?null 鍊笺€傝鑰冭檻娣诲姞 "required" 淇グ绗︽垨灏嗚 灞炴€?澹版槑涓哄彲涓?null銆?[E:\VS2022\WPF\DoorMonitorSystem\DoorMonitorSystem_3ftk1r5q_wpftmp.csproj]
E:\VS2022\WPF\DoorMonitorSystem\Models\system\SysDeviceEntities.cs(63,23): warning CS8618: 鍦ㄩ€€鍑烘瀯閫犲嚱鏁版椂锛屼笉鍙负 null 鐨?灞炴€?"ParamName" 蹇呴』鍖呭惈闈?null 鍊笺€傝鑰冭檻娣诲姞 "required" 淇グ绗︽垨灏嗚 灞炴€?澹版槑涓哄彲涓?null銆?[E:\VS2022\WPF\DoorMonitorSystem\DoorMonitorSystem_3ftk1r5q_wpftmp.csproj]
E:\VS2022\WPF\DoorMonitorSystem\Models\system\SysDeviceEntities.cs(68,23): warning CS8618: 鍦ㄩ€€鍑烘瀯閫犲嚱鏁版椂锛屼笉鍙负 null 鐨?灞炴€?"ParamValue" 蹇呴』鍖呭惈闈?null 鍊笺€傝鑰冭檻娣诲姞 "required" 淇グ绗︽垨灏嗚 灞炴€?澹版槑涓哄彲涓?null銆?[E:\VS2022\WPF\DoorMonitorSystem\DoorMonitorSystem_3ftk1r5q_wpftmp.csproj]
E:\VS2022\WPF\DoorMonitorSystem\Models\system\SysDeviceEntities.cs(28,23): warning CS8618: 鍦ㄩ€€鍑烘瀯閫犲嚱鏁版椂锛屼笉鍙负 null 鐨?灞炴€?"Name" 蹇呴』鍖呭惈闈?null 鍊笺€傝鑰冭檻娣诲姞 "required" 淇グ绗︽垨灏嗚 灞炴€?澹版槑涓哄彲涓?null銆?[E:\VS2022\WPF\DoorMonitorSystem\DoorMonitorSystem_3ftk1r5q_wpftmp.csproj]
E:\VS2022\WPF\DoorMonitorSystem\Models\system\SysDeviceEntities.cs(33,23): warning CS8618: 鍦ㄩ€€鍑烘瀯閫犲嚱鏁版椂锛屼笉鍙负 null 鐨?灞炴€?"Protocol" 蹇呴』鍖呭惈闈?null 鍊笺€傝鑰冭檻娣诲姞 "required" 淇グ绗︽垨灏嗚 灞炴€?澹版槑涓哄彲涓?null銆?[E:\VS2022\WPF\DoorMonitorSystem\DoorMonitorSystem_3ftk1r5q_wpftmp.csproj]
E:\VS2022\WPF\DoorMonitorSystem\Models\system\SysDeviceEntities.cs(43,23): warning CS8618: 鍦ㄩ€€鍑烘瀯閫犲嚱鏁版椂锛屼笉鍙负 null 鐨?灞炴€?"Description" 蹇呴』鍖呭惈闈?null 鍊笺€傝鑰冭檻娣诲姞 "required" 淇グ绗︽垨灏嗚 灞炴€?澹版槑涓哄彲涓?null銆?[E:\VS2022\WPF\DoorMonitorSystem\DoorMonitorSystem_3ftk1r5q_wpftmp.csproj]
E:\VS2022\WPF\DoorMonitorSystem\UControl\InputDialog.xaml.cs(30,16): warning CS8618: 鍦ㄩ€€鍑烘瀯閫犲嚱鏁版椂锛屼笉鍙负 null 鐨?灞炴€?"InputText" 蹇呴』鍖呭惈闈?null 鍊笺€傝鑰冭檻娣诲姞 "required" 淇グ绗︽垨灏嗚 灞炴€?澹版槑涓哄彲涓?null銆?[E:\VS2022\WPF\DoorMonitorSystem\DoorMonitorSystem_3ftk1r5q_wpftmp.csproj]
E:\VS2022\WPF\DoorMonitorSystem\Models\RunModels\StationMainGroup.cs(15,23): warning CS8618: 鍦ㄩ€€鍑烘瀯閫犲嚱鏁版椂锛屼笉鍙负 null 鐨?灞炴€?"KeyId" 蹇呴』鍖呭惈闈?null 鍊笺€傝鑰冭檻娣诲姞 "required" 淇グ绗︽垨灏嗚 灞炴€?澹版槑涓哄彲涓?null銆?[E:\VS2022\WPF\DoorMonitorSystem\DoorMonitorSystem_3ftk1r5q_wpftmp.csproj]
E:\VS2022\WPF\DoorMonitorSystem\Models\RunModels\ParameterModels.cs(83,23): warning CS8618: 鍦ㄩ€€鍑烘瀯閫犲嚱鏁版椂锛屼笉鍙负 null 鐨?灞炴€?"DisplayName" 蹇呴』鍖呭惈闈?null 鍊笺€傝鑰冭檻娣诲姞 "required" 淇グ绗︽垨灏嗚 灞炴€?澹版槑涓哄彲涓?null銆?[E:\VS2022\WPF\DoorMonitorSystem\DoorMonitorSystem_3ftk1r5q_wpftmp.csproj]
E:\VS2022\WPF\DoorMonitorSystem\Models\RunModels\ParameterModels.cs(12,24): warning CS8618: 鍦ㄩ€€鍑烘瀯閫犲嚱鏁版椂锛屼笉鍙负 null 鐨?瀛楁 "_label" 蹇呴』鍖呭惈闈?null 鍊笺€傝鑰冭檻娣诲姞 "required" 淇グ绗︽垨灏嗚 瀛楁 澹版槑涓哄彲涓?null銆?[E:\VS2022\WPF\DoorMonitorSystem\DoorMonitorSystem_3ftk1r5q_wpftmp.csproj]
E:\VS2022\WPF\DoorMonitorSystem\Models\RunModels\ParameterModels.cs(35,24): warning CS8618: 鍦ㄩ€€鍑烘瀯閫犲嚱鏁版椂锛屼笉鍙负 null 鐨?瀛楁 "_unit" 蹇呴』鍖呭惈闈?null 鍊笺€傝鑰冭檻娣诲姞 "required" 淇グ绗︽垨灏嗚 瀛楁 澹版槑涓哄彲涓?null銆?[E:\VS2022\WPF\DoorMonitorSystem\DoorMonitorSystem_3ftk1r5q_wpftmp.csproj]
E:\VS2022\WPF\DoorMonitorSystem\Models\RunModels\ParameterModels.cs(42,24): warning CS8618: 鍦ㄩ€€鍑烘瀯閫犲嚱鏁版椂锛屼笉鍙负 null 鐨?瀛楁 "_hint" 蹇呴』鍖呭惈闈?null 鍊笺€傝鑰冭檻娣诲姞 "required" 淇グ绗︽垨灏嗚 瀛楁 澹版槑涓哄彲涓?null銆?[E:\VS2022\WPF\DoorMonitorSystem\DoorMonitorSystem_3ftk1r5q_wpftmp.csproj]
E:\VS2022\WPF\DoorMonitorSystem\Models\RunModels\ParameterModels.cs(50,23): warning CS8618: 鍦ㄩ€€鍑烘瀯閫犲嚱鏁版椂锛屼笉鍙负 null 鐨?灞炴€?"BindingKey" 蹇呴』鍖呭惈闈?null 鍊笺€傝鑰冭檻娣诲姞 "required" 淇グ绗︽垨灏嗚 灞炴€?澹版槑涓哄彲涓?null銆?[E:\VS2022\WPF\DoorMonitorSystem\DoorMonitorSystem_3ftk1r5q_wpftmp.csproj]
E:\VS2022\WPF\DoorMonitorSystem\Models\RunModels\ParameterModels.cs(53,23): warning CS8618: 鍦ㄩ€€鍑烘瀯閫犲嚱鏁版椂锛屼笉鍙负 null 鐨?灞炴€?"DataType" 蹇呴』鍖呭惈闈?null 鍊笺€傝鑰冭檻娣诲姞 "required" 淇グ绗︽垨灏嗚 灞炴€?澹版槑涓哄彲涓?null銆?[E:\VS2022\WPF\DoorMonitorSystem\DoorMonitorSystem_3ftk1r5q_wpftmp.csproj]
E:\VS2022\WPF\DoorMonitorSystem\Models\RunModels\ParameterModels.cs(66,24): warning CS8618: 鍦ㄩ€€鍑烘瀯閫犲嚱鏁版椂锛屼笉鍙负 null 鐨?瀛楁 "_debugInfo" 蹇呴』鍖呭惈闈?null 鍊笺€傝鑰冭檻娣诲姞 "required" 淇グ绗︽垨灏嗚 瀛楁 澹版槑涓哄彲涓?null銆?[E:\VS2022\WPF\DoorMonitorSystem\DoorMonitorSystem_3ftk1r5q_wpftmp.csproj]
E:\VS2022\WPF\DoorMonitorSystem\Models\RunModels\PanelModel.cs(17,23): warning CS8618: 鍦ㄩ€€鍑烘瀯閫犲嚱鏁版椂锛屼笉鍙负 null 鐨?灞炴€?"KeyId" 蹇呴』鍖呭惈闈?null 鍊笺€傝鑰冭檻娣诲姞 "required" 淇グ绗︽垨灏嗚 灞炴€?澹版槑涓哄彲涓?null銆?[E:\VS2022\WPF\DoorMonitorSystem\DoorMonitorSystem_3ftk1r5q_wpftmp.csproj]
E:\VS2022\WPF\DoorMonitorSystem\Models\RunModels\PanelGroup.cs(15,23): warning CS8618: 鍦ㄩ€€鍑烘瀯閫犲嚱鏁版椂锛屼笉鍙负 null 鐨?灞炴€?"KeyId" 蹇呴』鍖呭惈闈?null 鍊笺€傝鑰冭檻娣诲姞 "required" 淇グ绗︽垨灏嗚 灞炴€?澹版槑涓哄彲涓?null銆?[E:\VS2022\WPF\DoorMonitorSystem\DoorMonitorSystem_3ftk1r5q_wpftmp.csproj]
E:\VS2022\WPF\DoorMonitorSystem\Models\RunModels\PanelBitConfig.cs(15,23): warning CS8618: 鍦ㄩ€€鍑烘瀯閫犲嚱鏁版椂锛屼笉鍙负 null 鐨?灞炴€?"KeyId" 蹇呴』鍖呭惈闈?null 鍊笺€傝鑰冭檻娣诲姞 "required" 淇グ绗︽垨灏嗚 灞炴€?澹版槑涓哄彲涓?null銆?[E:\VS2022\WPF\DoorMonitorSystem\DoorMonitorSystem_3ftk1r5q_wpftmp.csproj]
E:\VS2022\WPF\DoorMonitorSystem\Assets\Services\TimeSyncManager.cs(191,57): warning CS8625: 鏃犳硶灏?null 瀛楅潰閲忚浆鎹负闈?null 鐨勫紩鐢ㄧ被鍨嬨€?[E:\VS2022\WPF\DoorMonitorSystem\DoorMonitorSystem_3ftk1r5q_wpftmp.csproj]
E:\VS2022\WPF\DoorMonitorSystem\Models\RunModels\DoorModel.cs(19,23): warning CS8618: 鍦ㄩ€€鍑烘瀯閫犲嚱鏁版椂锛屼笉鍙负 null 鐨?灞炴€?"KeyId" 蹇呴』鍖呭惈闈?null 鍊笺€傝鑰冭檻娣诲姞 "required" 淇グ绗︽垨灏嗚 灞炴€?澹版槑涓哄彲涓?null銆?[E:\VS2022\WPF\DoorMonitorSystem\DoorMonitorSystem_3ftk1r5q_wpftmp.csproj]
E:\VS2022\WPF\DoorMonitorSystem\Models\RunModels\DoorGroup.cs(15,23): warning CS8618: 鍦ㄩ€€鍑烘瀯閫犲嚱鏁版椂锛屼笉鍙负 null 鐨?灞炴€?"KeyId" 蹇呴』鍖呭惈闈?null 鍊笺€傝鑰冭檻娣诲姞 "required" 淇グ绗︽垨灏嗚 灞炴€?澹版槑涓哄彲涓?null銆?[E:\VS2022\WPF\DoorMonitorSystem\DoorMonitorSystem_3ftk1r5q_wpftmp.csproj]
E:\VS2022\WPF\DoorMonitorSystem\UControl\DateTimePicker.xaml.cs(146,39): warning CS8600: 灏?null 鏂囨湰鎴栧彲鑳界殑 null 鍊艰浆鎹负涓嶅彲涓?null 绫诲瀷銆?[E:\VS2022\WPF\DoorMonitorSystem\DoorMonitorSystem_3ftk1r5q_wpftmp.csproj]
E:\VS2022\WPF\DoorMonitorSystem\Models\ConfigEntity\StationEntity.cs(30,23): warning CS8618: 鍦ㄩ€€鍑烘瀯閫犲嚱鏁版椂锛屼笉鍙负 null 鐨?灞炴€?"KeyId" 蹇呴』鍖呭惈闈?null 鍊笺€傝鑰冭檻娣诲姞 "required" 淇グ绗︽垨灏嗚 灞炴€?澹版槑涓哄彲涓?null銆?[E:\VS2022\WPF\DoorMonitorSystem\DoorMonitorSystem_3ftk1r5q_wpftmp.csproj]
E:\VS2022\WPF\DoorMonitorSystem\Models\ConfigEntity\ParameterEntity.cs(53,23): warning CS8618: 鍦ㄩ€€鍑烘瀯閫犲嚱鏁版椂锛屼笉鍙负 null 鐨?灞炴€?"BindingKey" 蹇呴』鍖呭惈闈?null 鍊笺€傝鑰冭檻娣诲姞 "required" 淇グ绗︽垨灏嗚 灞炴€?澹版槑涓哄彲涓?null銆?[E:\VS2022\WPF\DoorMonitorSystem\DoorMonitorSystem_3ftk1r5q_wpftmp.csproj]
E:\VS2022\WPF\DoorMonitorSystem\Models\ConfigEntity\Group\PanelTypeEntity.cs(16,23): warning CS8618: 鍦ㄩ€€鍑烘瀯閫犲嚱鏁版椂锛屼笉鍙负 null 鐨?灞炴€?"KeyId" 蹇呴』鍖呭惈闈?null 鍊笺€傝鑰冭檻娣诲姞 "required" 淇グ绗︽垨灏嗚 灞炴€?澹版槑涓哄彲涓?null銆?[E:\VS2022\WPF\DoorMonitorSystem\DoorMonitorSystem_3ftk1r5q_wpftmp.csproj]
E:\VS2022\WPF\DoorMonitorSystem\Models\ConfigEntity\Group\PanelGroupEntity.cs(23,23): warning CS8618: 鍦ㄩ€€鍑烘瀯閫犲嚱鏁版椂锛屼笉鍙负 null 鐨?灞炴€?"KeyId" 蹇呴』鍖呭惈闈?null 鍊笺€傝鑰冭檻娣诲姞 "required" 淇グ绗︽垨灏嗚 灞炴€?澹版槑涓哄彲涓?null銆?[E:\VS2022\WPF\DoorMonitorSystem\DoorMonitorSystem_3ftk1r5q_wpftmp.csproj]
E:\VS2022\WPF\DoorMonitorSystem\Models\ConfigEntity\Group\PanelGroupEntity.cs(27,23): warning CS8618: 鍦ㄩ€€鍑烘瀯閫犲嚱鏁版椂锛屼笉鍙负 null 鐨?灞炴€?"StationKeyId" 蹇呴』鍖呭惈闈?null 鍊笺€傝鑰冭檻娣诲姞 "required" 淇グ绗︽垨灏嗚 灞炴€?澹版槑涓哄彲涓?null銆?[E:\VS2022\WPF\DoorMonitorSystem\DoorMonitorSystem_3ftk1r5q_wpftmp.csproj]
E:\VS2022\WPF\DoorMonitorSystem\Models\ConfigEntity\Group\PanelEntity.cs(32,23): warning CS8618: 鍦ㄩ€€鍑烘瀯閫犲嚱鏁版椂锛屼笉鍙负 null 鐨?灞炴€?"PanelTypeKeyId" 蹇呴』鍖呭惈闈?null 鍊笺€傝鑰冭檻娣诲姞 "required" 淇グ绗︽垨灏嗚 灞炴€?澹版槑涓哄彲涓?null銆?[E:\VS2022\WPF\DoorMonitorSystem\DoorMonitorSystem_3ftk1r5q_wpftmp.csproj]
E:\VS2022\WPF\DoorMonitorSystem\Models\ConfigEntity\Group\PanelEntity.cs(42,23): warning CS8618: 鍦ㄩ€€鍑烘瀯閫犲嚱鏁版椂锛屼笉鍙负 null 鐨?灞炴€?"KeyId" 蹇呴』鍖呭惈闈?null 鍊笺€傝鑰冭檻娣诲姞 "required" 淇グ绗︽垨灏嗚 灞炴€?澹版槑涓哄彲涓?null銆?[E:\VS2022\WPF\DoorMonitorSystem\DoorMonitorSystem_3ftk1r5q_wpftmp.csproj]
E:\VS2022\WPF\DoorMonitorSystem\Models\ConfigEntity\Group\PanelEntity.cs(46,23): warning CS8618: 鍦ㄩ€€鍑烘瀯閫犲嚱鏁版椂锛屼笉鍙负 null 鐨?灞炴€?"ParentKeyId" 蹇呴』鍖呭惈闈?null 鍊笺€傝鑰冭檻娣诲姞 "required" 淇グ绗︽垨灏嗚 灞炴€?澹版槑涓哄彲涓?null銆?[E:\VS2022\WPF\DoorMonitorSystem\DoorMonitorSystem_3ftk1r5q_wpftmp.csproj]
E:\VS2022\WPF\DoorMonitorSystem\Models\ConfigEntity\Group\PanelBitConfigEntity.cs(16,23): warning CS8618: 鍦ㄩ€€鍑烘瀯閫犲嚱鏁版椂锛屼笉鍙负 null 鐨?灞炴€?"KeyId" 蹇呴』鍖呭惈闈?null 鍊笺€傝鑰冭檻娣诲姞 "required" 淇グ绗︽垨灏嗚 灞炴€?澹版槑涓哄彲涓?null銆?[E:\VS2022\WPF\DoorMonitorSystem\DoorMonitorSystem_3ftk1r5q_wpftmp.csproj]
E:\VS2022\WPF\DoorMonitorSystem\Models\ConfigEntity\Group\PanelBitConfigEntity.cs(20,23): warning CS8618: 鍦ㄩ€€鍑烘瀯閫犲嚱鏁版椂锛屼笉鍙负 null 鐨?灞炴€?"PanelKeyId" 蹇呴』鍖呭惈闈?null 鍊笺€傝鑰冭檻娣诲姞 "required" 淇グ绗︽垨灏嗚 灞炴€?澹版槑涓哄彲涓?null銆?[E:\VS2022\WPF\DoorMonitorSystem\DoorMonitorSystem_3ftk1r5q_wpftmp.csproj]
E:\VS2022\WPF\DoorMonitorSystem\Models\ConfigEntity\Door\DoorTypeEntity.cs(16,23): warning CS8618: 鍦ㄩ€€鍑烘瀯閫犲嚱鏁版椂锛屼笉鍙负 null 鐨?灞炴€?"KeyId" 蹇呴』鍖呭惈闈?null 鍊笺€傝鑰冭檻娣诲姞 "required" 淇グ绗︽垨灏嗚 灞炴€?澹版槑涓哄彲涓?null銆?[E:\VS2022\WPF\DoorMonitorSystem\DoorMonitorSystem_3ftk1r5q_wpftmp.csproj]
E:\VS2022\WPF\DoorMonitorSystem\Models\RunModels\DoorBitConfig.cs(19,23): warning CS8618: 鍦ㄩ€€鍑烘瀯閫犲嚱鏁版椂锛屼笉鍙负 null 鐨?灞炴€?"KeyId" 蹇呴』鍖呭惈闈?null 鍊笺€傝鑰冭檻娣诲姞 "required" 淇グ绗︽垨灏嗚 灞炴€?澹版槑涓哄彲涓?null銆?[E:\VS2022\WPF\DoorMonitorSystem\DoorMonitorSystem_3ftk1r5q_wpftmp.csproj]
E:\VS2022\WPF\DoorMonitorSystem\Models\ConfigEntity\Door\DoorEntity.cs(30,23): warning CS8618: 鍦ㄩ€€鍑烘瀯閫犲嚱鏁版椂锛屼笉鍙负 null 鐨?灞炴€?"DoorTypeKeyId" 蹇呴』鍖呭惈闈?null 鍊笺€傝鑰冭檻娣诲姞 "required" 淇グ绗︽垨灏嗚 灞炴€?澹版槑涓哄彲涓?null銆?[E:\VS2022\WPF\DoorMonitorSystem\DoorMonitorSystem_3ftk1r5q_wpftmp.csproj]
E:\VS2022\WPF\DoorMonitorSystem\Models\ConfigEntity\Door\DoorEntity.cs(34,23): warning CS8618: 鍦ㄩ€€鍑烘瀯閫犲嚱鏁版椂锛屼笉鍙负 null 鐨?灞炴€?"KeyId" 蹇呴』鍖呭惈闈?null 鍊笺€傝鑰冭檻娣诲姞 "required" 淇グ绗︽垨灏嗚 灞炴€?澹版槑涓哄彲涓?null銆?[E:\VS2022\WPF\DoorMonitorSystem\DoorMonitorSystem_3ftk1r5q_wpftmp.csproj]
E:\VS2022\WPF\DoorMonitorSystem\Models\ConfigEntity\Door\DoorEntity.cs(38,23): warning CS8618: 鍦ㄩ€€鍑烘瀯閫犲嚱鏁版椂锛屼笉鍙负 null 鐨?灞炴€?"ParentKeyId" 蹇呴』鍖呭惈闈?null 鍊笺€傝鑰冭檻娣诲姞 "required" 淇グ绗︽垨灏嗚 灞炴€?澹版槑涓哄彲涓?null銆?[E:\VS2022\WPF\DoorMonitorSystem\DoorMonitorSystem_3ftk1r5q_wpftmp.csproj]
E:\VS2022\WPF\DoorMonitorSystem\Models\ConfigEntity\Door\DoorBitConfigEntity.cs(16,23): warning CS8618: 鍦ㄩ€€鍑烘瀯閫犲嚱鏁版椂锛屼笉鍙负 null 鐨?灞炴€?"KeyId" 蹇呴』鍖呭惈闈?null 鍊笺€傝鑰冭檻娣诲姞 "required" 淇グ绗︽垨灏嗚 灞炴€?澹版槑涓哄彲涓?null銆?[E:\VS2022\WPF\DoorMonitorSystem\DoorMonitorSystem_3ftk1r5q_wpftmp.csproj]
E:\VS2022\WPF\DoorMonitorSystem\Models\ConfigEntity\Door\DoorBitConfigEntity.cs(20,23): warning CS8618: 鍦ㄩ€€鍑烘瀯閫犲嚱鏁版椂锛屼笉鍙负 null 鐨?灞炴€?"DoorTypeKeyId" 蹇呴』鍖呭惈闈?null 鍊笺€傝鑰冭檻娣诲姞 "required" 淇グ绗︽垨灏嗚 灞炴€?澹版槑涓哄彲涓?null銆?[E:\VS2022\WPF\DoorMonitorSystem\DoorMonitorSystem_3ftk1r5q_wpftmp.csproj]
E:\VS2022\WPF\DoorMonitorSystem\Models\ConfigEntity\DoorGroupEntity.cs(23,23): warning CS8618: 鍦ㄩ€€鍑烘瀯閫犲嚱鏁版椂锛屼笉鍙负 null 鐨?灞炴€?"KeyId" 蹇呴』鍖呭惈闈?null 鍊笺€傝鑰冭檻娣诲姞 "required" 淇グ绗︽垨灏嗚 灞炴€?澹版槑涓哄彲涓?null銆?[E:\VS2022\WPF\DoorMonitorSystem\DoorMonitorSystem_3ftk1r5q_wpftmp.csproj]
E:\VS2022\WPF\DoorMonitorSystem\Models\ConfigEntity\DoorGroupEntity.cs(27,23): warning CS8618: 鍦ㄩ€€鍑烘瀯閫犲嚱鏁版椂锛屼笉鍙负 null 鐨?灞炴€?"StationKeyId" 蹇呴』鍖呭惈闈?null 鍊笺€傝鑰冭檻娣诲姞 "required" 淇グ绗︽垨灏嗚 灞炴€?澹版槑涓哄彲涓?null銆?[E:\VS2022\WPF\DoorMonitorSystem\DoorMonitorSystem_3ftk1r5q_wpftmp.csproj]
E:\VS2022\WPF\DoorMonitorSystem\Models\Points\DevicePoint.cs(25,20): warning CS8603: 鍙兘杩斿洖 null 寮曠敤銆?[E:\VS2022\WPF\DoorMonitorSystem\DoorMonitorSystem_3ftk1r5q_wpftmp.csproj]
E:\VS2022\WPF\DoorMonitorSystem\ViewModels\ConfigItems\PanelConfigItem.cs(28,64): warning CS8604: 鈥渧oid PanelConfigItem.RemoveBit(PanelBitConfigEntity item)鈥濅腑鐨勫舰鍙傗€渋tem鈥濆彲鑳戒紶鍏?null 寮曠敤瀹炲弬銆?[E:\VS2022\WPF\DoorMonitorSystem\DoorMonitorSystem_3ftk1r5q_wpftmp.csproj]
E:\VS2022\WPF\DoorMonitorSystem\ViewModels\ConfigItems\PanelConfigItem.cs(36,83): warning CS8603: 鍙兘杩斿洖 null 寮曠敤銆?[E:\VS2022\WPF\DoorMonitorSystem\DoorMonitorSystem_3ftk1r5q_wpftmp.csproj]
E:\VS2022\WPF\DoorMonitorSystem\Models\ConfigEntity\DevicePointConfigEntity.cs(21,24): warning CS8618: 鍦ㄩ€€鍑烘瀯閫犲嚱鏁版椂锛屼笉鍙负 null 鐨?瀛楁 "_category" 蹇呴』鍖呭惈闈?null 鍊笺€傝鑰冭檻娣诲姞 "required" 淇グ绗︽垨灏嗚 瀛楁 澹版槑涓哄彲涓?null銆?[E:\VS2022\WPF\DoorMonitorSystem\DoorMonitorSystem_3ftk1r5q_wpftmp.csproj]
E:\VS2022\WPF\DoorMonitorSystem\Models\ConfigEntity\DevicePointConfigEntity.cs(38,24): warning CS8618: 鍦ㄩ€€鍑烘瀯閫犲嚱鏁版椂锛屼笉鍙负 null 鐨?瀛楁 "_uiBinding" 蹇呴』鍖呭惈闈?null 鍊笺€傝鑰冭檻娣诲姞 "required" 淇グ绗︽垨灏嗚 瀛楁 澹版槑涓哄彲涓?null銆?[E:\VS2022\WPF\DoorMonitorSystem\DoorMonitorSystem_3ftk1r5q_wpftmp.csproj]
E:\VS2022\WPF\DoorMonitorSystem\Models\ConfigEntity\DevicePointConfigEntity.cs(43,24): warning CS8618: 鍦ㄩ€€鍑烘瀯閫犲嚱鏁版椂锛屼笉鍙负 null 鐨?瀛楁 "_bindingRole" 蹇呴』鍖呭惈闈?null 鍊笺€傝鑰冭檻娣诲姞 "required" 淇グ绗︽垨灏嗚 瀛楁 澹版槑涓哄彲涓?null銆?[E:\VS2022\WPF\DoorMonitorSystem\DoorMonitorSystem_3ftk1r5q_wpftmp.csproj]
E:\VS2022\WPF\DoorMonitorSystem\Models\ConfigEntity\DevicePointConfigEntity.cs(70,24): warning CS8618: 鍦ㄩ€€鍑烘瀯閫犲嚱鏁版椂锛屼笉鍙负 null 鐨?瀛楁 "_targetKeyId" 蹇呴』鍖呭惈闈?null 鍊笺€傝鑰冭檻娣诲姞 "required" 淇グ绗︽垨灏嗚 瀛楁 澹版槑涓哄彲涓?null銆?[E:\VS2022\WPF\DoorMonitorSystem\DoorMonitorSystem_3ftk1r5q_wpftmp.csproj]
E:\VS2022\WPF\DoorMonitorSystem\Models\ConfigEntity\DevicePointConfigEntity.cs(75,24): warning CS8618: 鍦ㄩ€€鍑烘瀯閫犲嚱鏁版椂锛屼笉鍙负 null 鐨?瀛楁 "_targetBitConfigKeyId" 蹇呴』鍖呭惈闈?null 鍊笺€傝鑰冭檻娣诲姞 "required" 淇グ绗︽垨灏嗚 瀛楁 澹版槑涓哄彲涓?null銆?[E:\VS2022\WPF\DoorMonitorSystem\DoorMonitorSystem_3ftk1r5q_wpftmp.csproj]
E:\VS2022\WPF\DoorMonitorSystem\Models\ConfigEntity\DevicePointConfigEntity.cs(125,24): warning CS8618: 鍦ㄩ€€鍑烘瀯閫犲嚱鏁版椂锛屼笉鍙负 null 鐨?瀛楁 "_logMessage" 蹇呴』鍖呭惈闈?null 鍊笺€傝鑰冭檻娣诲姞 "required" 淇グ绗︽垨灏嗚 瀛楁 澹版槑涓哄彲涓?null銆?[E:\VS2022\WPF\DoorMonitorSystem\DoorMonitorSystem_3ftk1r5q_wpftmp.csproj]
E:\VS2022\WPF\DoorMonitorSystem\Models\ConfigEntity\DevicePointConfigEntity.cs(150,24): warning CS8618: 鍦ㄩ€€鍑烘瀯閫犲嚱鏁版椂锛屼笉鍙负 null 鐨?瀛楁 "_state0Desc" 蹇呴』鍖呭惈闈?null 鍊笺€傝鑰冭檻娣诲姞 "required" 淇グ绗︽垨灏嗚 瀛楁 澹版槑涓哄彲涓?null銆?[E:\VS2022\WPF\DoorMonitorSystem\DoorMonitorSystem_3ftk1r5q_wpftmp.csproj]
E:\VS2022\WPF\DoorMonitorSystem\Models\ConfigEntity\DevicePointConfigEntity.cs(155,24): warning CS8618: 鍦ㄩ€€鍑烘瀯閫犲嚱鏁版椂锛屼笉鍙负 null 鐨?瀛楁 "_state1Desc" 蹇呴』鍖呭惈闈?null 鍊笺€傝鑰冭檻娣诲姞 "required" 淇グ绗︽垨灏嗚 瀛楁 澹版槑涓哄彲涓?null銆?[E:\VS2022\WPF\DoorMonitorSystem\DoorMonitorSystem_3ftk1r5q_wpftmp.csproj]
E:\VS2022\WPF\DoorMonitorSystem\Models\ConfigEntity\DevicePointConfigEntity.cs(166,24): warning CS8618: 鍦ㄩ€€鍑烘瀯閫犲嚱鏁版椂锛屼笉鍙负 null 鐨?瀛楁 "_description" 蹇呴』鍖呭惈闈?null 鍊笺€傝鑰冭檻娣诲姞 "required" 淇グ绗︽垨灏嗚 瀛楁 澹版槑涓哄彲涓?null銆?[E:\VS2022\WPF\DoorMonitorSystem\DoorMonitorSystem_3ftk1r5q_wpftmp.csproj]
E:\VS2022\WPF\DoorMonitorSystem\Models\ConfigEntity\DevicePointConfigEntity.cs(174,24): warning CS8618: 鍦ㄩ€€鍑烘瀯閫犲嚱鏁版椂锛屼笉鍙负 null 鐨?瀛楁 "_targetObjName" 蹇呴』鍖呭惈闈?null 鍊笺€傝鑰冭檻娣诲姞 "required" 淇グ绗︽垨灏嗚 瀛楁 澹版槑涓哄彲涓?null銆?[E:\VS2022\WPF\DoorMonitorSystem\DoorMonitorSystem_3ftk1r5q_wpftmp.csproj]
E:\VS2022\WPF\DoorMonitorSystem\Models\ConfigEntity\DevicePointConfigEntity.cs(178,24): warning CS8618: 鍦ㄩ€€鍑烘瀯閫犲嚱鏁版椂锛屼笉鍙负 null 鐨?瀛楁 "_targetBitConfigName" 蹇呴』鍖呭惈闈?null 鍊笺€傝鑰冭檻娣诲姞 "required" 淇グ绗︽垨灏嗚 瀛楁 澹版槑涓哄彲涓?null銆?[E:\VS2022\WPF\DoorMonitorSystem\DoorMonitorSystem_3ftk1r5q_wpftmp.csproj]
E:\VS2022\WPF\DoorMonitorSystem\Models\ConfigEntity\DevicePointConfigEntity.cs(182,24): warning CS8618: 鍦ㄩ€€鍑烘瀯閫犲嚱鏁版椂锛屼笉鍙负 null 鐨?瀛楁 "_syncTargetDeviceName" 蹇呴』鍖呭惈闈?null 鍊笺€傝鑰冭檻娣诲姞 "required" 淇グ绗︽垨灏嗚 瀛楁 澹版槑涓哄彲涓?null銆?[E:\VS2022\WPF\DoorMonitorSystem\DoorMonitorSystem_3ftk1r5q_wpftmp.csproj]
E:\VS2022\WPF\DoorMonitorSystem\Views\DevvarlistView.xaml.cs(26,16): warning CS8618: 鍦ㄩ€€鍑烘瀯閫犲嚱鏁版椂锛屼笉鍙负 null 鐨?瀛楁 "_transform" 蹇呴』鍖呭惈闈?null 鍊笺€傝鑰冭檻娣诲姞 "required" 淇グ绗︽垨灏嗚 瀛楁 澹版槑涓哄彲涓?null銆?[E:\VS2022\WPF\DoorMonitorSystem\DoorMonitorSystem_3ftk1r5q_wpftmp.csproj]
E:\VS2022\WPF\DoorMonitorSystem\ViewModels\Devvarlist\DevvarlistViewModel.cs(238,38): warning CS8625: 鏃犳硶灏?null 瀛楅潰閲忚浆鎹负闈?null 鐨勫紩鐢ㄧ被鍨嬨€?[E:\VS2022\WPF\DoorMonitorSystem\DoorMonitorSystem_3ftk1r5q_wpftmp.csproj]
E:\VS2022\WPF\DoorMonitorSystem\ViewModels\Devvarlist\DevvarlistViewModel.cs(239,40): warning CS8625: 鏃犳硶灏?null 瀛楅潰閲忚浆鎹负闈?null 鐨勫紩鐢ㄧ被鍨嬨€?[E:\VS2022\WPF\DoorMonitorSystem\DoorMonitorSystem_3ftk1r5q_wpftmp.csproj]
E:\VS2022\WPF\DoorMonitorSystem\ViewModels\Devvarlist\DevvarlistViewModel.cs(240,49): warning CS8625: 鏃犳硶灏?null 瀛楅潰閲忚浆鎹负闈?null 鐨勫紩鐢ㄧ被鍨嬨€?[E:\VS2022\WPF\DoorMonitorSystem\DoorMonitorSystem_3ftk1r5q_wpftmp.csproj]
E:\VS2022\WPF\DoorMonitorSystem\ViewModels\Devvarlist\DevvarlistViewModel.cs(241,40): warning CS8625: 鏃犳硶灏?null 瀛楅潰閲忚浆鎹负闈?null 鐨勫紩鐢ㄧ被鍨嬨€?[E:\VS2022\WPF\DoorMonitorSystem\DoorMonitorSystem_3ftk1r5q_wpftmp.csproj]
E:\VS2022\WPF\DoorMonitorSystem\ViewModels\GraphicEditingViewModel.cs(27,23): warning CS8618: 鍦ㄩ€€鍑烘瀯閫犲嚱鏁版椂锛屼笉鍙负 null 鐨?灞炴€?"Name" 蹇呴』鍖呭惈闈?null 鍊笺€傝鑰冭檻娣诲姞 "required" 淇グ绗︽垨灏嗚 灞炴€?澹版槑涓哄彲涓?null銆?[E:\VS2022\WPF\DoorMonitorSystem\DoorMonitorSystem_3ftk1r5q_wpftmp.csproj]
E:\VS2022\WPF\DoorMonitorSystem\ViewModels\GraphicEditingViewModel.cs(28,31): warning CS8618: 鍦ㄩ€€鍑烘瀯閫犲嚱鏁版椂锛屼笉鍙负 null 鐨?灞炴€?"Items" 蹇呴』鍖呭惈闈?null 鍊笺€傝鑰冭檻娣诲姞 "required" 淇グ绗︽垨灏嗚 灞炴€?澹版槑涓哄彲涓?null銆?[E:\VS2022\WPF\DoorMonitorSystem\DoorMonitorSystem_3ftk1r5q_wpftmp.csproj]
E:\VS2022\WPF\DoorMonitorSystem\ViewModels\GraphicEditingViewModel.cs(32,23): warning CS8618: 鍦ㄩ€€鍑烘瀯閫犲嚱鏁版椂锛屼笉鍙负 null 鐨?灞炴€?"Name" 蹇呴』鍖呭惈闈?null 鍊笺€傝鑰冭檻娣诲姞 "required" 淇グ绗︽垨灏嗚 灞炴€?澹版槑涓哄彲涓?null銆?[E:\VS2022\WPF\DoorMonitorSystem\DoorMonitorSystem_3ftk1r5q_wpftmp.csproj]
E:\VS2022\WPF\DoorMonitorSystem\ViewModels\GraphicEditingViewModel.cs(33,43): warning CS8618: 鍦ㄩ€€鍑烘瀯閫犲嚱鏁版椂锛屼笉鍙负 null 鐨?灞炴€?"Items" 蹇呴』鍖呭惈闈?null 鍊笺€傝鑰冭檻娣诲姞 "required" 淇グ绗︽垨灏嗚 灞炴€?澹版槑涓哄彲涓?null銆?[E:\VS2022\WPF\DoorMonitorSystem\DoorMonitorSystem_3ftk1r5q_wpftmp.csproj]
E:\VS2022\WPF\DoorMonitorSystem\Assets\Services\TimeSyncManager.cs(367,20): warning CS8603: 鍙兘杩斿洖 null 寮曠敤銆?[E:\VS2022\WPF\DoorMonitorSystem\DoorMonitorSystem_3ftk1r5q_wpftmp.csproj]
E:\VS2022\WPF\DoorMonitorSystem\ViewModels\Devvarlist\DevvarlistViewModel.cs(255,16): warning CS8618: 鍦ㄩ€€鍑烘瀯閫犲嚱鏁版椂锛屼笉鍙负 null 鐨?瀛楁 "_selectedPoint" 蹇呴』鍖呭惈闈?null 鍊笺€傝鑰冭檻娣诲姞 "required" 淇グ绗︽垨灏嗚 瀛楁 澹版槑涓哄彲涓?null銆?[E:\VS2022\WPF\DoorMonitorSystem\DoorMonitorSystem_3ftk1r5q_wpftmp.csproj]
E:\VS2022\WPF\DoorMonitorSystem\ViewModels\Devvarlist\DevvarlistViewModel.cs(255,16): warning CS8618: 鍦ㄩ€€鍑烘瀯閫犲嚱鏁版椂锛屼笉鍙负 null 鐨?瀛楁 "_selectedDevice" 蹇呴』鍖呭惈闈?null 鍊笺€傝鑰冭檻娣诲姞 "required" 淇グ绗︽垨灏嗚 瀛楁 澹版槑涓哄彲涓?null銆?[E:\VS2022\WPF\DoorMonitorSystem\DoorMonitorSystem_3ftk1r5q_wpftmp.csproj]
E:\VS2022\WPF\DoorMonitorSystem\ViewModels\Devvarlist\DevvarlistViewModel.cs(255,16): warning CS8618: 鍦ㄩ€€鍑烘瀯閫犲嚱鏁版椂锛屼笉鍙负 null 鐨?瀛楁 "_selectedTreeNode" 蹇呴』鍖呭惈闈?null 鍊笺€傝鑰冭檻娣诲姞 "required" 淇グ绗︽垨灏嗚 瀛楁 澹版槑涓哄彲涓?null銆?[E:\VS2022\WPF\DoorMonitorSystem\DoorMonitorSystem_3ftk1r5q_wpftmp.csproj]
E:\VS2022\WPF\DoorMonitorSystem\ViewModels\GraphicEditingViewModel.cs(38,23): warning CS8618: 鍦ㄩ€€鍑烘瀯閫犲嚱鏁版椂锛屼笉鍙负 null 鐨?灞炴€?"PathData" 蹇呴』鍖呭惈闈?null 鍊笺€傝鑰冭檻娣诲姞 "required" 淇グ绗︽垨灏嗚 灞炴€?澹版槑涓哄彲涓?null銆?[E:\VS2022\WPF\DoorMonitorSystem\DoorMonitorSystem_3ftk1r5q_wpftmp.csproj]
E:\VS2022\WPF\DoorMonitorSystem\ViewModels\GraphicEditingViewModel.cs(39,23): warning CS8618: 鍦ㄩ€€鍑烘瀯閫犲嚱鏁版椂锛屼笉鍙负 null 鐨?灞炴€?"StrokeColor" 蹇呴』鍖呭惈闈?null 鍊笺€傝鑰冭檻娣诲姞 "required" 淇グ绗︽垨灏嗚 灞炴€?澹版槑涓哄彲涓?null銆?[E:\VS2022\WPF\DoorMonitorSystem\DoorMonitorSystem_3ftk1r5q_wpftmp.csproj]
E:\VS2022\WPF\DoorMonitorSystem\ViewModels\GraphicEditingViewModel.cs(40,23): warning CS8618: 鍦ㄩ€€鍑烘瀯閫犲嚱鏁版椂锛屼笉鍙负 null 鐨?灞炴€?"FillColor" 蹇呴』鍖呭惈闈?null 鍊笺€傝鑰冭檻娣诲姞 "required" 淇グ绗︽垨灏嗚 灞炴€?澹版槑涓哄彲涓?null銆?[E:\VS2022\WPF\DoorMonitorSystem\DoorMonitorSystem_3ftk1r5q_wpftmp.csproj]
E:\VS2022\WPF\DoorMonitorSystem\ViewModels\GraphicEditingViewModel.cs(47,16): warning CS8618: 鍦ㄩ€€鍑烘瀯閫犲嚱鏁版椂锛屼笉鍙负 null 鐨?瀛楁 "_selectedItem" 蹇呴』鍖呭惈闈?null 鍊笺€傝鑰冭檻娣诲姞 "required" 淇グ绗︽垨灏嗚 瀛楁 澹版槑涓哄彲涓?null銆?[E:\VS2022\WPF\DoorMonitorSystem\DoorMonitorSystem_3ftk1r5q_wpftmp.csproj]
E:\VS2022\WPF\DoorMonitorSystem\ViewModels\GraphicEditingViewModel.cs(47,16): warning CS8618: 鍦ㄩ€€鍑烘瀯閫犲嚱鏁版椂锛屼笉鍙负 null 鐨?瀛楁 "_pathDataText" 蹇呴』鍖呭惈闈?null 鍊笺€傝鑰冭檻娣诲姞 "required" 淇グ绗︽垨灏嗚 瀛楁 澹版槑涓哄彲涓?null銆?[E:\VS2022\WPF\DoorMonitorSystem\DoorMonitorSystem_3ftk1r5q_wpftmp.csproj]
E:\VS2022\WPF\DoorMonitorSystem\ViewModels\GraphicEditingViewModel.cs(47,16): warning CS8618: 鍦ㄩ€€鍑烘瀯閫犲嚱鏁版椂锛屼笉鍙负 null 鐨?瀛楁 "_pathData" 蹇呴』鍖呭惈闈?null 鍊笺€傝鑰冭檻娣诲姞 "required" 淇グ绗︽垨灏嗚 瀛楁 澹版槑涓哄彲涓?null銆?[E:\VS2022\WPF\DoorMonitorSystem\DoorMonitorSystem_3ftk1r5q_wpftmp.csproj]
E:\VS2022\WPF\DoorMonitorSystem\ViewModels\ConfigItems\DoorGroupConfigItem.cs(36,64): warning CS8604: 鈥渧oid DoorGroupConfigItem.RemoveBit(DoorBitConfigEntity item)鈥濅腑鐨勫舰鍙傗€渋tem鈥濆彲鑳戒紶鍏?null 寮曠敤瀹炲弬銆?[E:\VS2022\WPF\DoorMonitorSystem\DoorMonitorSystem_3ftk1r5q_wpftmp.csproj]
E:\VS2022\WPF\DoorMonitorSystem\ViewModels\GraphicEditingViewModel.cs(90,40): warning CS8601: 鍙兘鐨?null 寮曠敤璧嬪€笺€?[E:\VS2022\WPF\DoorMonitorSystem\DoorMonitorSystem_3ftk1r5q_wpftmp.csproj]
E:\VS2022\WPF\DoorMonitorSystem\ViewModels\ConfigItems\DoorGroupConfigItem.cs(58,92): warning CS8603: 鍙兘杩斿洖 null 寮曠敤銆?[E:\VS2022\WPF\DoorMonitorSystem\DoorMonitorSystem_3ftk1r5q_wpftmp.csproj]
E:\VS2022\WPF\DoorMonitorSystem\ViewModels\GraphicEditingViewModel.cs(197,28): warning CS8625: 鏃犳硶灏?null 瀛楅潰閲忚浆鎹负闈?null 鐨勫紩鐢ㄧ被鍨嬨€?[E:\VS2022\WPF\DoorMonitorSystem\DoorMonitorSystem_3ftk1r5q_wpftmp.csproj]
E:\VS2022\WPF\DoorMonitorSystem\Assets\Converter\DictIdToNameConverter.cs(43,60): warning CS8600: 灏?null 鏂囨湰鎴栧彲鑳界殑 null 鍊艰浆鎹负涓嶅彲涓?null 绫诲瀷銆?[E:\VS2022\WPF\DoorMonitorSystem\DoorMonitorSystem_3ftk1r5q_wpftmp.csproj]
E:\VS2022\WPF\DoorMonitorSystem\ViewModels\SystemLogViewModel.cs(192,16): warning CS8618: 鍦ㄩ€€鍑烘瀯閫犲嚱鏁版椂锛屼笉鍙负 null 鐨?灞炴€?"FirstPageCommand" 蹇呴』鍖呭惈闈?null 鍊笺€傝鑰冭檻娣诲姞 "required" 淇グ绗︽垨灏嗚 灞炴€?澹版槑涓哄彲涓?null銆?[E:\VS2022\WPF\DoorMonitorSystem\DoorMonitorSystem_3ftk1r5q_wpftmp.csproj]
E:\VS2022\WPF\DoorMonitorSystem\ViewModels\LayoutConfigurationViewModel.cs(123,83): warning CS8601: 鍙兘鐨?null 寮曠敤璧嬪€笺€?[E:\VS2022\WPF\DoorMonitorSystem\DoorMonitorSystem_3ftk1r5q_wpftmp.csproj]
E:\VS2022\WPF\DoorMonitorSystem\ViewModels\LayoutConfigurationViewModel.cs(128,22): warning CS8625: 鏃犳硶灏?null 瀛楅潰閲忚浆鎹负闈?null 鐨勫紩鐢ㄧ被鍨嬨€?[E:\VS2022\WPF\DoorMonitorSystem\DoorMonitorSystem_3ftk1r5q_wpftmp.csproj]
E:\VS2022\WPF\DoorMonitorSystem\ViewModels\LayoutConfigurationViewModel.cs(106,16): warning CS8618: 鍦ㄩ€€鍑烘瀯閫犲嚱鏁版椂锛屼笉鍙负 null 鐨?瀛楁 "_selectedItem" 蹇呴』鍖呭惈闈?null 鍊笺€傝鑰冭檻娣诲姞 "required" 淇グ绗︽垨灏嗚 瀛楁 澹版槑涓哄彲涓?null銆?[E:\VS2022\WPF\DoorMonitorSystem\DoorMonitorSystem_3ftk1r5q_wpftmp.csproj]
E:\VS2022\WPF\DoorMonitorSystem\ViewModels\LayoutConfigurationViewModel.cs(106,16): warning CS8618: 鍦ㄩ€€鍑烘瀯閫犲嚱鏁版椂锛屼笉鍙负 null 鐨?瀛楁 "_globalSelectedDoorTypeKeyId" 蹇呴』鍖呭惈闈?null 鍊笺€傝鑰冭檻娣诲姞 "required" 淇グ绗︽垨灏嗚 瀛楁 澹版槑涓哄彲涓?null銆?[E:\VS2022\WPF\DoorMonitorSystem\DoorMonitorSystem_3ftk1r5q_wpftmp.csproj]
E:\VS2022\WPF\DoorMonitorSystem\ViewModels\LayoutConfigurationViewModel.cs(106,16): warning CS8618: 鍦ㄩ€€鍑烘瀯閫犲嚱鏁版椂锛屼笉鍙负 null 鐨?瀛楁 "_statusMessage" 蹇呴』鍖呭惈闈?null 鍊笺€傝鑰冭檻娣诲姞 "required" 淇グ绗︽垨灏嗚 瀛楁 澹版槑涓哄彲涓?null銆?[E:\VS2022\WPF\DoorMonitorSystem\DoorMonitorSystem_3ftk1r5q_wpftmp.csproj]
E:\VS2022\WPF\DoorMonitorSystem\Views\LoginWindow.xaml.cs(14,16): warning CS8618: 鍦ㄩ€€鍑烘瀯閫犲嚱鏁版椂锛屼笉鍙负 null 鐨?灞炴€?"LoggedInUser" 蹇呴』鍖呭惈闈?null 鍊笺€傝鑰冭檻娣诲姞 "required" 淇グ绗︽垨灏嗚 灞炴€?澹版槑涓哄彲涓?null銆?[E:\VS2022\WPF\DoorMonitorSystem\DoorMonitorSystem_3ftk1r5q_wpftmp.csproj]
E:\VS2022\WPF\DoorMonitorSystem\Views\LoginWindow.xaml.cs(55,32): warning CS8625: 鏃犳硶灏?null 瀛楅潰閲忚浆鎹负闈?null 鐨勫紩鐢ㄧ被鍨嬨€?[E:\VS2022\WPF\DoorMonitorSystem\DoorMonitorSystem_3ftk1r5q_wpftmp.csproj]
E:\VS2022\WPF\DoorMonitorSystem\Views\LoginWindow.xaml.cs(55,38): warning CS8625: 鏃犳硶灏?null 瀛楅潰閲忚浆鎹负闈?null 鐨勫紩鐢ㄧ被鍨嬨€?[E:\VS2022\WPF\DoorMonitorSystem\DoorMonitorSystem_3ftk1r5q_wpftmp.csproj]
E:\VS2022\WPF\DoorMonitorSystem\Views\LoginWindow.xaml.cs(59,33): warning CS8625: 鏃犳硶灏?null 瀛楅潰閲忚浆鎹负闈?null 鐨勫紩鐢ㄧ被鍨嬨€?[E:\VS2022\WPF\DoorMonitorSystem\DoorMonitorSystem_3ftk1r5q_wpftmp.csproj]
E:\VS2022\WPF\DoorMonitorSystem\Views\LoginWindow.xaml.cs(59,39): warning CS8625: 鏃犳硶灏?null 瀛楅潰閲忚浆鎹负闈?null 鐨勫紩鐢ㄧ被鍨嬨€?[E:\VS2022\WPF\DoorMonitorSystem\DoorMonitorSystem_3ftk1r5q_wpftmp.csproj]
E:\VS2022\WPF\DoorMonitorSystem\ViewModels\MainWindowViewModel.cs(125,16): warning CS8618: 鍦ㄩ€€鍑烘瀯閫犲嚱鏁版椂锛屼笉鍙负 null 鐨?瀛楁 "_currentViewModel" 蹇呴』鍖呭惈闈?null 鍊笺€傝鑰冭檻娣诲姞 "required" 淇グ绗︽垨灏嗚 瀛楁 澹版槑涓哄彲涓?null銆?[E:\VS2022\WPF\DoorMonitorSystem\DoorMonitorSystem_3ftk1r5q_wpftmp.csproj]
E:\VS2022\WPF\DoorMonitorSystem\ViewModels\MainWindowViewModel.cs(125,16): warning CS8618: 鍦ㄩ€€鍑烘瀯閫犲嚱鏁版椂锛屼笉鍙负 null 鐨?瀛楁 "_currentView" 蹇呴』鍖呭惈闈?null 鍊笺€傝鑰冭檻娣诲姞 "required" 淇グ绗︽垨灏嗚 瀛楁 澹版槑涓哄彲涓?null銆?[E:\VS2022\WPF\DoorMonitorSystem\DoorMonitorSystem_3ftk1r5q_wpftmp.csproj]
E:\VS2022\WPF\DoorMonitorSystem\ViewModels\MainWindowViewModel.cs(125,16): warning CS8618: 鍦ㄩ€€鍑烘瀯閫犲嚱鏁版椂锛屼笉鍙负 null 鐨?灞炴€?"ExecuteCommand" 蹇呴』鍖呭惈闈?null 鍊笺€傝鑰冭檻娣诲姞 "required" 淇グ绗︽垨灏嗚 灞炴€?澹版槑涓哄彲涓?null銆?[E:\VS2022\WPF\DoorMonitorSystem\DoorMonitorSystem_3ftk1r5q_wpftmp.csproj]
E:\VS2022\WPF\DoorMonitorSystem\ViewModels\MainWindowViewModel.cs(125,16): warning CS8618: 鍦ㄩ€€鍑烘瀯閫犲嚱鏁版椂锛屼笉鍙负 null 鐨?灞炴€?"DeployCommand" 蹇呴』鍖呭惈闈?null 鍊笺€傝鑰冭檻娣诲姞 "required" 淇グ绗︽垨灏嗚 灞炴€?澹版槑涓哄彲涓?null銆?[E:\VS2022\WPF\DoorMonitorSystem\DoorMonitorSystem_3ftk1r5q_wpftmp.csproj]
E:\VS2022\WPF\DoorMonitorSystem\ViewModels\MainWindowViewModel.cs(125,16): warning CS8618: 鍦ㄩ€€鍑烘瀯閫犲嚱鏁版椂锛屼笉鍙负 null 鐨?灞炴€?"NavigationCommand" 蹇呴』鍖呭惈闈?null 鍊笺€傝鑰冭檻娣诲姞 "required" 淇グ绗︽垨灏嗚 灞炴€?澹版槑涓哄彲涓?null銆?[E:\VS2022\WPF\DoorMonitorSystem\DoorMonitorSystem_3ftk1r5q_wpftmp.csproj]
E:\VS2022\WPF\DoorMonitorSystem\ViewModels\MainWindowViewModel.cs(125,16): warning CS8618: 鍦ㄩ€€鍑烘瀯閫犲嚱鏁版椂锛屼笉鍙负 null 鐨?灞炴€?"OpenUserInfoCommand" 蹇呴』鍖呭惈闈?null 鍊笺€傝鑰冭檻娣诲姞 "required" 淇グ绗︽垨灏嗚 灞炴€?澹版槑涓哄彲涓?null銆?[E:\VS2022\WPF\DoorMonitorSystem\DoorMonitorSystem_3ftk1r5q_wpftmp.csproj]
E:\VS2022\WPF\DoorMonitorSystem\ViewModels\MainWindowViewModel.cs(125,16): warning CS8618: 鍦ㄩ€€鍑烘瀯閫犲嚱鏁版椂锛屼笉鍙负 null 鐨?灞炴€?"RefreshUICommand" 蹇呴』鍖呭惈闈?null 鍊笺€傝鑰冭檻娣诲姞 "required" 淇グ绗︽垨灏嗚 灞炴€?澹版槑涓哄彲涓?null銆?[E:\VS2022\WPF\DoorMonitorSystem\DoorMonitorSystem_3ftk1r5q_wpftmp.csproj]
E:\VS2022\WPF\DoorMonitorSystem\ViewModels\GraphicEditingViewModel.cs(546,32): warning CS8625: 鏃犳硶灏?null 瀛楅潰閲忚浆鎹负闈?null 鐨勫紩鐢ㄧ被鍨嬨€?[E:\VS2022\WPF\DoorMonitorSystem\DoorMonitorSystem_3ftk1r5q_wpftmp.csproj]
E:\VS2022\WPF\DoorMonitorSystem\ViewModels\MainWindowViewModel.cs(295,39): warning CS8625: 鏃犳硶灏?null 瀛楅潰閲忚浆鎹负闈?null 鐨勫紩鐢ㄧ被鍨嬨€?[E:\VS2022\WPF\DoorMonitorSystem\DoorMonitorSystem_3ftk1r5q_wpftmp.csproj]
E:\VS2022\WPF\DoorMonitorSystem\ViewModels\MainWindowViewModel.cs(305,43): warning CS8625: 鏃犳硶灏?null 瀛楅潰閲忚浆鎹负闈?null 鐨勫紩鐢ㄧ被鍨嬨€?[E:\VS2022\WPF\DoorMonitorSystem\DoorMonitorSystem_3ftk1r5q_wpftmp.csproj]
E:\VS2022\WPF\DoorMonitorSystem\ViewModels\StationParameterViewModel.cs(153,33): warning CS8601: 鍙兘鐨?null 寮曠敤璧嬪€笺€?[E:\VS2022\WPF\DoorMonitorSystem\DoorMonitorSystem_3ftk1r5q_wpftmp.csproj]
E:\VS2022\WPF\DoorMonitorSystem\ViewModels\StationParameterViewModel.cs(145,16): warning CS8618: 鍦ㄩ€€鍑烘瀯閫犲嚱鏁版椂锛屼笉鍙负 null 鐨?瀛楁 "_stationName" 蹇呴』鍖呭惈闈?null 鍊笺€傝鑰冭檻娣诲姞 "required" 淇グ绗︽垨灏嗚 瀛楁 澹版槑涓哄彲涓?null銆?[E:\VS2022\WPF\DoorMonitorSystem\DoorMonitorSystem_3ftk1r5q_wpftmp.csproj]
E:\VS2022\WPF\DoorMonitorSystem\ViewModels\StationParameterViewModel.cs(145,16): warning CS8618: 鍦ㄩ€€鍑烘瀯閫犲嚱鏁版椂锛屼笉鍙负 null 鐨?瀛楁 "_parameterList" 蹇呴』鍖呭惈闈?null 鍊笺€傝鑰冭檻娣诲姞 "required" 淇グ绗︽垨灏嗚 瀛楁 澹版槑涓哄彲涓?null銆?[E:\VS2022\WPF\DoorMonitorSystem\DoorMonitorSystem_3ftk1r5q_wpftmp.csproj]
E:\VS2022\WPF\DoorMonitorSystem\ViewModels\StationParameterViewModel.cs(145,16): warning CS8618: 鍦ㄩ€€鍑烘瀯閫犲嚱鏁版椂锛屼笉鍙负 null 鐨?瀛楁 "_asdModels" 蹇呴』鍖呭惈闈?null 鍊笺€傝鑰冭檻娣诲姞 "required" 淇グ绗︽垨灏嗚 瀛楁 澹版槑涓哄彲涓?null銆?[E:\VS2022\WPF\DoorMonitorSystem\DoorMonitorSystem_3ftk1r5q_wpftmp.csproj]
E:\VS2022\WPF\DoorMonitorSystem\ViewModels\StationParameterViewModel.cs(145,16): warning CS8618: 鍦ㄩ€€鍑烘瀯閫犲嚱鏁版椂锛屼笉鍙负 null 鐨?瀛楁 "_selectedAsdModel" 蹇呴』鍖呭惈闈?null 鍊笺€傝鑰冭檻娣诲姞 "required" 淇グ绗︽垨灏嗚 瀛楁 澹版槑涓哄彲涓?null銆?[E:\VS2022\WPF\DoorMonitorSystem\DoorMonitorSystem_3ftk1r5q_wpftmp.csproj]
E:\VS2022\WPF\DoorMonitorSystem\ViewModels\StationParameterViewModel.cs(145,16): warning CS8618: 鍦ㄩ€€鍑烘瀯閫犲嚱鏁版椂锛屼笉鍙负 null 鐨?瀛楁 "_stationKeyId" 蹇呴』鍖呭惈闈?null 鍊笺€傝鑰冭檻娣诲姞 "required" 淇グ绗︽垨灏嗚 瀛楁 澹版槑涓哄彲涓?null銆?[E:\VS2022\WPF\DoorMonitorSystem\DoorMonitorSystem_3ftk1r5q_wpftmp.csproj]
E:\VS2022\WPF\DoorMonitorSystem\ViewModels\MainWindowViewModel.cs(367,26): warning CS8600: 灏?null 鏂囨湰鎴栧彲鑳界殑 null 鍊艰浆鎹负涓嶅彲涓?null 绫诲瀷銆?[E:\VS2022\WPF\DoorMonitorSystem\DoorMonitorSystem_3ftk1r5q_wpftmp.csproj]
E:\VS2022\WPF\DoorMonitorSystem\ViewModels\MainWindowViewModel.cs(370,41): warning CS8604: 鈥渂ool Dictionary<string, object>.TryGetValue(string key, out object value)鈥濅腑鐨勫舰鍙傗€渒ey鈥濆彲鑳戒紶鍏?null 寮曠敤瀹炲弬銆?[E:\VS2022\WPF\DoorMonitorSystem\DoorMonitorSystem_3ftk1r5q_wpftmp.csproj]
E:\VS2022\WPF\DoorMonitorSystem\ViewModels\MainWindowViewModel.cs(375,39): warning CS8601: 鍙兘鐨?null 寮曠敤璧嬪€笺€?[E:\VS2022\WPF\DoorMonitorSystem\DoorMonitorSystem_3ftk1r5q_wpftmp.csproj]
E:\VS2022\WPF\DoorMonitorSystem\ViewModels\MainWindowViewModel.cs(383,32): warning CS8601: 鍙兘鐨?null 寮曠敤璧嬪€笺€?[E:\VS2022\WPF\DoorMonitorSystem\DoorMonitorSystem_3ftk1r5q_wpftmp.csproj]
E:\VS2022\WPF\DoorMonitorSystem\ViewModels\MainWindowViewModel.cs(392,37): warning CS8600: 灏?null 鏂囨湰鎴栧彲鑳界殑 null 鍊艰浆鎹负涓嶅彲涓?null 绫诲瀷銆?[E:\VS2022\WPF\DoorMonitorSystem\DoorMonitorSystem_3ftk1r5q_wpftmp.csproj]
E:\VS2022\WPF\DoorMonitorSystem\ViewModels\MainWindowViewModel.cs(400,28): warning CS8600: 灏?null 鏂囨湰鎴栧彲鑳界殑 null 鍊艰浆鎹负涓嶅彲涓?null 绫诲瀷銆?[E:\VS2022\WPF\DoorMonitorSystem\DoorMonitorSystem_3ftk1r5q_wpftmp.csproj]
E:\VS2022\WPF\DoorMonitorSystem\ViewModels\StationParameterViewModel.cs(215,47): warning CS8600: 灏?null 鏂囨湰鎴栧彲鑳界殑 null 鍊艰浆鎹负涓嶅彲涓?null 绫诲瀷銆?[E:\VS2022\WPF\DoorMonitorSystem\DoorMonitorSystem_3ftk1r5q_wpftmp.csproj]
E:\VS2022\WPF\DoorMonitorSystem\ViewModels\StationParameterViewModel.cs(220,27): warning CS8600: 灏?null 鏂囨湰鎴栧彲鑳界殑 null 鍊艰浆鎹负涓嶅彲涓?null 绫诲瀷銆?[E:\VS2022\WPF\DoorMonitorSystem\DoorMonitorSystem_3ftk1r5q_wpftmp.csproj]
E:\VS2022\WPF\DoorMonitorSystem\ViewModels\StationParameterViewModel.cs(227,31): warning CS8600: 灏?null 鏂囨湰鎴栧彲鑳界殑 null 鍊艰浆鎹负涓嶅彲涓?null 绫诲瀷銆?[E:\VS2022\WPF\DoorMonitorSystem\DoorMonitorSystem_3ftk1r5q_wpftmp.csproj]
E:\VS2022\WPF\DoorMonitorSystem\ViewModels\StationParameterViewModel.cs(236,27): warning CS8600: 灏?null 鏂囨湰鎴栧彲鑳界殑 null 鍊艰浆鎹负涓嶅彲涓?null 绫诲瀷銆?[E:\VS2022\WPF\DoorMonitorSystem\DoorMonitorSystem_3ftk1r5q_wpftmp.csproj]
E:\VS2022\WPF\DoorMonitorSystem\ViewModels\StationParameterViewModel.cs(242,101): warning CS8625: 鏃犳硶灏?null 瀛楅潰閲忚浆鎹负闈?null 鐨勫紩鐢ㄧ被鍨嬨€?[E:\VS2022\WPF\DoorMonitorSystem\DoorMonitorSystem_3ftk1r5q_wpftmp.csproj]
E:\VS2022\WPF\DoorMonitorSystem\ViewModels\StationParameterViewModel.cs(242,27): warning CS8600: 灏?null 鏂囨湰鎴栧彲鑳界殑 null 鍊艰浆鎹负涓嶅彲涓?null 绫诲瀷銆?[E:\VS2022\WPF\DoorMonitorSystem\DoorMonitorSystem_3ftk1r5q_wpftmp.csproj]
E:\VS2022\WPF\DoorMonitorSystem\ViewModels\StationParameterViewModel.cs(254,38): warning CS8600: 灏?null 鏂囨湰鎴栧彲鑳界殑 null 鍊艰浆鎹负涓嶅彲涓?null 绫诲瀷銆?[E:\VS2022\WPF\DoorMonitorSystem\DoorMonitorSystem_3ftk1r5q_wpftmp.csproj]
E:\VS2022\WPF\DoorMonitorSystem\ViewModels\StationParameterViewModel.cs(255,46): warning CS8601: 鍙兘鐨?null 寮曠敤璧嬪€笺€?[E:\VS2022\WPF\DoorMonitorSystem\DoorMonitorSystem_3ftk1r5q_wpftmp.csproj]
E:\VS2022\WPF\DoorMonitorSystem\ViewModels\StationParameterViewModel.cs(256,76): warning CS8601: 鍙兘鐨?null 寮曠敤璧嬪€笺€?[E:\VS2022\WPF\DoorMonitorSystem\DoorMonitorSystem_3ftk1r5q_wpftmp.csproj]
E:\VS2022\WPF\DoorMonitorSystem\ViewModels\StationParameterViewModel.cs(281,37): warning CS8600: 灏?null 鏂囨湰鎴栧彲鑳界殑 null 鍊艰浆鎹负涓嶅彲涓?null 绫诲瀷銆?[E:\VS2022\WPF\DoorMonitorSystem\DoorMonitorSystem_3ftk1r5q_wpftmp.csproj]
E:\VS2022\WPF\DoorMonitorSystem\ViewModels\StationParameterViewModel.cs(285,46): warning CS8601: 鍙兘鐨?null 寮曠敤璧嬪€笺€?[E:\VS2022\WPF\DoorMonitorSystem\DoorMonitorSystem_3ftk1r5q_wpftmp.csproj]
E:\VS2022\WPF\DoorMonitorSystem\Assets\Helper\CategoryGroup.cs(14,16): warning CS8618: 鍦ㄩ€€鍑烘瀯閫犲嚱鏁版椂锛屼笉鍙负 null 鐨?瀛楁 "_category" 蹇呴』鍖呭惈闈?null 鍊笺€傝鑰冭檻娣诲姞 "required" 淇グ绗︽垨灏嗚 瀛楁 澹版槑涓哄彲涓?null銆?[E:\VS2022\WPF\DoorMonitorSystem\DoorMonitorSystem_3ftk1r5q_wpftmp.csproj]
E:\VS2022\WPF\DoorMonitorSystem\ViewModels\ParameterSettingViewModel.cs(60,65): warning CS8622: 鈥渧oid ParameterSettingViewModel.OnGlobalStationsChanged(object sender, NotifyCollectionChangedEventArgs e)鈥濈殑鍙傛暟鈥渟ender鈥濈被鍨嬩腑寮曠敤绫诲瀷鐨勪负 Null 鎬т笌鐩爣濮旀墭鈥淣otifyCollectionChangedEventHandler鈥濅笉鍖归厤(鍙兘鏄敱浜庝负 Null 鎬х壒鎬?銆?[E:\VS2022\WPF\DoorMonitorSystem\DoorMonitorSystem_3ftk1r5q_wpftmp.csproj]
E:\VS2022\WPF\DoorMonitorSystem\ViewModels\ParameterSettingViewModel.cs(38,16): warning CS8618: 鍦ㄩ€€鍑烘瀯閫犲嚱鏁版椂锛屼笉鍙负 null 鐨?瀛楁 "_stationSettings" 蹇呴』鍖呭惈闈?null 鍊笺€傝鑰冭檻娣诲姞 "required" 淇グ绗︽垨灏嗚 瀛楁 澹版槑涓哄彲涓?null銆?[E:\VS2022\WPF\DoorMonitorSystem\DoorMonitorSystem_3ftk1r5q_wpftmp.csproj]
E:\VS2022\WPF\DoorMonitorSystem\Assets\Helper\DatabaseFixer.cs(131,26): warning CS8604: 鈥渧oid List<string>.Add(string item)鈥濅腑鐨勫舰鍙傗€渋tem鈥濆彲鑳戒紶鍏?null 寮曠敤瀹炲弬銆?[E:\VS2022\WPF\DoorMonitorSystem\DoorMonitorSystem_3ftk1r5q_wpftmp.csproj]
E:\VS2022\WPF\DoorMonitorSystem\Assets\Helper\SvgParser.cs(192,24): warning CS8603: 鍙兘杩斿洖 null 寮曠敤銆?[E:\VS2022\WPF\DoorMonitorSystem\DoorMonitorSystem_3ftk1r5q_wpftmp.csproj]
E:\VS2022\WPF\DoorMonitorSystem\ViewModels\StationParameterViewModel.cs(386,52): warning CS8600: 灏?null 鏂囨湰鎴栧彲鑳界殑 null 鍊艰浆鎹负涓嶅彲涓?null 绫诲瀷銆?[E:\VS2022\WPF\DoorMonitorSystem\DoorMonitorSystem_3ftk1r5q_wpftmp.csproj]
E:\VS2022\WPF\DoorMonitorSystem\ViewModels\StationParameterViewModel.cs(391,32): warning CS8600: 灏?null 鏂囨湰鎴栧彲鑳界殑 null 鍊艰浆鎹负涓嶅彲涓?null 绫诲瀷銆?[E:\VS2022\WPF\DoorMonitorSystem\DoorMonitorSystem_3ftk1r5q_wpftmp.csproj]
E:\VS2022\WPF\DoorMonitorSystem\ViewModels\StationParameterViewModel.cs(394,36): warning CS8600: 灏?null 鏂囨湰鎴栧彲鑳界殑 null 鍊艰浆鎹负涓嶅彲涓?null 绫诲瀷銆?[E:\VS2022\WPF\DoorMonitorSystem\DoorMonitorSystem_3ftk1r5q_wpftmp.csproj]
E:\VS2022\WPF\DoorMonitorSystem\ViewModels\StationParameterViewModel.cs(401,32): warning CS8600: 灏?null 鏂囨湰鎴栧彲鑳界殑 null 鍊艰浆鎹负涓嶅彲涓?null 绫诲瀷銆?[E:\VS2022\WPF\DoorMonitorSystem\DoorMonitorSystem_3ftk1r5q_wpftmp.csproj]
E:\VS2022\WPF\DoorMonitorSystem\ViewModels\StationParameterViewModel.cs(404,32): warning CS8600: 灏?null 鏂囨湰鎴栧彲鑳界殑 null 鍊艰浆鎹负涓嶅彲涓?null 绫诲瀷銆?[E:\VS2022\WPF\DoorMonitorSystem\DoorMonitorSystem_3ftk1r5q_wpftmp.csproj]
E:\VS2022\WPF\DoorMonitorSystem\ViewModels\StationParameterViewModel.cs(410,32): warning CS8600: 灏?null 鏂囨湰鎴栧彲鑳界殑 null 鍊艰浆鎹负涓嶅彲涓?null 绫诲瀷銆?[E:\VS2022\WPF\DoorMonitorSystem\DoorMonitorSystem_3ftk1r5q_wpftmp.csproj]
E:\VS2022\WPF\DoorMonitorSystem\ViewModels\StationParameterViewModel.cs(414,111): warning CS8625: 鏃犳硶灏?null 瀛楅潰閲忚浆鎹负闈?null 鐨勫紩鐢ㄧ被鍨嬨€?[E:\VS2022\WPF\DoorMonitorSystem\DoorMonitorSystem_3ftk1r5q_wpftmp.csproj]
E:\VS2022\WPF\DoorMonitorSystem\ViewModels\StationParameterViewModel.cs(414,37): warning CS8600: 灏?null 鏂囨湰鎴栧彲鑳界殑 null 鍊艰浆鎹负涓嶅彲涓?null 绫诲瀷銆?[E:\VS2022\WPF\DoorMonitorSystem\DoorMonitorSystem_3ftk1r5q_wpftmp.csproj]
E:\VS2022\WPF\DoorMonitorSystem\Assets\Services\DeviceCommunicationService.cs(34,16): warning CS8618: 鍦ㄩ€€鍑烘瀯閫犲嚱鏁版椂锛屼笉鍙负 null 鐨?浜嬩欢 "ConfigLoaded" 蹇呴』鍖呭惈闈?null 鍊笺€傝鑰冭檻娣诲姞 "required" 淇グ绗︽垨灏嗚 浜嬩欢 澹版槑涓哄彲涓?null銆?[E:\VS2022\WPF\DoorMonitorSystem\DoorMonitorSystem_3ftk1r5q_wpftmp.csproj]
E:\VS2022\WPF\DoorMonitorSystem\Assets\Services\LogService.cs(61,67): warning CS8600: 灏?null 鏂囨湰鎴栧彲鑳界殑 null 鍊艰浆鎹负涓嶅彲涓?null 绫诲瀷銆?[E:\VS2022\WPF\DoorMonitorSystem\DoorMonitorSystem_3ftk1r5q_wpftmp.csproj]
E:\VS2022\WPF\DoorMonitorSystem\Assets\Services\LogService.cs(73,33): warning CS8605: 鍙栨秷瑁呯鍙兘涓?null 鐨勫€笺€?[E:\VS2022\WPF\DoorMonitorSystem\DoorMonitorSystem_3ftk1r5q_wpftmp.csproj]
E:\VS2022\WPF\DoorMonitorSystem\Assets\Services\LogService.cs(153,32): warning CS8600: 灏?null 鏂囨湰鎴栧彲鑳界殑 null 鍊艰浆鎹负涓嶅彲涓?null 绫诲瀷銆?[E:\VS2022\WPF\DoorMonitorSystem\DoorMonitorSystem_3ftk1r5q_wpftmp.csproj]
E:\VS2022\WPF\DoorMonitorSystem\ViewModels\LayoutConfigurationViewModel.cs(559,30): warning CS8625: 鏃犳硶灏?null 瀛楅潰閲忚浆鎹负闈?null 鐨勫紩鐢ㄧ被鍨嬨€?[E:\VS2022\WPF\DoorMonitorSystem\DoorMonitorSystem_3ftk1r5q_wpftmp.csproj]
E:\VS2022\WPF\DoorMonitorSystem\ViewModels\LayoutConfigurationViewModel.cs(637,37): warning CS8601: 鍙兘鐨?null 寮曠敤璧嬪€笺€?[E:\VS2022\WPF\DoorMonitorSystem\DoorMonitorSystem_3ftk1r5q_wpftmp.csproj]
E:\VS2022\WPF\DoorMonitorSystem\Assets\Services\DataManager.cs(236,96): warning CS8625: 鏃犳硶灏?null 瀛楅潰閲忚浆鎹负闈?null 鐨勫紩鐢ㄧ被鍨嬨€?[E:\VS2022\WPF\DoorMonitorSystem\DoorMonitorSystem_3ftk1r5q_wpftmp.csproj]
E:\VS2022\WPF\DoorMonitorSystem\Assets\Helper\SQLHelper.cs(644,24): warning CS8600: 灏?null 鏂囨湰鎴栧彲鑳界殑 null 鍊艰浆鎹负涓嶅彲涓?null 绫诲瀷銆?[E:\VS2022\WPF\DoorMonitorSystem\DoorMonitorSystem_3ftk1r5q_wpftmp.csproj]
E:\VS2022\WPF\DoorMonitorSystem\ViewModels\Devvarlist\DevvarlistViewModel.Excel.cs(140,50): warning CS8600: 灏?null 鏂囨湰鎴栧彲鑳界殑 null 鍊艰浆鎹负涓嶅彲涓?null 绫诲瀷銆?[E:\VS2022\WPF\DoorMonitorSystem\DoorMonitorSystem_3ftk1r5q_wpftmp.csproj]
E:\VS2022\WPF\DoorMonitorSystem\ViewModels\Devvarlist\DevvarlistViewModel.Excel.cs(148,47): warning CS8601: 鍙兘鐨?null 寮曠敤璧嬪€笺€?[E:\VS2022\WPF\DoorMonitorSystem\DoorMonitorSystem_3ftk1r5q_wpftmp.csproj]
E:\VS2022\WPF\DoorMonitorSystem\ViewModels\Devvarlist\DevvarlistViewModel.Excel.cs(150,48): warning CS8601: 鍙兘鐨?null 寮曠敤璧嬪€笺€?[E:\VS2022\WPF\DoorMonitorSystem\DoorMonitorSystem_3ftk1r5q_wpftmp.csproj]
E:\VS2022\WPF\DoorMonitorSystem\ViewModels\Devvarlist\DevvarlistViewModel.Excel.cs(151,51): warning CS8601: 鍙兘鐨?null 寮曠敤璧嬪€笺€?[E:\VS2022\WPF\DoorMonitorSystem\DoorMonitorSystem_3ftk1r5q_wpftmp.csproj]
E:\VS2022\WPF\DoorMonitorSystem\ViewModels\Devvarlist\DevvarlistViewModel.Excel.cs(152,49): warning CS8601: 鍙兘鐨?null 寮曠敤璧嬪€笺€?[E:\VS2022\WPF\DoorMonitorSystem\DoorMonitorSystem_3ftk1r5q_wpftmp.csproj]
E:\VS2022\WPF\DoorMonitorSystem\ViewModels\Devvarlist\DevvarlistViewModel.Excel.cs(153,51): warning CS8601: 鍙兘鐨?null 寮曠敤璧嬪€笺€?[E:\VS2022\WPF\DoorMonitorSystem\DoorMonitorSystem_3ftk1r5q_wpftmp.csproj]
E:\VS2022\WPF\DoorMonitorSystem\ViewModels\Devvarlist\DevvarlistViewModel.Excel.cs(155,51): warning CS8601: 鍙兘鐨?null 寮曠敤璧嬪€笺€?[E:\VS2022\WPF\DoorMonitorSystem\DoorMonitorSystem_3ftk1r5q_wpftmp.csproj]
E:\VS2022\WPF\DoorMonitorSystem\ViewModels\Devvarlist\DevvarlistViewModel.Excel.cs(156,60): warning CS8601: 鍙兘鐨?null 寮曠敤璧嬪€笺€?[E:\VS2022\WPF\DoorMonitorSystem\DoorMonitorSystem_3ftk1r5q_wpftmp.csproj]
E:\VS2022\WPF\DoorMonitorSystem\ViewModels\Devvarlist\DevvarlistViewModel.Excel.cs(164,50): warning CS8601: 鍙兘鐨?null 寮曠敤璧嬪€笺€?[E:\VS2022\WPF\DoorMonitorSystem\DoorMonitorSystem_3ftk1r5q_wpftmp.csproj]
E:\VS2022\WPF\DoorMonitorSystem\ViewModels\Devvarlist\DevvarlistViewModel.Excel.cs(165,48): warning CS8601: 鍙兘鐨?null 寮曠敤璧嬪€笺€?[E:\VS2022\WPF\DoorMonitorSystem\DoorMonitorSystem_3ftk1r5q_wpftmp.csproj]
E:\VS2022\WPF\DoorMonitorSystem\ViewModels\Devvarlist\DevvarlistViewModel.Excel.cs(168,50): warning CS8601: 鍙兘鐨?null 寮曠敤璧嬪€笺€?[E:\VS2022\WPF\DoorMonitorSystem\DoorMonitorSystem_3ftk1r5q_wpftmp.csproj]
E:\VS2022\WPF\DoorMonitorSystem\ViewModels\Devvarlist\DevvarlistViewModel.Excel.cs(169,50): warning CS8601: 鍙兘鐨?null 寮曠敤璧嬪€笺€?[E:\VS2022\WPF\DoorMonitorSystem\DoorMonitorSystem_3ftk1r5q_wpftmp.csproj]
E:\VS2022\WPF\DoorMonitorSystem\ViewModels\Devvarlist\DevvarlistViewModel.Excel.cs(91,28): warning CS1998: 姝ゅ紓姝ユ柟娉曠己灏?"await" 杩愮畻绗︼紝灏嗕互鍚屾鏂瑰紡杩愯銆傝鑰冭檻浣跨敤 "await" 杩愮畻绗︾瓑寰呴潪闃绘鐨?API 璋冪敤锛屾垨鑰呬娇鐢?"await Task.Run(...)" 鍦ㄥ悗鍙扮嚎绋嬩笂鎵ц鍗犵敤澶ч噺 CPU 鐨勫伐浣溿€?[E:\VS2022\WPF\DoorMonitorSystem\DoorMonitorSystem_3ftk1r5q_wpftmp.csproj]
E:\VS2022\WPF\DoorMonitorSystem\Assets\Services\DataManager.cs(427,83): warning CS8625: 鏃犳硶灏?null 瀛楅潰閲忚浆鎹负闈?null 鐨勫紩鐢ㄧ被鍨嬨€?[E:\VS2022\WPF\DoorMonitorSystem\DoorMonitorSystem_3ftk1r5q_wpftmp.csproj]
E:\VS2022\WPF\DoorMonitorSystem\Assets\Services\DataManager.cs(435,96): warning CS8625: 鏃犳硶灏?null 瀛楅潰閲忚浆鎹负闈?null 鐨勫紩鐢ㄧ被鍨嬨€?[E:\VS2022\WPF\DoorMonitorSystem\DoorMonitorSystem_3ftk1r5q_wpftmp.csproj]
E:\VS2022\WPF\DoorMonitorSystem\Assets\Services\DataManager.cs(443,89): warning CS8625: 鏃犳硶灏?null 瀛楅潰閲忚浆鎹负闈?null 鐨勫紩鐢ㄧ被鍨嬨€?[E:\VS2022\WPF\DoorMonitorSystem\DoorMonitorSystem_3ftk1r5q_wpftmp.csproj]
E:\VS2022\WPF\DoorMonitorSystem\Assets\Services\DataManager.cs(451,89): warning CS8625: 鏃犳硶灏?null 瀛楅潰閲忚浆鎹负闈?null 鐨勫紩鐢ㄧ被鍨嬨€?[E:\VS2022\WPF\DoorMonitorSystem\DoorMonitorSystem_3ftk1r5q_wpftmp.csproj]
E:\VS2022\WPF\DoorMonitorSystem\Assets\Services\DataManager.cs(459,99): warning CS8625: 鏃犳硶灏?null 瀛楅潰閲忚浆鎹负闈?null 鐨勫紩鐢ㄧ被鍨嬨€?[E:\VS2022\WPF\DoorMonitorSystem\DoorMonitorSystem_3ftk1r5q_wpftmp.csproj]
E:\VS2022\WPF\DoorMonitorSystem\ViewModels\SystemLogViewModel.cs(622,38): warning CS8600: 灏?null 鏂囨湰鎴栧彲鑳界殑 null 鍊艰浆鎹负涓嶅彲涓?null 绫诲瀷銆?[E:\VS2022\WPF\DoorMonitorSystem\DoorMonitorSystem_3ftk1r5q_wpftmp.csproj]
E:\VS2022\WPF\DoorMonitorSystem\ViewModels\SystemLogViewModel.cs(623,50): warning CS8604: 鈥渂ool Collection<string>.Contains(string item)鈥濅腑鐨勫舰鍙傗€渋tem鈥濆彲鑳戒紶鍏?null 寮曠敤瀹炲弬銆?[E:\VS2022\WPF\DoorMonitorSystem\DoorMonitorSystem_3ftk1r5q_wpftmp.csproj]
E:\VS2022\WPF\DoorMonitorSystem\ViewModels\SystemLogViewModel.cs(650,52): warning CS8600: 灏?null 鏂囨湰鎴栧彲鑳界殑 null 鍊艰浆鎹负涓嶅彲涓?null 绫诲瀷銆?[E:\VS2022\WPF\DoorMonitorSystem\DoorMonitorSystem_3ftk1r5q_wpftmp.csproj]
E:\VS2022\WPF\DoorMonitorSystem\ViewModels\LayoutConfigurationViewModel.cs(660,38): warning CS8601: 鍙兘鐨?null 寮曠敤璧嬪€笺€?[E:\VS2022\WPF\DoorMonitorSystem\DoorMonitorSystem_3ftk1r5q_wpftmp.csproj]
E:\VS2022\WPF\DoorMonitorSystem\Assets\Services\DataManager.cs(553,76): warning CS8625: 鏃犳硶灏?null 瀛楅潰閲忚浆鎹负闈?null 鐨勫紩鐢ㄧ被鍨嬨€?[E:\VS2022\WPF\DoorMonitorSystem\DoorMonitorSystem_3ftk1r5q_wpftmp.csproj]
E:\VS2022\WPF\DoorMonitorSystem\Assets\Services\NtpService.cs(238,47): warning CS8625: 鏃犳硶灏?null 瀛楅潰閲忚浆鎹负闈?null 鐨勫紩鐢ㄧ被鍨嬨€?[E:\VS2022\WPF\DoorMonitorSystem\DoorMonitorSystem_3ftk1r5q_wpftmp.csproj]
E:\VS2022\WPF\DoorMonitorSystem\Assets\Services\DataManager.cs(564,102): warning CS8625: 鏃犳硶灏?null 瀛楅潰閲忚浆鎹负闈?null 鐨勫紩鐢ㄧ被鍨嬨€?[E:\VS2022\WPF\DoorMonitorSystem\DoorMonitorSystem_3ftk1r5q_wpftmp.csproj]
E:\VS2022\WPF\DoorMonitorSystem\ViewModels\LayoutConfigurationViewModel.cs(679,36): warning CS8625: 鏃犳硶灏?null 瀛楅潰閲忚浆鎹负闈?null 鐨勫紩鐢ㄧ被鍨嬨€?[E:\VS2022\WPF\DoorMonitorSystem\DoorMonitorSystem_3ftk1r5q_wpftmp.csproj]
E:\VS2022\WPF\DoorMonitorSystem\Assets\Services\DataManager.cs(726,98): warning CS8625: 鏃犳硶灏?null 瀛楅潰閲忚浆鎹负闈?null 鐨勫紩鐢ㄧ被鍨嬨€?[E:\VS2022\WPF\DoorMonitorSystem\DoorMonitorSystem_3ftk1r5q_wpftmp.csproj]
E:\VS2022\WPF\DoorMonitorSystem\Assets\Services\DataManager.cs(732,102): warning CS8625: 鏃犳硶灏?null 瀛楅潰閲忚浆鎹负闈?null 鐨勫紩鐢ㄧ被鍨嬨€?[E:\VS2022\WPF\DoorMonitorSystem\DoorMonitorSystem_3ftk1r5q_wpftmp.csproj]
E:\VS2022\WPF\DoorMonitorSystem\Assets\Services\DeviceCommunicationService.cs(32,50): warning CS8618: 鍦ㄩ€€鍑烘瀯閫犲嚱鏁版椂锛屼笉鍙负 null 鐨?灞炴€?"Instance" 蹇呴』鍖呭惈闈?null 鍊笺€傝鑰冭檻娣诲姞 "required" 淇グ绗︽垨灏嗚 灞炴€?澹版槑涓哄彲涓?null銆?[E:\VS2022\WPF\DoorMonitorSystem\DoorMonitorSystem_3ftk1r5q_wpftmp.csproj]
E:\VS2022\WPF\DoorMonitorSystem\Assets\Services\DataManager.cs(834,94): warning CS8625: 鏃犳硶灏?null 瀛楅潰閲忚浆鎹负闈?null 鐨勫紩鐢ㄧ被鍨嬨€?[E:\VS2022\WPF\DoorMonitorSystem\DoorMonitorSystem_3ftk1r5q_wpftmp.csproj]
E:\VS2022\WPF\DoorMonitorSystem\Assets\Services\DataManager.cs(837,108): warning CS8625: 鏃犳硶灏?null 瀛楅潰閲忚浆鎹负闈?null 鐨勫紩鐢ㄧ被鍨嬨€?[E:\VS2022\WPF\DoorMonitorSystem\DoorMonitorSystem_3ftk1r5q_wpftmp.csproj]
E:\VS2022\WPF\DoorMonitorSystem\Assets\Services\DataManager.cs(1125,45): warning CS8625: 鏃犳硶灏?null 瀛楅潰閲忚浆鎹负闈?null 鐨勫紩鐢ㄧ被鍨嬨€?[E:\VS2022\WPF\DoorMonitorSystem\DoorMonitorSystem_3ftk1r5q_wpftmp.csproj]
E:\VS2022\WPF\DoorMonitorSystem\Assets\Services\DataManager.cs(1145,44): warning CS8625: 鏃犳硶灏?null 瀛楅潰閲忚浆鎹负闈?null 鐨勫紩鐢ㄧ被鍨嬨€?[E:\VS2022\WPF\DoorMonitorSystem\DoorMonitorSystem_3ftk1r5q_wpftmp.csproj]
E:\VS2022\WPF\DoorMonitorSystem\Assets\Services\DataManager.cs(43,22): warning CS0414: 瀛楁鈥淒ataManager._debugKeysPrinted鈥濆凡琚祴鍊硷紝浣嗕粠鏈娇鐢ㄨ繃瀹冪殑鍊?[E:\VS2022\WPF\DoorMonitorSystem\DoorMonitorSystem_3ftk1r5q_wpftmp.csproj]
E:\VS2022\WPF\DoorMonitorSystem\ViewModels\Devvarlist\DevvarlistViewModel.Wizard.cs(171,70): warning CA2200: 鍐嶆寮曞彂鎹曡幏鍒扮殑寮傚父浼氭洿鏀瑰爢鏍堜俊鎭?(https://learn.microsoft.com/dotnet/fundamentals/code-analysis/quality-rules/ca2200) [E:\VS2022\WPF\DoorMonitorSystem\DoorMonitorSystem_3ftk1r5q_wpftmp.csproj]
E:\VS2022\WPF\DoorMonitorSystem\Assets\Services\DeviceCommunicationService.cs(166,93): warning CS8625: 鏃犳硶灏?null 瀛楅潰閲忚浆鎹负闈?null 鐨勫紩鐢ㄧ被鍨嬨€?[E:\VS2022\WPF\DoorMonitorSystem\DoorMonitorSystem.csproj]
E:\VS2022\WPF\DoorMonitorSystem\ViewModels\StationParameterViewModel.cs(145,181): warning CS8625: 鏃犳硶灏?null 瀛楅潰閲忚浆鎹负闈?null 鐨勫紩鐢ㄧ被鍨嬨€?[E:\VS2022\WPF\DoorMonitorSystem\DoorMonitorSystem.csproj]
E:\VS2022\WPF\DoorMonitorSystem\Assets\Services\TimeSyncManager.cs(191,57): warning CS8625: 鏃犳硶灏?null 瀛楅潰閲忚浆鎹负闈?null 鐨勫紩鐢ㄧ被鍨嬨€?[E:\VS2022\WPF\DoorMonitorSystem\DoorMonitorSystem.csproj]
E:\VS2022\WPF\DoorMonitorSystem\Assets\Converter\DictIdToNameConverter.cs(43,60): warning CS8600: 灏?null 鏂囨湰鎴栧彲鑳界殑 null 鍊艰浆鎹负涓嶅彲涓?null 绫诲瀷銆?[E:\VS2022\WPF\DoorMonitorSystem\DoorMonitorSystem.csproj]
E:\VS2022\WPF\DoorMonitorSystem\Assets\Helper\SvgParser.cs(192,24): warning CS8603: 鍙兘杩斿洖 null 寮曠敤銆?[E:\VS2022\WPF\DoorMonitorSystem\DoorMonitorSystem.csproj]
E:\VS2022\WPF\DoorMonitorSystem\Views\LoginWindow.xaml.cs(14,16): warning CS8618: 鍦ㄩ€€鍑烘瀯閫犲嚱鏁版椂锛屼笉鍙负 null 鐨?灞炴€?"LoggedInUser" 蹇呴』鍖呭惈闈?null 鍊笺€傝鑰冭檻娣诲姞 "required" 淇グ绗︽垨灏嗚 灞炴€?澹版槑涓哄彲涓?null銆?[E:\VS2022\WPF\DoorMonitorSystem\DoorMonitorSystem.csproj]
E:\VS2022\WPF\DoorMonitorSystem\Views\LoginWindow.xaml.cs(55,32): warning CS8625: 鏃犳硶灏?null 瀛楅潰閲忚浆鎹负闈?null 鐨勫紩鐢ㄧ被鍨嬨€?[E:\VS2022\WPF\DoorMonitorSystem\DoorMonitorSystem.csproj]
E:\VS2022\WPF\DoorMonitorSystem\Views\LoginWindow.xaml.cs(55,38): warning CS8625: 鏃犳硶灏?null 瀛楅潰閲忚浆鎹负闈?null 鐨勫紩鐢ㄧ被鍨嬨€?[E:\VS2022\WPF\DoorMonitorSystem\DoorMonitorSystem.csproj]
E:\VS2022\WPF\DoorMonitorSystem\Views\LoginWindow.xaml.cs(59,33): warning CS8625: 鏃犳硶灏?null 瀛楅潰閲忚浆鎹负闈?null 鐨勫紩鐢ㄧ被鍨嬨€?[E:\VS2022\WPF\DoorMonitorSystem\DoorMonitorSystem.csproj]
E:\VS2022\WPF\DoorMonitorSystem\Views\LoginWindow.xaml.cs(59,39): warning CS8625: 鏃犳硶灏?null 瀛楅潰閲忚浆鎹负闈?null 鐨勫紩鐢ㄧ被鍨嬨€?[E:\VS2022\WPF\DoorMonitorSystem\DoorMonitorSystem.csproj]
E:\VS2022\WPF\DoorMonitorSystem\Assets\Services\DataManager.cs(236,96): warning CS8625: 鏃犳硶灏?null 瀛楅潰閲忚浆鎹负闈?null 鐨勫紩鐢ㄧ被鍨嬨€?[E:\VS2022\WPF\DoorMonitorSystem\DoorMonitorSystem.csproj]
E:\VS2022\WPF\DoorMonitorSystem\Assets\Services\TimeSyncManager.cs(367,20): warning CS8603: 鍙兘杩斿洖 null 寮曠敤銆?[E:\VS2022\WPF\DoorMonitorSystem\DoorMonitorSystem.csproj]
E:\VS2022\WPF\DoorMonitorSystem\Assets\Services\DeviceCommunicationService.cs(34,16): warning CS8618: 鍦ㄩ€€鍑烘瀯閫犲嚱鏁版椂锛屼笉鍙负 null 鐨?浜嬩欢 "ConfigLoaded" 蹇呴』鍖呭惈闈?null 鍊笺€傝鑰冭檻娣诲姞 "required" 淇グ绗︽垨灏嗚 浜嬩欢 澹版槑涓哄彲涓?null銆?[E:\VS2022\WPF\DoorMonitorSystem\DoorMonitorSystem.csproj]
E:\VS2022\WPF\DoorMonitorSystem\Assets\Services\LogService.cs(61,67): warning CS8600: 灏?null 鏂囨湰鎴栧彲鑳界殑 null 鍊艰浆鎹负涓嶅彲涓?null 绫诲瀷銆?[E:\VS2022\WPF\DoorMonitorSystem\DoorMonitorSystem.csproj]
E:\VS2022\WPF\DoorMonitorSystem\Assets\Services\LogService.cs(73,33): warning CS8605: 鍙栨秷瑁呯鍙兘涓?null 鐨勫€笺€?[E:\VS2022\WPF\DoorMonitorSystem\DoorMonitorSystem.csproj]
E:\VS2022\WPF\DoorMonitorSystem\Assets\Services\LogService.cs(153,32): warning CS8600: 灏?null 鏂囨湰鎴栧彲鑳界殑 null 鍊艰浆鎹负涓嶅彲涓?null 绫诲瀷銆?[E:\VS2022\WPF\DoorMonitorSystem\DoorMonitorSystem.csproj]
E:\VS2022\WPF\DoorMonitorSystem\Assets\Services\DataManager.cs(427,83): warning CS8625: 鏃犳硶灏?null 瀛楅潰閲忚浆鎹负闈?null 鐨勫紩鐢ㄧ被鍨嬨€?[E:\VS2022\WPF\DoorMonitorSystem\DoorMonitorSystem.csproj]
E:\VS2022\WPF\DoorMonitorSystem\Assets\Services\DataManager.cs(435,96): warning CS8625: 鏃犳硶灏?null 瀛楅潰閲忚浆鎹负闈?null 鐨勫紩鐢ㄧ被鍨嬨€?[E:\VS2022\WPF\DoorMonitorSystem\DoorMonitorSystem.csproj]
E:\VS2022\WPF\DoorMonitorSystem\Assets\Services\DataManager.cs(443,89): warning CS8625: 鏃犳硶灏?null 瀛楅潰閲忚浆鎹负闈?null 鐨勫紩鐢ㄧ被鍨嬨€?[E:\VS2022\WPF\DoorMonitorSystem\DoorMonitorSystem.csproj]
E:\VS2022\WPF\DoorMonitorSystem\Assets\Services\DataManager.cs(451,89): warning CS8625: 鏃犳硶灏?null 瀛楅潰閲忚浆鎹负闈?null 鐨勫紩鐢ㄧ被鍨嬨€?[E:\VS2022\WPF\DoorMonitorSystem\DoorMonitorSystem.csproj]
E:\VS2022\WPF\DoorMonitorSystem\Assets\Services\DataManager.cs(459,99): warning CS8625: 鏃犳硶灏?null 瀛楅潰閲忚浆鎹负闈?null 鐨勫紩鐢ㄧ被鍨嬨€?[E:\VS2022\WPF\DoorMonitorSystem\DoorMonitorSystem.csproj]
E:\VS2022\WPF\DoorMonitorSystem\Assets\Helper\SQLHelper.cs(644,24): warning CS8600: 灏?null 鏂囨湰鎴栧彲鑳界殑 null 鍊艰浆鎹负涓嶅彲涓?null 绫诲瀷銆?[E:\VS2022\WPF\DoorMonitorSystem\DoorMonitorSystem.csproj]
E:\VS2022\WPF\DoorMonitorSystem\Assets\Services\DataManager.cs(553,76): warning CS8625: 鏃犳硶灏?null 瀛楅潰閲忚浆鎹负闈?null 鐨勫紩鐢ㄧ被鍨嬨€?[E:\VS2022\WPF\DoorMonitorSystem\DoorMonitorSystem.csproj]
E:\VS2022\WPF\DoorMonitorSystem\Assets\Services\DataManager.cs(564,102): warning CS8625: 鏃犳硶灏?null 瀛楅潰閲忚浆鎹负闈?null 鐨勫紩鐢ㄧ被鍨嬨€?[E:\VS2022\WPF\DoorMonitorSystem\DoorMonitorSystem.csproj]
E:\VS2022\WPF\DoorMonitorSystem\Models\Ui\SupportModels.cs(11,23): warning CS8618: 鍦ㄩ€€鍑烘瀯閫犲嚱鏁版椂锛屼笉鍙负 null 鐨?灞炴€?"Name" 蹇呴』鍖呭惈闈?null 鍊笺€傝鑰冭檻娣诲姞 "required" 淇グ绗︽垨灏嗚 灞炴€?澹版槑涓哄彲涓?null銆?[E:\VS2022\WPF\DoorMonitorSystem\DoorMonitorSystem.csproj]
E:\VS2022\WPF\DoorMonitorSystem\Models\Ui\SelectorNode.cs(8,23): warning CS8618: 鍦ㄩ€€鍑烘瀯閫犲嚱鏁版椂锛屼笉鍙负 null 鐨?灞炴€?"Name" 蹇呴』鍖呭惈闈?null 鍊笺€傝鑰冭檻娣诲姞 "required" 淇グ绗︽垨灏嗚 灞炴€?澹版槑涓哄彲涓?null銆?[E:\VS2022\WPF\DoorMonitorSystem\DoorMonitorSystem.csproj]
E:\VS2022\WPF\DoorMonitorSystem\Models\Ui\SelectorNode.cs(9,23): warning CS8618: 鍦ㄩ€€鍑烘瀯閫犲嚱鏁版椂锛屼笉鍙负 null 鐨?灞炴€?"ParentName" 蹇呴』鍖呭惈闈?null 鍊笺€傝鑰冭檻娣诲姞 "required" 淇グ绗︽垨灏嗚 灞炴€?澹版槑涓哄彲涓?null銆?[E:\VS2022\WPF\DoorMonitorSystem\DoorMonitorSystem.csproj]
E:\VS2022\WPF\DoorMonitorSystem\Models\Ui\SelectorNode.cs(10,23): warning CS8618: 鍦ㄩ€€鍑烘瀯閫犲嚱鏁版椂锛屼笉鍙负 null 鐨?灞炴€?"FullDescription" 蹇呴』鍖呭惈闈?null 鍊笺€傝鑰冭檻娣诲姞 "required" 淇グ绗︽垨灏嗚 灞炴€?澹版槑涓哄彲涓?null銆?[E:\VS2022\WPF\DoorMonitorSystem\DoorMonitorSystem.csproj]
E:\VS2022\WPF\DoorMonitorSystem\Models\Ui\SelectorNode.cs(11,23): warning CS8618: 鍦ㄩ€€鍑烘瀯閫犲嚱鏁版椂锛屼笉鍙负 null 鐨?灞炴€?"NodeType" 蹇呴』鍖呭惈闈?null 鍊笺€傝鑰冭檻娣诲姞 "required" 淇グ绗︽垨灏嗚 灞炴€?澹版槑涓哄彲涓?null銆?[E:\VS2022\WPF\DoorMonitorSystem\DoorMonitorSystem.csproj]
E:\VS2022\WPF\DoorMonitorSystem\Models\Ui\SelectorNode.cs(12,23): warning CS8618: 鍦ㄩ€€鍑烘瀯閫犲嚱鏁版椂锛屼笉鍙负 null 鐨?灞炴€?"KeyId" 蹇呴』鍖呭惈闈?null 鍊笺€傝鑰冭檻娣诲姞 "required" 淇グ绗︽垨灏嗚 灞炴€?澹版槑涓哄彲涓?null銆?[E:\VS2022\WPF\DoorMonitorSystem\DoorMonitorSystem.csproj]
E:\VS2022\WPF\DoorMonitorSystem\Models\Ui\SelectorNode.cs(13,23): warning CS8618: 鍦ㄩ€€鍑烘瀯閫犲嚱鏁版椂锛屼笉鍙负 null 鐨?灞炴€?"BitConfigKeyId" 蹇呴』鍖呭惈闈?null 鍊笺€傝鑰冭檻娣诲姞 "required" 淇グ绗︽垨灏嗚 灞炴€?澹版槑涓哄彲涓?null銆?[E:\VS2022\WPF\DoorMonitorSystem\DoorMonitorSystem.csproj]
E:\VS2022\WPF\DoorMonitorSystem\Models\Ui\SelectorNode.cs(14,23): warning CS8618: 鍦ㄩ€€鍑烘瀯閫犲嚱鏁版椂锛屼笉鍙负 null 鐨?灞炴€?"BindingKey" 蹇呴』鍖呭惈闈?null 鍊笺€傝鑰冭檻娣诲姞 "required" 淇グ绗︽垨灏嗚 灞炴€?澹版槑涓哄彲涓?null銆?[E:\VS2022\WPF\DoorMonitorSystem\DoorMonitorSystem.csproj]
E:\VS2022\WPF\DoorMonitorSystem\Models\Ui\SelectorNode.cs(15,23): warning CS8618: 鍦ㄩ€€鍑烘瀯閫犲嚱鏁版椂锛屼笉鍙负 null 鐨?灞炴€?"BindingRole" 蹇呴』鍖呭惈闈?null 鍊笺€傝鑰冭檻娣诲姞 "required" 淇グ绗︽垨灏嗚 灞炴€?澹版槑涓哄彲涓?null銆?[E:\VS2022\WPF\DoorMonitorSystem\DoorMonitorSystem.csproj]
E:\VS2022\WPF\DoorMonitorSystem\Models\Ui\AddressConfigItem.cs(8,24): warning CS8618: 鍦ㄩ€€鍑烘瀯閫犲嚱鏁版椂锛屼笉鍙负 null 鐨?瀛楁 "_name" 蹇呴』鍖呭惈闈?null 鍊笺€傝鑰冭檻娣诲姞 "required" 淇グ绗︽垨灏嗚 瀛楁 澹版槑涓哄彲涓?null銆?[E:\VS2022\WPF\DoorMonitorSystem\DoorMonitorSystem.csproj]
E:\VS2022\WPF\DoorMonitorSystem\Models\Ui\AddressConfigItem.cs(29,23): warning CS8618: 鍦ㄩ€€鍑烘瀯閫犲嚱鏁版椂锛屼笉鍙负 null 鐨?灞炴€?"Type" 蹇呴』鍖呭惈闈?null 鍊笺€傝鑰冭檻娣诲姞 "required" 淇グ绗︽垨灏嗚 灞炴€?澹版槑涓哄彲涓?null銆?[E:\VS2022\WPF\DoorMonitorSystem\DoorMonitorSystem.csproj]
E:\VS2022\WPF\DoorMonitorSystem\Models\system\SysSettingsEntity.cs(23,23): warning CS8618: 鍦ㄩ€€鍑烘瀯閫犲嚱鏁版椂锛屼笉鍙负 null 鐨?灞炴€?"SettingKey" 蹇呴』鍖呭惈闈?null 鍊笺€傝鑰冭檻娣诲姞 "required" 淇グ绗︽垨灏嗚 灞炴€?澹版槑涓哄彲涓?null銆?[E:\VS2022\WPF\DoorMonitorSystem\DoorMonitorSystem.csproj]
E:\VS2022\WPF\DoorMonitorSystem\Models\system\SysSettingsEntity.cs(28,23): warning CS8618: 鍦ㄩ€€鍑烘瀯閫犲嚱鏁版椂锛屼笉鍙负 null 鐨?灞炴€?"SettingValue" 蹇呴』鍖呭惈闈?null 鍊笺€傝鑰冭檻娣诲姞 "required" 淇グ绗︽垨灏嗚 灞炴€?澹版槑涓哄彲涓?null銆?[E:\VS2022\WPF\DoorMonitorSystem\DoorMonitorSystem.csproj]
E:\VS2022\WPF\DoorMonitorSystem\Models\system\SysSettingsEntity.cs(33,23): warning CS8618: 鍦ㄩ€€鍑烘瀯閫犲嚱鏁版椂锛屼笉鍙负 null 鐨?灞炴€?"Category" 蹇呴』鍖呭惈闈?null 鍊笺€傝鑰冭檻娣诲姞 "required" 淇グ绗︽垨灏嗚 灞炴€?澹版槑涓哄彲涓?null銆?[E:\VS2022\WPF\DoorMonitorSystem\DoorMonitorSystem.csproj]
E:\VS2022\WPF\DoorMonitorSystem\Models\system\SysSettingsEntity.cs(38,23): warning CS8618: 鍦ㄩ€€鍑烘瀯閫犲嚱鏁版椂锛屼笉鍙负 null 鐨?灞炴€?"Description" 蹇呴』鍖呭惈闈?null 鍊笺€傝鑰冭檻娣诲姞 "required" 淇グ绗︽垨灏嗚 灞炴€?澹版槑涓哄彲涓?null銆?[E:\VS2022\WPF\DoorMonitorSystem\DoorMonitorSystem.csproj]
E:\VS2022\WPF\DoorMonitorSystem\Models\system\SysGraphicEntities.cs(41,23): warning CS8618: 鍦ㄩ€€鍑烘瀯閫犲嚱鏁版椂锛屼笉鍙负 null 鐨?灞炴€?"PathData" 蹇呴』鍖呭惈闈?null 鍊笺€傝鑰冭檻娣诲姞 "required" 淇グ绗︽垨灏嗚 灞炴€?澹版槑涓哄彲涓?null銆?[E:\VS2022\WPF\DoorMonitorSystem\DoorMonitorSystem.csproj]
E:\VS2022\WPF\DoorMonitorSystem\Models\system\SysGraphicEntities.cs(46,23): warning CS8618: 鍦ㄩ€€鍑烘瀯閫犲嚱鏁版椂锛屼笉鍙负 null 鐨?灞炴€?"FillColor" 蹇呴』鍖呭惈闈?null 鍊笺€傝鑰冭檻娣诲姞 "required" 淇グ绗︽垨灏嗚 灞炴€?澹版槑涓哄彲涓?null銆?[E:\VS2022\WPF\DoorMonitorSystem\DoorMonitorSystem.csproj]
E:\VS2022\WPF\DoorMonitorSystem\Models\system\SysGraphicEntities.cs(51,23): warning CS8618: 鍦ㄩ€€鍑烘瀯閫犲嚱鏁版椂锛屼笉鍙负 null 鐨?灞炴€?"StrokeColor" 蹇呴』鍖呭惈闈?null 鍊笺€傝鑰冭檻娣诲姞 "required" 淇グ绗︽垨灏嗚 灞炴€?澹版槑涓哄彲涓?null銆?[E:\VS2022\WPF\DoorMonitorSystem\DoorMonitorSystem.csproj]
E:\VS2022\WPF\DoorMonitorSystem\Assets\Services\NtpService.cs(238,47): warning CS8625: 鏃犳硶灏?null 瀛楅潰閲忚浆鎹负闈?null 鐨勫紩鐢ㄧ被鍨嬨€?[E:\VS2022\WPF\DoorMonitorSystem\DoorMonitorSystem.csproj]
E:\VS2022\WPF\DoorMonitorSystem\Views\DevvarlistView.xaml.cs(26,16): warning CS8618: 鍦ㄩ€€鍑烘瀯閫犲嚱鏁版椂锛屼笉鍙负 null 鐨?瀛楁 "_transform" 蹇呴』鍖呭惈闈?null 鍊笺€傝鑰冭檻娣诲姞 "required" 淇グ绗︽垨灏嗚 瀛楁 澹版槑涓哄彲涓?null銆?[E:\VS2022\WPF\DoorMonitorSystem\DoorMonitorSystem.csproj]
E:\VS2022\WPF\DoorMonitorSystem\Models\ConfigEntity\StationEntity.cs(30,23): warning CS8618: 鍦ㄩ€€鍑烘瀯閫犲嚱鏁版椂锛屼笉鍙负 null 鐨?灞炴€?"KeyId" 蹇呴』鍖呭惈闈?null 鍊笺€傝鑰冭檻娣诲姞 "required" 淇グ绗︽垨灏嗚 灞炴€?澹版槑涓哄彲涓?null銆?[E:\VS2022\WPF\DoorMonitorSystem\DoorMonitorSystem.csproj]
E:\VS2022\WPF\DoorMonitorSystem\Models\ConfigEntity\ParameterEntity.cs(53,23): warning CS8618: 鍦ㄩ€€鍑烘瀯閫犲嚱鏁版椂锛屼笉鍙负 null 鐨?灞炴€?"BindingKey" 蹇呴』鍖呭惈闈?null 鍊笺€傝鑰冭檻娣诲姞 "required" 淇グ绗︽垨灏嗚 灞炴€?澹版槑涓哄彲涓?null銆?[E:\VS2022\WPF\DoorMonitorSystem\DoorMonitorSystem.csproj]
E:\VS2022\WPF\DoorMonitorSystem\UControl\InputDialog.xaml.cs(30,16): warning CS8618: 鍦ㄩ€€鍑烘瀯閫犲嚱鏁版椂锛屼笉鍙负 null 鐨?灞炴€?"InputText" 蹇呴』鍖呭惈闈?null 鍊笺€傝鑰冭檻娣诲姞 "required" 淇グ绗︽垨灏嗚 灞炴€?澹版槑涓哄彲涓?null銆?[E:\VS2022\WPF\DoorMonitorSystem\DoorMonitorSystem.csproj]
E:\VS2022\WPF\DoorMonitorSystem\Models\ConfigEntity\Group\PanelTypeEntity.cs(16,23): warning CS8618: 鍦ㄩ€€鍑烘瀯閫犲嚱鏁版椂锛屼笉鍙负 null 鐨?灞炴€?"KeyId" 蹇呴』鍖呭惈闈?null 鍊笺€傝鑰冭檻娣诲姞 "required" 淇グ绗︽垨灏嗚 灞炴€?澹版槑涓哄彲涓?null銆?[E:\VS2022\WPF\DoorMonitorSystem\DoorMonitorSystem.csproj]
E:\VS2022\WPF\DoorMonitorSystem\Models\ConfigEntity\Group\PanelGroupEntity.cs(23,23): warning CS8618: 鍦ㄩ€€鍑烘瀯閫犲嚱鏁版椂锛屼笉鍙负 null 鐨?灞炴€?"KeyId" 蹇呴』鍖呭惈闈?null 鍊笺€傝鑰冭檻娣诲姞 "required" 淇グ绗︽垨灏嗚 灞炴€?澹版槑涓哄彲涓?null銆?[E:\VS2022\WPF\DoorMonitorSystem\DoorMonitorSystem.csproj]
E:\VS2022\WPF\DoorMonitorSystem\Models\ConfigEntity\Group\PanelGroupEntity.cs(27,23): warning CS8618: 鍦ㄩ€€鍑烘瀯閫犲嚱鏁版椂锛屼笉鍙负 null 鐨?灞炴€?"StationKeyId" 蹇呴』鍖呭惈闈?null 鍊笺€傝鑰冭檻娣诲姞 "required" 淇グ绗︽垨灏嗚 灞炴€?澹版槑涓哄彲涓?null銆?[E:\VS2022\WPF\DoorMonitorSystem\DoorMonitorSystem.csproj]
E:\VS2022\WPF\DoorMonitorSystem\Models\ConfigEntity\Group\PanelEntity.cs(32,23): warning CS8618: 鍦ㄩ€€鍑烘瀯閫犲嚱鏁版椂锛屼笉鍙负 null 鐨?灞炴€?"PanelTypeKeyId" 蹇呴』鍖呭惈闈?null 鍊笺€傝鑰冭檻娣诲姞 "required" 淇グ绗︽垨灏嗚 灞炴€?澹版槑涓哄彲涓?null銆?[E:\VS2022\WPF\DoorMonitorSystem\DoorMonitorSystem.csproj]
E:\VS2022\WPF\DoorMonitorSystem\Models\ConfigEntity\Group\PanelEntity.cs(42,23): warning CS8618: 鍦ㄩ€€鍑烘瀯閫犲嚱鏁版椂锛屼笉鍙负 null 鐨?灞炴€?"KeyId" 蹇呴』鍖呭惈闈?null 鍊笺€傝鑰冭檻娣诲姞 "required" 淇グ绗︽垨灏嗚 灞炴€?澹版槑涓哄彲涓?null銆?[E:\VS2022\WPF\DoorMonitorSystem\DoorMonitorSystem.csproj]
E:\VS2022\WPF\DoorMonitorSystem\Models\ConfigEntity\Group\PanelEntity.cs(46,23): warning CS8618: 鍦ㄩ€€鍑烘瀯閫犲嚱鏁版椂锛屼笉鍙负 null 鐨?灞炴€?"ParentKeyId" 蹇呴』鍖呭惈闈?null 鍊笺€傝鑰冭檻娣诲姞 "required" 淇グ绗︽垨灏嗚 灞炴€?澹版槑涓哄彲涓?null銆?[E:\VS2022\WPF\DoorMonitorSystem\DoorMonitorSystem.csproj]
E:\VS2022\WPF\DoorMonitorSystem\Assets\Services\DataManager.cs(726,98): warning CS8625: 鏃犳硶灏?null 瀛楅潰閲忚浆鎹负闈?null 鐨勫紩鐢ㄧ被鍨嬨€?[E:\VS2022\WPF\DoorMonitorSystem\DoorMonitorSystem.csproj]
E:\VS2022\WPF\DoorMonitorSystem\Assets\Services\DataManager.cs(732,102): warning CS8625: 鏃犳硶灏?null 瀛楅潰閲忚浆鎹负闈?null 鐨勫紩鐢ㄧ被鍨嬨€?[E:\VS2022\WPF\DoorMonitorSystem\DoorMonitorSystem.csproj]
E:\VS2022\WPF\DoorMonitorSystem\Models\system\SysGraphicEntities.cs(21,23): warning CS8618: 鍦ㄩ€€鍑烘瀯閫犲嚱鏁版椂锛屼笉鍙负 null 鐨?灞炴€?"GroupName" 蹇呴』鍖呭惈闈?null 鍊笺€傝鑰冭檻娣诲姞 "required" 淇グ绗︽垨灏嗚 灞炴€?澹版槑涓哄彲涓?null銆?[E:\VS2022\WPF\DoorMonitorSystem\DoorMonitorSystem.csproj]
E:\VS2022\WPF\DoorMonitorSystem\Models\system\SysDeviceEntities.cs(63,23): warning CS8618: 鍦ㄩ€€鍑烘瀯閫犲嚱鏁版椂锛屼笉鍙负 null 鐨?灞炴€?"ParamName" 蹇呴』鍖呭惈闈?null 鍊笺€傝鑰冭檻娣诲姞 "required" 淇グ绗︽垨灏嗚 灞炴€?澹版槑涓哄彲涓?null銆?[E:\VS2022\WPF\DoorMonitorSystem\DoorMonitorSystem.csproj]
E:\VS2022\WPF\DoorMonitorSystem\Models\system\SysDeviceEntities.cs(68,23): warning CS8618: 鍦ㄩ€€鍑烘瀯閫犲嚱鏁版椂锛屼笉鍙负 null 鐨?灞炴€?"ParamValue" 蹇呴』鍖呭惈闈?null 鍊笺€傝鑰冭檻娣诲姞 "required" 淇グ绗︽垨灏嗚 灞炴€?澹版槑涓哄彲涓?null銆?[E:\VS2022\WPF\DoorMonitorSystem\DoorMonitorSystem.csproj]
E:\VS2022\WPF\DoorMonitorSystem\Models\system\SysDeviceEntities.cs(28,23): warning CS8618: 鍦ㄩ€€鍑烘瀯閫犲嚱鏁版椂锛屼笉鍙负 null 鐨?灞炴€?"Name" 蹇呴』鍖呭惈闈?null 鍊笺€傝鑰冭檻娣诲姞 "required" 淇グ绗︽垨灏嗚 灞炴€?澹版槑涓哄彲涓?null銆?[E:\VS2022\WPF\DoorMonitorSystem\DoorMonitorSystem.csproj]
E:\VS2022\WPF\DoorMonitorSystem\Models\system\SysDeviceEntities.cs(33,23): warning CS8618: 鍦ㄩ€€鍑烘瀯閫犲嚱鏁版椂锛屼笉鍙负 null 鐨?灞炴€?"Protocol" 蹇呴』鍖呭惈闈?null 鍊笺€傝鑰冭檻娣诲姞 "required" 淇グ绗︽垨灏嗚 灞炴€?澹版槑涓哄彲涓?null銆?[E:\VS2022\WPF\DoorMonitorSystem\DoorMonitorSystem.csproj]
E:\VS2022\WPF\DoorMonitorSystem\Models\system\SysDeviceEntities.cs(43,23): warning CS8618: 鍦ㄩ€€鍑烘瀯閫犲嚱鏁版椂锛屼笉鍙负 null 鐨?灞炴€?"Description" 蹇呴』鍖呭惈闈?null 鍊笺€傝鑰冭檻娣诲姞 "required" 淇グ绗︽垨灏嗚 灞炴€?澹版槑涓哄彲涓?null銆?[E:\VS2022\WPF\DoorMonitorSystem\DoorMonitorSystem.csproj]
E:\VS2022\WPF\DoorMonitorSystem\ViewModels\ConfigItems\PanelConfigItem.cs(28,64): warning CS8604: 鈥渧oid PanelConfigItem.RemoveBit(PanelBitConfigEntity item)鈥濅腑鐨勫舰鍙傗€渋tem鈥濆彲鑳戒紶鍏?null 寮曠敤瀹炲弬銆?[E:\VS2022\WPF\DoorMonitorSystem\DoorMonitorSystem.csproj]
E:\VS2022\WPF\DoorMonitorSystem\ViewModels\ConfigItems\PanelConfigItem.cs(36,83): warning CS8603: 鍙兘杩斿洖 null 寮曠敤銆?[E:\VS2022\WPF\DoorMonitorSystem\DoorMonitorSystem.csproj]
E:\VS2022\WPF\DoorMonitorSystem\Models\RunModels\StationMainGroup.cs(15,23): warning CS8618: 鍦ㄩ€€鍑烘瀯閫犲嚱鏁版椂锛屼笉鍙负 null 鐨?灞炴€?"KeyId" 蹇呴』鍖呭惈闈?null 鍊笺€傝鑰冭檻娣诲姞 "required" 淇グ绗︽垨灏嗚 灞炴€?澹版槑涓哄彲涓?null銆?[E:\VS2022\WPF\DoorMonitorSystem\DoorMonitorSystem.csproj]
E:\VS2022\WPF\DoorMonitorSystem\Models\RunModels\ParameterModels.cs(83,23): warning CS8618: 鍦ㄩ€€鍑烘瀯閫犲嚱鏁版椂锛屼笉鍙负 null 鐨?灞炴€?"DisplayName" 蹇呴』鍖呭惈闈?null 鍊笺€傝鑰冭檻娣诲姞 "required" 淇グ绗︽垨灏嗚 灞炴€?澹版槑涓哄彲涓?null銆?[E:\VS2022\WPF\DoorMonitorSystem\DoorMonitorSystem.csproj]
E:\VS2022\WPF\DoorMonitorSystem\Models\RunModels\ParameterModels.cs(12,24): warning CS8618: 鍦ㄩ€€鍑烘瀯閫犲嚱鏁版椂锛屼笉鍙负 null 鐨?瀛楁 "_label" 蹇呴』鍖呭惈闈?null 鍊笺€傝鑰冭檻娣诲姞 "required" 淇グ绗︽垨灏嗚 瀛楁 澹版槑涓哄彲涓?null銆?[E:\VS2022\WPF\DoorMonitorSystem\DoorMonitorSystem.csproj]
E:\VS2022\WPF\DoorMonitorSystem\Models\RunModels\ParameterModels.cs(35,24): warning CS8618: 鍦ㄩ€€鍑烘瀯閫犲嚱鏁版椂锛屼笉鍙负 null 鐨?瀛楁 "_unit" 蹇呴』鍖呭惈闈?null 鍊笺€傝鑰冭檻娣诲姞 "required" 淇グ绗︽垨灏嗚 瀛楁 澹版槑涓哄彲涓?null銆?[E:\VS2022\WPF\DoorMonitorSystem\DoorMonitorSystem.csproj]
E:\VS2022\WPF\DoorMonitorSystem\Models\RunModels\ParameterModels.cs(42,24): warning CS8618: 鍦ㄩ€€鍑烘瀯閫犲嚱鏁版椂锛屼笉鍙负 null 鐨?瀛楁 "_hint" 蹇呴』鍖呭惈闈?null 鍊笺€傝鑰冭檻娣诲姞 "required" 淇グ绗︽垨灏嗚 瀛楁 澹版槑涓哄彲涓?null銆?[E:\VS2022\WPF\DoorMonitorSystem\DoorMonitorSystem.csproj]
E:\VS2022\WPF\DoorMonitorSystem\Models\RunModels\ParameterModels.cs(50,23): warning CS8618: 鍦ㄩ€€鍑烘瀯閫犲嚱鏁版椂锛屼笉鍙负 null 鐨?灞炴€?"BindingKey" 蹇呴』鍖呭惈闈?null 鍊笺€傝鑰冭檻娣诲姞 "required" 淇グ绗︽垨灏嗚 灞炴€?澹版槑涓哄彲涓?null銆?[E:\VS2022\WPF\DoorMonitorSystem\DoorMonitorSystem.csproj]
E:\VS2022\WPF\DoorMonitorSystem\Models\RunModels\ParameterModels.cs(53,23): warning CS8618: 鍦ㄩ€€鍑烘瀯閫犲嚱鏁版椂锛屼笉鍙负 null 鐨?灞炴€?"DataType" 蹇呴』鍖呭惈闈?null 鍊笺€傝鑰冭檻娣诲姞 "required" 淇グ绗︽垨灏嗚 灞炴€?澹版槑涓哄彲涓?null銆?[E:\VS2022\WPF\DoorMonitorSystem\DoorMonitorSystem.csproj]
E:\VS2022\WPF\DoorMonitorSystem\Models\RunModels\ParameterModels.cs(66,24): warning CS8618: 鍦ㄩ€€鍑烘瀯閫犲嚱鏁版椂锛屼笉鍙负 null 鐨?瀛楁 "_debugInfo" 蹇呴』鍖呭惈闈?null 鍊笺€傝鑰冭檻娣诲姞 "required" 淇グ绗︽垨灏嗚 瀛楁 澹版槑涓哄彲涓?null銆?[E:\VS2022\WPF\DoorMonitorSystem\DoorMonitorSystem.csproj]
E:\VS2022\WPF\DoorMonitorSystem\Models\RunModels\PanelModel.cs(17,23): warning CS8618: 鍦ㄩ€€鍑烘瀯閫犲嚱鏁版椂锛屼笉鍙负 null 鐨?灞炴€?"KeyId" 蹇呴』鍖呭惈闈?null 鍊笺€傝鑰冭檻娣诲姞 "required" 淇グ绗︽垨灏嗚 灞炴€?澹版槑涓哄彲涓?null銆?[E:\VS2022\WPF\DoorMonitorSystem\DoorMonitorSystem.csproj]
E:\VS2022\WPF\DoorMonitorSystem\Models\RunModels\PanelGroup.cs(15,23): warning CS8618: 鍦ㄩ€€鍑烘瀯閫犲嚱鏁版椂锛屼笉鍙负 null 鐨?灞炴€?"KeyId" 蹇呴』鍖呭惈闈?null 鍊笺€傝鑰冭檻娣诲姞 "required" 淇グ绗︽垨灏嗚 灞炴€?澹版槑涓哄彲涓?null銆?[E:\VS2022\WPF\DoorMonitorSystem\DoorMonitorSystem.csproj]
E:\VS2022\WPF\DoorMonitorSystem\Assets\Services\DataManager.cs(834,94): warning CS8625: 鏃犳硶灏?null 瀛楅潰閲忚浆鎹负闈?null 鐨勫紩鐢ㄧ被鍨嬨€?[E:\VS2022\WPF\DoorMonitorSystem\DoorMonitorSystem.csproj]
E:\VS2022\WPF\DoorMonitorSystem\Assets\Services\DataManager.cs(837,108): warning CS8625: 鏃犳硶灏?null 瀛楅潰閲忚浆鎹负闈?null 鐨勫紩鐢ㄧ被鍨嬨€?[E:\VS2022\WPF\DoorMonitorSystem\DoorMonitorSystem.csproj]
E:\VS2022\WPF\DoorMonitorSystem\Models\RunModels\PanelBitConfig.cs(15,23): warning CS8618: 鍦ㄩ€€鍑烘瀯閫犲嚱鏁版椂锛屼笉鍙负 null 鐨?灞炴€?"KeyId" 蹇呴』鍖呭惈闈?null 鍊笺€傝鑰冭檻娣诲姞 "required" 淇グ绗︽垨灏嗚 灞炴€?澹版槑涓哄彲涓?null銆?[E:\VS2022\WPF\DoorMonitorSystem\DoorMonitorSystem.csproj]
E:\VS2022\WPF\DoorMonitorSystem\UControl\DateTimePicker.xaml.cs(146,39): warning CS8600: 灏?null 鏂囨湰鎴栧彲鑳界殑 null 鍊艰浆鎹负涓嶅彲涓?null 绫诲瀷銆?[E:\VS2022\WPF\DoorMonitorSystem\DoorMonitorSystem.csproj]
E:\VS2022\WPF\DoorMonitorSystem\ViewModels\GraphicEditingViewModel.cs(27,23): warning CS8618: 鍦ㄩ€€鍑烘瀯閫犲嚱鏁版椂锛屼笉鍙负 null 鐨?灞炴€?"Name" 蹇呴』鍖呭惈闈?null 鍊笺€傝鑰冭檻娣诲姞 "required" 淇グ绗︽垨灏嗚 灞炴€?澹版槑涓哄彲涓?null銆?[E:\VS2022\WPF\DoorMonitorSystem\DoorMonitorSystem.csproj]
E:\VS2022\WPF\DoorMonitorSystem\ViewModels\GraphicEditingViewModel.cs(28,31): warning CS8618: 鍦ㄩ€€鍑烘瀯閫犲嚱鏁版椂锛屼笉鍙负 null 鐨?灞炴€?"Items" 蹇呴』鍖呭惈闈?null 鍊笺€傝鑰冭檻娣诲姞 "required" 淇グ绗︽垨灏嗚 灞炴€?澹版槑涓哄彲涓?null銆?[E:\VS2022\WPF\DoorMonitorSystem\DoorMonitorSystem.csproj]
E:\VS2022\WPF\DoorMonitorSystem\ViewModels\GraphicEditingViewModel.cs(32,23): warning CS8618: 鍦ㄩ€€鍑烘瀯閫犲嚱鏁版椂锛屼笉鍙负 null 鐨?灞炴€?"Name" 蹇呴』鍖呭惈闈?null 鍊笺€傝鑰冭檻娣诲姞 "required" 淇グ绗︽垨灏嗚 灞炴€?澹版槑涓哄彲涓?null銆?[E:\VS2022\WPF\DoorMonitorSystem\DoorMonitorSystem.csproj]
E:\VS2022\WPF\DoorMonitorSystem\ViewModels\GraphicEditingViewModel.cs(33,43): warning CS8618: 鍦ㄩ€€鍑烘瀯閫犲嚱鏁版椂锛屼笉鍙负 null 鐨?灞炴€?"Items" 蹇呴』鍖呭惈闈?null 鍊笺€傝鑰冭檻娣诲姞 "required" 淇グ绗︽垨灏嗚 灞炴€?澹版槑涓哄彲涓?null銆?[E:\VS2022\WPF\DoorMonitorSystem\DoorMonitorSystem.csproj]
E:\VS2022\WPF\DoorMonitorSystem\ViewModels\GraphicEditingViewModel.cs(38,23): warning CS8618: 鍦ㄩ€€鍑烘瀯閫犲嚱鏁版椂锛屼笉鍙负 null 鐨?灞炴€?"PathData" 蹇呴』鍖呭惈闈?null 鍊笺€傝鑰冭檻娣诲姞 "required" 淇グ绗︽垨灏嗚 灞炴€?澹版槑涓哄彲涓?null銆?[E:\VS2022\WPF\DoorMonitorSystem\DoorMonitorSystem.csproj]
E:\VS2022\WPF\DoorMonitorSystem\ViewModels\GraphicEditingViewModel.cs(39,23): warning CS8618: 鍦ㄩ€€鍑烘瀯閫犲嚱鏁版椂锛屼笉鍙负 null 鐨?灞炴€?"StrokeColor" 蹇呴』鍖呭惈闈?null 鍊笺€傝鑰冭檻娣诲姞 "required" 淇グ绗︽垨灏嗚 灞炴€?澹版槑涓哄彲涓?null銆?[E:\VS2022\WPF\DoorMonitorSystem\DoorMonitorSystem.csproj]
E:\VS2022\WPF\DoorMonitorSystem\ViewModels\GraphicEditingViewModel.cs(40,23): warning CS8618: 鍦ㄩ€€鍑烘瀯閫犲嚱鏁版椂锛屼笉鍙负 null 鐨?灞炴€?"FillColor" 蹇呴』鍖呭惈闈?null 鍊笺€傝鑰冭檻娣诲姞 "required" 淇グ绗︽垨灏嗚 灞炴€?澹版槑涓哄彲涓?null銆?[E:\VS2022\WPF\DoorMonitorSystem\DoorMonitorSystem.csproj]
E:\VS2022\WPF\DoorMonitorSystem\ViewModels\GraphicEditingViewModel.cs(47,16): warning CS8618: 鍦ㄩ€€鍑烘瀯閫犲嚱鏁版椂锛屼笉鍙负 null 鐨?瀛楁 "_selectedItem" 蹇呴』鍖呭惈闈?null 鍊笺€傝鑰冭檻娣诲姞 "required" 淇グ绗︽垨灏嗚 瀛楁 澹版槑涓哄彲涓?null銆?[E:\VS2022\WPF\DoorMonitorSystem\DoorMonitorSystem.csproj]
E:\VS2022\WPF\DoorMonitorSystem\ViewModels\GraphicEditingViewModel.cs(47,16): warning CS8618: 鍦ㄩ€€鍑烘瀯閫犲嚱鏁版椂锛屼笉鍙负 null 鐨?瀛楁 "_pathDataText" 蹇呴』鍖呭惈闈?null 鍊笺€傝鑰冭檻娣诲姞 "required" 淇グ绗︽垨灏嗚 瀛楁 澹版槑涓哄彲涓?null銆?[E:\VS2022\WPF\DoorMonitorSystem\DoorMonitorSystem.csproj]
E:\VS2022\WPF\DoorMonitorSystem\ViewModels\GraphicEditingViewModel.cs(47,16): warning CS8618: 鍦ㄩ€€鍑烘瀯閫犲嚱鏁版椂锛屼笉鍙负 null 鐨?瀛楁 "_pathData" 蹇呴』鍖呭惈闈?null 鍊笺€傝鑰冭檻娣诲姞 "required" 淇グ绗︽垨灏嗚 瀛楁 澹版槑涓哄彲涓?null銆?[E:\VS2022\WPF\DoorMonitorSystem\DoorMonitorSystem.csproj]
E:\VS2022\WPF\DoorMonitorSystem\ViewModels\Devvarlist\DevvarlistViewModel.cs(238,38): warning CS8625: 鏃犳硶灏?null 瀛楅潰閲忚浆鎹负闈?null 鐨勫紩鐢ㄧ被鍨嬨€?[E:\VS2022\WPF\DoorMonitorSystem\DoorMonitorSystem.csproj]
E:\VS2022\WPF\DoorMonitorSystem\ViewModels\Devvarlist\DevvarlistViewModel.cs(239,40): warning CS8625: 鏃犳硶灏?null 瀛楅潰閲忚浆鎹负闈?null 鐨勫紩鐢ㄧ被鍨嬨€?[E:\VS2022\WPF\DoorMonitorSystem\DoorMonitorSystem.csproj]
E:\VS2022\WPF\DoorMonitorSystem\ViewModels\Devvarlist\DevvarlistViewModel.cs(240,49): warning CS8625: 鏃犳硶灏?null 瀛楅潰閲忚浆鎹负闈?null 鐨勫紩鐢ㄧ被鍨嬨€?[E:\VS2022\WPF\DoorMonitorSystem\DoorMonitorSystem.csproj]
E:\VS2022\WPF\DoorMonitorSystem\ViewModels\Devvarlist\DevvarlistViewModel.cs(241,40): warning CS8625: 鏃犳硶灏?null 瀛楅潰閲忚浆鎹负闈?null 鐨勫紩鐢ㄧ被鍨嬨€?[E:\VS2022\WPF\DoorMonitorSystem\DoorMonitorSystem.csproj]
E:\VS2022\WPF\DoorMonitorSystem\ViewModels\Devvarlist\DevvarlistViewModel.cs(255,16): warning CS8618: 鍦ㄩ€€鍑烘瀯閫犲嚱鏁版椂锛屼笉鍙负 null 鐨?瀛楁 "_selectedPoint" 蹇呴』鍖呭惈闈?null 鍊笺€傝鑰冭檻娣诲姞 "required" 淇グ绗︽垨灏嗚 瀛楁 澹版槑涓哄彲涓?null銆?[E:\VS2022\WPF\DoorMonitorSystem\DoorMonitorSystem.csproj]
E:\VS2022\WPF\DoorMonitorSystem\ViewModels\Devvarlist\DevvarlistViewModel.cs(255,16): warning CS8618: 鍦ㄩ€€鍑烘瀯閫犲嚱鏁版椂锛屼笉鍙负 null 鐨?瀛楁 "_selectedDevice" 蹇呴』鍖呭惈闈?null 鍊笺€傝鑰冭檻娣诲姞 "required" 淇グ绗︽垨灏嗚 瀛楁 澹版槑涓哄彲涓?null銆?[E:\VS2022\WPF\DoorMonitorSystem\DoorMonitorSystem.csproj]
E:\VS2022\WPF\DoorMonitorSystem\ViewModels\Devvarlist\DevvarlistViewModel.cs(255,16): warning CS8618: 鍦ㄩ€€鍑烘瀯閫犲嚱鏁版椂锛屼笉鍙负 null 鐨?瀛楁 "_selectedTreeNode" 蹇呴』鍖呭惈闈?null 鍊笺€傝鑰冭檻娣诲姞 "required" 淇グ绗︽垨灏嗚 瀛楁 澹版槑涓哄彲涓?null銆?[E:\VS2022\WPF\DoorMonitorSystem\DoorMonitorSystem.csproj]
E:\VS2022\WPF\DoorMonitorSystem\Models\ConfigEntity\Group\PanelBitConfigEntity.cs(16,23): warning CS8618: 鍦ㄩ€€鍑烘瀯閫犲嚱鏁版椂锛屼笉鍙负 null 鐨?灞炴€?"KeyId" 蹇呴』鍖呭惈闈?null 鍊笺€傝鑰冭檻娣诲姞 "required" 淇グ绗︽垨灏嗚 灞炴€?澹版槑涓哄彲涓?null銆?[E:\VS2022\WPF\DoorMonitorSystem\DoorMonitorSystem.csproj]
E:\VS2022\WPF\DoorMonitorSystem\Models\ConfigEntity\Group\PanelBitConfigEntity.cs(20,23): warning CS8618: 鍦ㄩ€€鍑烘瀯閫犲嚱鏁版椂锛屼笉鍙负 null 鐨?灞炴€?"PanelKeyId" 蹇呴』鍖呭惈闈?null 鍊笺€傝鑰冭檻娣诲姞 "required" 淇グ绗︽垨灏嗚 灞炴€?澹版槑涓哄彲涓?null銆?[E:\VS2022\WPF\DoorMonitorSystem\DoorMonitorSystem.csproj]
E:\VS2022\WPF\DoorMonitorSystem\Models\ConfigEntity\Door\DoorTypeEntity.cs(16,23): warning CS8618: 鍦ㄩ€€鍑烘瀯閫犲嚱鏁版椂锛屼笉鍙负 null 鐨?灞炴€?"KeyId" 蹇呴』鍖呭惈闈?null 鍊笺€傝鑰冭檻娣诲姞 "required" 淇グ绗︽垨灏嗚 灞炴€?澹版槑涓哄彲涓?null銆?[E:\VS2022\WPF\DoorMonitorSystem\DoorMonitorSystem.csproj]
E:\VS2022\WPF\DoorMonitorSystem\Models\ConfigEntity\Door\DoorEntity.cs(30,23): warning CS8618: 鍦ㄩ€€鍑烘瀯閫犲嚱鏁版椂锛屼笉鍙负 null 鐨?灞炴€?"DoorTypeKeyId" 蹇呴』鍖呭惈闈?null 鍊笺€傝鑰冭檻娣诲姞 "required" 淇グ绗︽垨灏嗚 灞炴€?澹版槑涓哄彲涓?null銆?[E:\VS2022\WPF\DoorMonitorSystem\DoorMonitorSystem.csproj]
E:\VS2022\WPF\DoorMonitorSystem\Models\ConfigEntity\Door\DoorEntity.cs(34,23): warning CS8618: 鍦ㄩ€€鍑烘瀯閫犲嚱鏁版椂锛屼笉鍙负 null 鐨?灞炴€?"KeyId" 蹇呴』鍖呭惈闈?null 鍊笺€傝鑰冭檻娣诲姞 "required" 淇グ绗︽垨灏嗚 灞炴€?澹版槑涓哄彲涓?null銆?[E:\VS2022\WPF\DoorMonitorSystem\DoorMonitorSystem.csproj]
E:\VS2022\WPF\DoorMonitorSystem\Models\ConfigEntity\Door\DoorEntity.cs(38,23): warning CS8618: 鍦ㄩ€€鍑烘瀯閫犲嚱鏁版椂锛屼笉鍙负 null 鐨?灞炴€?"ParentKeyId" 蹇呴』鍖呭惈闈?null 鍊笺€傝鑰冭檻娣诲姞 "required" 淇グ绗︽垨灏嗚 灞炴€?澹版槑涓哄彲涓?null銆?[E:\VS2022\WPF\DoorMonitorSystem\DoorMonitorSystem.csproj]
E:\VS2022\WPF\DoorMonitorSystem\Models\ConfigEntity\Door\DoorBitConfigEntity.cs(16,23): warning CS8618: 鍦ㄩ€€鍑烘瀯閫犲嚱鏁版椂锛屼笉鍙负 null 鐨?灞炴€?"KeyId" 蹇呴』鍖呭惈闈?null 鍊笺€傝鑰冭檻娣诲姞 "required" 淇グ绗︽垨灏嗚 灞炴€?澹版槑涓哄彲涓?null銆?[E:\VS2022\WPF\DoorMonitorSystem\DoorMonitorSystem.csproj]
E:\VS2022\WPF\DoorMonitorSystem\Models\ConfigEntity\Door\DoorBitConfigEntity.cs(20,23): warning CS8618: 鍦ㄩ€€鍑烘瀯閫犲嚱鏁版椂锛屼笉鍙负 null 鐨?灞炴€?"DoorTypeKeyId" 蹇呴』鍖呭惈闈?null 鍊笺€傝鑰冭檻娣诲姞 "required" 淇グ绗︽垨灏嗚 灞炴€?澹版槑涓哄彲涓?null銆?[E:\VS2022\WPF\DoorMonitorSystem\DoorMonitorSystem.csproj]
E:\VS2022\WPF\DoorMonitorSystem\Models\ConfigEntity\DoorGroupEntity.cs(23,23): warning CS8618: 鍦ㄩ€€鍑烘瀯閫犲嚱鏁版椂锛屼笉鍙负 null 鐨?灞炴€?"KeyId" 蹇呴』鍖呭惈闈?null 鍊笺€傝鑰冭檻娣诲姞 "required" 淇グ绗︽垨灏嗚 灞炴€?澹版槑涓哄彲涓?null銆?[E:\VS2022\WPF\DoorMonitorSystem\DoorMonitorSystem.csproj]
E:\VS2022\WPF\DoorMonitorSystem\Models\ConfigEntity\DoorGroupEntity.cs(27,23): warning CS8618: 鍦ㄩ€€鍑烘瀯閫犲嚱鏁版椂锛屼笉鍙负 null 鐨?灞炴€?"StationKeyId" 蹇呴』鍖呭惈闈?null 鍊笺€傝鑰冭檻娣诲姞 "required" 淇グ绗︽垨灏嗚 灞炴€?澹版槑涓哄彲涓?null銆?[E:\VS2022\WPF\DoorMonitorSystem\DoorMonitorSystem.csproj]
E:\VS2022\WPF\DoorMonitorSystem\Models\ConfigEntity\DevicePointConfigEntity.cs(21,24): warning CS8618: 鍦ㄩ€€鍑烘瀯閫犲嚱鏁版椂锛屼笉鍙负 null 鐨?瀛楁 "_category" 蹇呴』鍖呭惈闈?null 鍊笺€傝鑰冭檻娣诲姞 "required" 淇グ绗︽垨灏嗚 瀛楁 澹版槑涓哄彲涓?null銆?[E:\VS2022\WPF\DoorMonitorSystem\DoorMonitorSystem.csproj]
E:\VS2022\WPF\DoorMonitorSystem\Models\ConfigEntity\DevicePointConfigEntity.cs(38,24): warning CS8618: 鍦ㄩ€€鍑烘瀯閫犲嚱鏁版椂锛屼笉鍙负 null 鐨?瀛楁 "_uiBinding" 蹇呴』鍖呭惈闈?null 鍊笺€傝鑰冭檻娣诲姞 "required" 淇グ绗︽垨灏嗚 瀛楁 澹版槑涓哄彲涓?null銆?[E:\VS2022\WPF\DoorMonitorSystem\DoorMonitorSystem.csproj]
E:\VS2022\WPF\DoorMonitorSystem\Models\ConfigEntity\DevicePointConfigEntity.cs(43,24): warning CS8618: 鍦ㄩ€€鍑烘瀯閫犲嚱鏁版椂锛屼笉鍙负 null 鐨?瀛楁 "_bindingRole" 蹇呴』鍖呭惈闈?null 鍊笺€傝鑰冭檻娣诲姞 "required" 淇グ绗︽垨灏嗚 瀛楁 澹版槑涓哄彲涓?null銆?[E:\VS2022\WPF\DoorMonitorSystem\DoorMonitorSystem.csproj]
E:\VS2022\WPF\DoorMonitorSystem\Models\ConfigEntity\DevicePointConfigEntity.cs(70,24): warning CS8618: 鍦ㄩ€€鍑烘瀯閫犲嚱鏁版椂锛屼笉鍙负 null 鐨?瀛楁 "_targetKeyId" 蹇呴』鍖呭惈闈?null 鍊笺€傝鑰冭檻娣诲姞 "required" 淇グ绗︽垨灏嗚 瀛楁 澹版槑涓哄彲涓?null銆?[E:\VS2022\WPF\DoorMonitorSystem\DoorMonitorSystem.csproj]
E:\VS2022\WPF\DoorMonitorSystem\Models\ConfigEntity\DevicePointConfigEntity.cs(75,24): warning CS8618: 鍦ㄩ€€鍑烘瀯閫犲嚱鏁版椂锛屼笉鍙负 null 鐨?瀛楁 "_targetBitConfigKeyId" 蹇呴』鍖呭惈闈?null 鍊笺€傝鑰冭檻娣诲姞 "required" 淇グ绗︽垨灏嗚 瀛楁 澹版槑涓哄彲涓?null銆?[E:\VS2022\WPF\DoorMonitorSystem\DoorMonitorSystem.csproj]
E:\VS2022\WPF\DoorMonitorSystem\Models\ConfigEntity\DevicePointConfigEntity.cs(125,24): warning CS8618: 鍦ㄩ€€鍑烘瀯閫犲嚱鏁版椂锛屼笉鍙负 null 鐨?瀛楁 "_logMessage" 蹇呴』鍖呭惈闈?null 鍊笺€傝鑰冭檻娣诲姞 "required" 淇グ绗︽垨灏嗚 瀛楁 澹版槑涓哄彲涓?null銆?[E:\VS2022\WPF\DoorMonitorSystem\DoorMonitorSystem.csproj]
E:\VS2022\WPF\DoorMonitorSystem\Models\ConfigEntity\DevicePointConfigEntity.cs(150,24): warning CS8618: 鍦ㄩ€€鍑烘瀯閫犲嚱鏁版椂锛屼笉鍙负 null 鐨?瀛楁 "_state0Desc" 蹇呴』鍖呭惈闈?null 鍊笺€傝鑰冭檻娣诲姞 "required" 淇グ绗︽垨灏嗚 瀛楁 澹版槑涓哄彲涓?null銆?[E:\VS2022\WPF\DoorMonitorSystem\DoorMonitorSystem.csproj]
E:\VS2022\WPF\DoorMonitorSystem\Models\ConfigEntity\DevicePointConfigEntity.cs(155,24): warning CS8618: 鍦ㄩ€€鍑烘瀯閫犲嚱鏁版椂锛屼笉鍙负 null 鐨?瀛楁 "_state1Desc" 蹇呴』鍖呭惈闈?null 鍊笺€傝鑰冭檻娣诲姞 "required" 淇グ绗︽垨灏嗚 瀛楁 澹版槑涓哄彲涓?null銆?[E:\VS2022\WPF\DoorMonitorSystem\DoorMonitorSystem.csproj]
E:\VS2022\WPF\DoorMonitorSystem\Models\ConfigEntity\DevicePointConfigEntity.cs(166,24): warning CS8618: 鍦ㄩ€€鍑烘瀯閫犲嚱鏁版椂锛屼笉鍙负 null 鐨?瀛楁 "_description" 蹇呴』鍖呭惈闈?null 鍊笺€傝鑰冭檻娣诲姞 "required" 淇グ绗︽垨灏嗚 瀛楁 澹版槑涓哄彲涓?null銆?[E:\VS2022\WPF\DoorMonitorSystem\DoorMonitorSystem.csproj]
E:\VS2022\WPF\DoorMonitorSystem\Models\ConfigEntity\DevicePointConfigEntity.cs(174,24): warning CS8618: 鍦ㄩ€€鍑烘瀯閫犲嚱鏁版椂锛屼笉鍙负 null 鐨?瀛楁 "_targetObjName" 蹇呴』鍖呭惈闈?null 鍊笺€傝鑰冭檻娣诲姞 "required" 淇グ绗︽垨灏嗚 瀛楁 澹版槑涓哄彲涓?null銆?[E:\VS2022\WPF\DoorMonitorSystem\DoorMonitorSystem.csproj]
E:\VS2022\WPF\DoorMonitorSystem\Models\ConfigEntity\DevicePointConfigEntity.cs(178,24): warning CS8618: 鍦ㄩ€€鍑烘瀯閫犲嚱鏁版椂锛屼笉鍙负 null 鐨?瀛楁 "_targetBitConfigName" 蹇呴』鍖呭惈闈?null 鍊笺€傝鑰冭檻娣诲姞 "required" 淇グ绗︽垨灏嗚 瀛楁 澹版槑涓哄彲涓?null銆?[E:\VS2022\WPF\DoorMonitorSystem\DoorMonitorSystem.csproj]
E:\VS2022\WPF\DoorMonitorSystem\Models\ConfigEntity\DevicePointConfigEntity.cs(182,24): warning CS8618: 鍦ㄩ€€鍑烘瀯閫犲嚱鏁版椂锛屼笉鍙负 null 鐨?瀛楁 "_syncTargetDeviceName" 蹇呴』鍖呭惈闈?null 鍊笺€傝鑰冭檻娣诲姞 "required" 淇グ绗︽垨灏嗚 瀛楁 澹版槑涓哄彲涓?null銆?[E:\VS2022\WPF\DoorMonitorSystem\DoorMonitorSystem.csproj]
E:\VS2022\WPF\DoorMonitorSystem\Assets\Services\DeviceCommunicationService.cs(32,50): warning CS8618: 鍦ㄩ€€鍑烘瀯閫犲嚱鏁版椂锛屼笉鍙负 null 鐨?灞炴€?"Instance" 蹇呴』鍖呭惈闈?null 鍊笺€傝鑰冭檻娣诲姞 "required" 淇グ绗︽垨灏嗚 灞炴€?澹版槑涓哄彲涓?null銆?[E:\VS2022\WPF\DoorMonitorSystem\DoorMonitorSystem.csproj]
E:\VS2022\WPF\DoorMonitorSystem\ViewModels\LayoutConfigurationViewModel.cs(123,83): warning CS8601: 鍙兘鐨?null 寮曠敤璧嬪€笺€?[E:\VS2022\WPF\DoorMonitorSystem\DoorMonitorSystem.csproj]
E:\VS2022\WPF\DoorMonitorSystem\ViewModels\LayoutConfigurationViewModel.cs(128,22): warning CS8625: 鏃犳硶灏?null 瀛楅潰閲忚浆鎹负闈?null 鐨勫紩鐢ㄧ被鍨嬨€?[E:\VS2022\WPF\DoorMonitorSystem\DoorMonitorSystem.csproj]
E:\VS2022\WPF\DoorMonitorSystem\ViewModels\LayoutConfigurationViewModel.cs(106,16): warning CS8618: 鍦ㄩ€€鍑烘瀯閫犲嚱鏁版椂锛屼笉鍙负 null 鐨?瀛楁 "_selectedItem" 蹇呴』鍖呭惈闈?null 鍊笺€傝鑰冭檻娣诲姞 "required" 淇グ绗︽垨灏嗚 瀛楁 澹版槑涓哄彲涓?null銆?[E:\VS2022\WPF\DoorMonitorSystem\DoorMonitorSystem.csproj]
E:\VS2022\WPF\DoorMonitorSystem\ViewModels\LayoutConfigurationViewModel.cs(106,16): warning CS8618: 鍦ㄩ€€鍑烘瀯閫犲嚱鏁版椂锛屼笉鍙负 null 鐨?瀛楁 "_globalSelectedDoorTypeKeyId" 蹇呴』鍖呭惈闈?null 鍊笺€傝鑰冭檻娣诲姞 "required" 淇グ绗︽垨灏嗚 瀛楁 澹版槑涓哄彲涓?null銆?[E:\VS2022\WPF\DoorMonitorSystem\DoorMonitorSystem.csproj]
E:\VS2022\WPF\DoorMonitorSystem\ViewModels\LayoutConfigurationViewModel.cs(106,16): warning CS8618: 鍦ㄩ€€鍑烘瀯閫犲嚱鏁版椂锛屼笉鍙负 null 鐨?瀛楁 "_statusMessage" 蹇呴』鍖呭惈闈?null 鍊笺€傝鑰冭檻娣诲姞 "required" 淇グ绗︽垨灏嗚 瀛楁 澹版槑涓哄彲涓?null銆?[E:\VS2022\WPF\DoorMonitorSystem\DoorMonitorSystem.csproj]
E:\VS2022\WPF\DoorMonitorSystem\ViewModels\ConfigItems\DoorGroupConfigItem.cs(36,64): warning CS8604: 鈥渧oid DoorGroupConfigItem.RemoveBit(DoorBitConfigEntity item)鈥濅腑鐨勫舰鍙傗€渋tem鈥濆彲鑳戒紶鍏?null 寮曠敤瀹炲弬銆?[E:\VS2022\WPF\DoorMonitorSystem\DoorMonitorSystem.csproj]
E:\VS2022\WPF\DoorMonitorSystem\ViewModels\ConfigItems\DoorGroupConfigItem.cs(58,92): warning CS8603: 鍙兘杩斿洖 null 寮曠敤銆?[E:\VS2022\WPF\DoorMonitorSystem\DoorMonitorSystem.csproj]
E:\VS2022\WPF\DoorMonitorSystem\ViewModels\MainWindowViewModel.cs(125,16): warning CS8618: 鍦ㄩ€€鍑烘瀯閫犲嚱鏁版椂锛屼笉鍙负 null 鐨?瀛楁 "_currentViewModel" 蹇呴』鍖呭惈闈?null 鍊笺€傝鑰冭檻娣诲姞 "required" 淇グ绗︽垨灏嗚 瀛楁 澹版槑涓哄彲涓?null銆?[E:\VS2022\WPF\DoorMonitorSystem\DoorMonitorSystem.csproj]
E:\VS2022\WPF\DoorMonitorSystem\ViewModels\MainWindowViewModel.cs(125,16): warning CS8618: 鍦ㄩ€€鍑烘瀯閫犲嚱鏁版椂锛屼笉鍙负 null 鐨?瀛楁 "_currentView" 蹇呴』鍖呭惈闈?null 鍊笺€傝鑰冭檻娣诲姞 "required" 淇グ绗︽垨灏嗚 瀛楁 澹版槑涓哄彲涓?null銆?[E:\VS2022\WPF\DoorMonitorSystem\DoorMonitorSystem.csproj]
E:\VS2022\WPF\DoorMonitorSystem\ViewModels\MainWindowViewModel.cs(125,16): warning CS8618: 鍦ㄩ€€鍑烘瀯閫犲嚱鏁版椂锛屼笉鍙负 null 鐨?灞炴€?"ExecuteCommand" 蹇呴』鍖呭惈闈?null 鍊笺€傝鑰冭檻娣诲姞 "required" 淇グ绗︽垨灏嗚 灞炴€?澹版槑涓哄彲涓?null銆?[E:\VS2022\WPF\DoorMonitorSystem\DoorMonitorSystem.csproj]
E:\VS2022\WPF\DoorMonitorSystem\ViewModels\MainWindowViewModel.cs(125,16): warning CS8618: 鍦ㄩ€€鍑烘瀯閫犲嚱鏁版椂锛屼笉鍙负 null 鐨?灞炴€?"DeployCommand" 蹇呴』鍖呭惈闈?null 鍊笺€傝鑰冭檻娣诲姞 "required" 淇グ绗︽垨灏嗚 灞炴€?澹版槑涓哄彲涓?null銆?[E:\VS2022\WPF\DoorMonitorSystem\DoorMonitorSystem.csproj]
E:\VS2022\WPF\DoorMonitorSystem\ViewModels\MainWindowViewModel.cs(125,16): warning CS8618: 鍦ㄩ€€鍑烘瀯閫犲嚱鏁版椂锛屼笉鍙负 null 鐨?灞炴€?"NavigationCommand" 蹇呴』鍖呭惈闈?null 鍊笺€傝鑰冭檻娣诲姞 "required" 淇グ绗︽垨灏嗚 灞炴€?澹版槑涓哄彲涓?null銆?[E:\VS2022\WPF\DoorMonitorSystem\DoorMonitorSystem.csproj]
E:\VS2022\WPF\DoorMonitorSystem\ViewModels\MainWindowViewModel.cs(125,16): warning CS8618: 鍦ㄩ€€鍑烘瀯閫犲嚱鏁版椂锛屼笉鍙负 null 鐨?灞炴€?"OpenUserInfoCommand" 蹇呴』鍖呭惈闈?null 鍊笺€傝鑰冭檻娣诲姞 "required" 淇グ绗︽垨灏嗚 灞炴€?澹版槑涓哄彲涓?null銆?[E:\VS2022\WPF\DoorMonitorSystem\DoorMonitorSystem.csproj]
E:\VS2022\WPF\DoorMonitorSystem\ViewModels\MainWindowViewModel.cs(125,16): warning CS8618: 鍦ㄩ€€鍑烘瀯閫犲嚱鏁版椂锛屼笉鍙负 null 鐨?灞炴€?"RefreshUICommand" 蹇呴』鍖呭惈闈?null 鍊笺€傝鑰冭檻娣诲姞 "required" 淇グ绗︽垨灏嗚 灞炴€?澹版槑涓哄彲涓?null銆?[E:\VS2022\WPF\DoorMonitorSystem\DoorMonitorSystem.csproj]
E:\VS2022\WPF\DoorMonitorSystem\Models\RunModels\DoorModel.cs(19,23): warning CS8618: 鍦ㄩ€€鍑烘瀯閫犲嚱鏁版椂锛屼笉鍙负 null 鐨?灞炴€?"KeyId" 蹇呴』鍖呭惈闈?null 鍊笺€傝鑰冭檻娣诲姞 "required" 淇グ绗︽垨灏嗚 灞炴€?澹版槑涓哄彲涓?null銆?[E:\VS2022\WPF\DoorMonitorSystem\DoorMonitorSystem.csproj]
E:\VS2022\WPF\DoorMonitorSystem\ViewModels\MainWindowViewModel.cs(295,39): warning CS8625: 鏃犳硶灏?null 瀛楅潰閲忚浆鎹负闈?null 鐨勫紩鐢ㄧ被鍨嬨€?[E:\VS2022\WPF\DoorMonitorSystem\DoorMonitorSystem.csproj]
E:\VS2022\WPF\DoorMonitorSystem\ViewModels\MainWindowViewModel.cs(305,43): warning CS8625: 鏃犳硶灏?null 瀛楅潰閲忚浆鎹负闈?null 鐨勫紩鐢ㄧ被鍨嬨€?[E:\VS2022\WPF\DoorMonitorSystem\DoorMonitorSystem.csproj]
E:\VS2022\WPF\DoorMonitorSystem\Models\RunModels\DoorGroup.cs(15,23): warning CS8618: 鍦ㄩ€€鍑烘瀯閫犲嚱鏁版椂锛屼笉鍙负 null 鐨?灞炴€?"KeyId" 蹇呴』鍖呭惈闈?null 鍊笺€傝鑰冭檻娣诲姞 "required" 淇グ绗︽垨灏嗚 灞炴€?澹版槑涓哄彲涓?null銆?[E:\VS2022\WPF\DoorMonitorSystem\DoorMonitorSystem.csproj]
E:\VS2022\WPF\DoorMonitorSystem\Models\RunModels\DoorBitConfig.cs(19,23): warning CS8618: 鍦ㄩ€€鍑烘瀯閫犲嚱鏁版椂锛屼笉鍙负 null 鐨?灞炴€?"KeyId" 蹇呴』鍖呭惈闈?null 鍊笺€傝鑰冭檻娣诲姞 "required" 淇グ绗︽垨灏嗚 灞炴€?澹版槑涓哄彲涓?null銆?[E:\VS2022\WPF\DoorMonitorSystem\DoorMonitorSystem.csproj]
E:\VS2022\WPF\DoorMonitorSystem\ViewModels\MainWindowViewModel.cs(367,26): warning CS8600: 灏?null 鏂囨湰鎴栧彲鑳界殑 null 鍊艰浆鎹负涓嶅彲涓?null 绫诲瀷銆?[E:\VS2022\WPF\DoorMonitorSystem\DoorMonitorSystem.csproj]
E:\VS2022\WPF\DoorMonitorSystem\ViewModels\MainWindowViewModel.cs(370,41): warning CS8604: 鈥渂ool Dictionary<string, object>.TryGetValue(string key, out object value)鈥濅腑鐨勫舰鍙傗€渒ey鈥濆彲鑳戒紶鍏?null 寮曠敤瀹炲弬銆?[E:\VS2022\WPF\DoorMonitorSystem\DoorMonitorSystem.csproj]
E:\VS2022\WPF\DoorMonitorSystem\ViewModels\MainWindowViewModel.cs(375,39): warning CS8601: 鍙兘鐨?null 寮曠敤璧嬪€笺€?[E:\VS2022\WPF\DoorMonitorSystem\DoorMonitorSystem.csproj]
E:\VS2022\WPF\DoorMonitorSystem\ViewModels\MainWindowViewModel.cs(383,32): warning CS8601: 鍙兘鐨?null 寮曠敤璧嬪€笺€?[E:\VS2022\WPF\DoorMonitorSystem\DoorMonitorSystem.csproj]
E:\VS2022\WPF\DoorMonitorSystem\ViewModels\MainWindowViewModel.cs(392,37): warning CS8600: 灏?null 鏂囨湰鎴栧彲鑳界殑 null 鍊艰浆鎹负涓嶅彲涓?null 绫诲瀷銆?[E:\VS2022\WPF\DoorMonitorSystem\DoorMonitorSystem.csproj]
E:\VS2022\WPF\DoorMonitorSystem\ViewModels\MainWindowViewModel.cs(400,28): warning CS8600: 灏?null 鏂囨湰鎴栧彲鑳界殑 null 鍊艰浆鎹负涓嶅彲涓?null 绫诲瀷銆?[E:\VS2022\WPF\DoorMonitorSystem\DoorMonitorSystem.csproj]
E:\VS2022\WPF\DoorMonitorSystem\ViewModels\ParameterSettingViewModel.cs(60,65): warning CS8622: 鈥渧oid ParameterSettingViewModel.OnGlobalStationsChanged(object sender, NotifyCollectionChangedEventArgs e)鈥濈殑鍙傛暟鈥渟ender鈥濈被鍨嬩腑寮曠敤绫诲瀷鐨勪负 Null 鎬т笌鐩爣濮旀墭鈥淣otifyCollectionChangedEventHandler鈥濅笉鍖归厤(鍙兘鏄敱浜庝负 Null 鎬х壒鎬?銆?[E:\VS2022\WPF\DoorMonitorSystem\DoorMonitorSystem.csproj]
E:\VS2022\WPF\DoorMonitorSystem\ViewModels\ParameterSettingViewModel.cs(38,16): warning CS8618: 鍦ㄩ€€鍑烘瀯閫犲嚱鏁版椂锛屼笉鍙负 null 鐨?瀛楁 "_stationSettings" 蹇呴』鍖呭惈闈?null 鍊笺€傝鑰冭檻娣诲姞 "required" 淇グ绗︽垨灏嗚 瀛楁 澹版槑涓哄彲涓?null銆?[E:\VS2022\WPF\DoorMonitorSystem\DoorMonitorSystem.csproj]
E:\VS2022\WPF\DoorMonitorSystem\ViewModels\StationParameterViewModel.cs(153,33): warning CS8601: 鍙兘鐨?null 寮曠敤璧嬪€笺€?[E:\VS2022\WPF\DoorMonitorSystem\DoorMonitorSystem.csproj]
E:\VS2022\WPF\DoorMonitorSystem\ViewModels\StationParameterViewModel.cs(145,16): warning CS8618: 鍦ㄩ€€鍑烘瀯閫犲嚱鏁版椂锛屼笉鍙负 null 鐨?瀛楁 "_stationName" 蹇呴』鍖呭惈闈?null 鍊笺€傝鑰冭檻娣诲姞 "required" 淇グ绗︽垨灏嗚 瀛楁 澹版槑涓哄彲涓?null銆?[E:\VS2022\WPF\DoorMonitorSystem\DoorMonitorSystem.csproj]
E:\VS2022\WPF\DoorMonitorSystem\ViewModels\StationParameterViewModel.cs(145,16): warning CS8618: 鍦ㄩ€€鍑烘瀯閫犲嚱鏁版椂锛屼笉鍙负 null 鐨?瀛楁 "_parameterList" 蹇呴』鍖呭惈闈?null 鍊笺€傝鑰冭檻娣诲姞 "required" 淇グ绗︽垨灏嗚 瀛楁 澹版槑涓哄彲涓?null銆?[E:\VS2022\WPF\DoorMonitorSystem\DoorMonitorSystem.csproj]
E:\VS2022\WPF\DoorMonitorSystem\ViewModels\StationParameterViewModel.cs(145,16): warning CS8618: 鍦ㄩ€€鍑烘瀯閫犲嚱鏁版椂锛屼笉鍙负 null 鐨?瀛楁 "_asdModels" 蹇呴』鍖呭惈闈?null 鍊笺€傝鑰冭檻娣诲姞 "required" 淇グ绗︽垨灏嗚 瀛楁 澹版槑涓哄彲涓?null銆?[E:\VS2022\WPF\DoorMonitorSystem\DoorMonitorSystem.csproj]
E:\VS2022\WPF\DoorMonitorSystem\ViewModels\StationParameterViewModel.cs(145,16): warning CS8618: 鍦ㄩ€€鍑烘瀯閫犲嚱鏁版椂锛屼笉鍙负 null 鐨?瀛楁 "_selectedAsdModel" 蹇呴』鍖呭惈闈?null 鍊笺€傝鑰冭檻娣诲姞 "required" 淇グ绗︽垨灏嗚 瀛楁 澹版槑涓哄彲涓?null銆?[E:\VS2022\WPF\DoorMonitorSystem\DoorMonitorSystem.csproj]
E:\VS2022\WPF\DoorMonitorSystem\ViewModels\StationParameterViewModel.cs(145,16): warning CS8618: 鍦ㄩ€€鍑烘瀯閫犲嚱鏁版椂锛屼笉鍙负 null 鐨?瀛楁 "_stationKeyId" 蹇呴』鍖呭惈闈?null 鍊笺€傝鑰冭檻娣诲姞 "required" 淇グ绗︽垨灏嗚 瀛楁 澹版槑涓哄彲涓?null銆?[E:\VS2022\WPF\DoorMonitorSystem\DoorMonitorSystem.csproj]
E:\VS2022\WPF\DoorMonitorSystem\Models\Points\DevicePoint.cs(25,20): warning CS8603: 鍙兘杩斿洖 null 寮曠敤銆?[E:\VS2022\WPF\DoorMonitorSystem\DoorMonitorSystem.csproj]
E:\VS2022\WPF\DoorMonitorSystem\ViewModels\StationParameterViewModel.cs(215,47): warning CS8600: 灏?null 鏂囨湰鎴栧彲鑳界殑 null 鍊艰浆鎹负涓嶅彲涓?null 绫诲瀷銆?[E:\VS2022\WPF\DoorMonitorSystem\DoorMonitorSystem.csproj]
E:\VS2022\WPF\DoorMonitorSystem\ViewModels\StationParameterViewModel.cs(220,27): warning CS8600: 灏?null 鏂囨湰鎴栧彲鑳界殑 null 鍊艰浆鎹负涓嶅彲涓?null 绫诲瀷銆?[E:\VS2022\WPF\DoorMonitorSystem\DoorMonitorSystem.csproj]
E:\VS2022\WPF\DoorMonitorSystem\ViewModels\StationParameterViewModel.cs(227,31): warning CS8600: 灏?null 鏂囨湰鎴栧彲鑳界殑 null 鍊艰浆鎹负涓嶅彲涓?null 绫诲瀷銆?[E:\VS2022\WPF\DoorMonitorSystem\DoorMonitorSystem.csproj]
E:\VS2022\WPF\DoorMonitorSystem\ViewModels\StationParameterViewModel.cs(236,27): warning CS8600: 灏?null 鏂囨湰鎴栧彲鑳界殑 null 鍊艰浆鎹负涓嶅彲涓?null 绫诲瀷銆?[E:\VS2022\WPF\DoorMonitorSystem\DoorMonitorSystem.csproj]
E:\VS2022\WPF\DoorMonitorSystem\ViewModels\StationParameterViewModel.cs(242,101): warning CS8625: 鏃犳硶灏?null 瀛楅潰閲忚浆鎹负闈?null 鐨勫紩鐢ㄧ被鍨嬨€?[E:\VS2022\WPF\DoorMonitorSystem\DoorMonitorSystem.csproj]
E:\VS2022\WPF\DoorMonitorSystem\ViewModels\StationParameterViewModel.cs(242,27): warning CS8600: 灏?null 鏂囨湰鎴栧彲鑳界殑 null 鍊艰浆鎹负涓嶅彲涓?null 绫诲瀷銆?[E:\VS2022\WPF\DoorMonitorSystem\DoorMonitorSystem.csproj]
E:\VS2022\WPF\DoorMonitorSystem\ViewModels\StationParameterViewModel.cs(254,38): warning CS8600: 灏?null 鏂囨湰鎴栧彲鑳界殑 null 鍊艰浆鎹负涓嶅彲涓?null 绫诲瀷銆?[E:\VS2022\WPF\DoorMonitorSystem\DoorMonitorSystem.csproj]
E:\VS2022\WPF\DoorMonitorSystem\ViewModels\StationParameterViewModel.cs(255,46): warning CS8601: 鍙兘鐨?null 寮曠敤璧嬪€笺€?[E:\VS2022\WPF\DoorMonitorSystem\DoorMonitorSystem.csproj]
E:\VS2022\WPF\DoorMonitorSystem\ViewModels\StationParameterViewModel.cs(256,76): warning CS8601: 鍙兘鐨?null 寮曠敤璧嬪€笺€?[E:\VS2022\WPF\DoorMonitorSystem\DoorMonitorSystem.csproj]
E:\VS2022\WPF\DoorMonitorSystem\ViewModels\StationParameterViewModel.cs(281,37): warning CS8600: 灏?null 鏂囨湰鎴栧彲鑳界殑 null 鍊艰浆鎹负涓嶅彲涓?null 绫诲瀷銆?[E:\VS2022\WPF\DoorMonitorSystem\DoorMonitorSystem.csproj]
E:\VS2022\WPF\DoorMonitorSystem\ViewModels\StationParameterViewModel.cs(285,46): warning CS8601: 鍙兘鐨?null 寮曠敤璧嬪€笺€?[E:\VS2022\WPF\DoorMonitorSystem\DoorMonitorSystem.csproj]
E:\VS2022\WPF\DoorMonitorSystem\Assets\Helper\DatabaseFixer.cs(131,26): warning CS8604: 鈥渧oid List<string>.Add(string item)鈥濅腑鐨勫舰鍙傗€渋tem鈥濆彲鑳戒紶鍏?null 寮曠敤瀹炲弬銆?[E:\VS2022\WPF\DoorMonitorSystem\DoorMonitorSystem.csproj]
E:\VS2022\WPF\DoorMonitorSystem\Assets\Helper\CategoryGroup.cs(14,16): warning CS8618: 鍦ㄩ€€鍑烘瀯閫犲嚱鏁版椂锛屼笉鍙负 null 鐨?瀛楁 "_category" 蹇呴』鍖呭惈闈?null 鍊笺€傝鑰冭檻娣诲姞 "required" 淇グ绗︽垨灏嗚 瀛楁 澹版槑涓哄彲涓?null銆?[E:\VS2022\WPF\DoorMonitorSystem\DoorMonitorSystem.csproj]
E:\VS2022\WPF\DoorMonitorSystem\ViewModels\SystemLogViewModel.cs(192,16): warning CS8618: 鍦ㄩ€€鍑烘瀯閫犲嚱鏁版椂锛屼笉鍙负 null 鐨?灞炴€?"FirstPageCommand" 蹇呴』鍖呭惈闈?null 鍊笺€傝鑰冭檻娣诲姞 "required" 淇グ绗︽垨灏嗚 灞炴€?澹版槑涓哄彲涓?null銆?[E:\VS2022\WPF\DoorMonitorSystem\DoorMonitorSystem.csproj]
E:\VS2022\WPF\DoorMonitorSystem\ViewModels\GraphicEditingViewModel.cs(90,40): warning CS8601: 鍙兘鐨?null 寮曠敤璧嬪€笺€?[E:\VS2022\WPF\DoorMonitorSystem\DoorMonitorSystem.csproj]
E:\VS2022\WPF\DoorMonitorSystem\ViewModels\GraphicEditingViewModel.cs(197,28): warning CS8625: 鏃犳硶灏?null 瀛楅潰閲忚浆鎹负闈?null 鐨勫紩鐢ㄧ被鍨嬨€?[E:\VS2022\WPF\DoorMonitorSystem\DoorMonitorSystem.csproj]
E:\VS2022\WPF\DoorMonitorSystem\Assets\Services\DataManager.cs(1125,45): warning CS8625: 鏃犳硶灏?null 瀛楅潰閲忚浆鎹负闈?null 鐨勫紩鐢ㄧ被鍨嬨€?[E:\VS2022\WPF\DoorMonitorSystem\DoorMonitorSystem.csproj]
E:\VS2022\WPF\DoorMonitorSystem\Assets\Services\DataManager.cs(1145,44): warning CS8625: 鏃犳硶灏?null 瀛楅潰閲忚浆鎹负闈?null 鐨勫紩鐢ㄧ被鍨嬨€?[E:\VS2022\WPF\DoorMonitorSystem\DoorMonitorSystem.csproj]
E:\VS2022\WPF\DoorMonitorSystem\ViewModels\StationParameterViewModel.cs(386,52): warning CS8600: 灏?null 鏂囨湰鎴栧彲鑳界殑 null 鍊艰浆鎹负涓嶅彲涓?null 绫诲瀷銆?[E:\VS2022\WPF\DoorMonitorSystem\DoorMonitorSystem.csproj]
E:\VS2022\WPF\DoorMonitorSystem\ViewModels\StationParameterViewModel.cs(391,32): warning CS8600: 灏?null 鏂囨湰鎴栧彲鑳界殑 null 鍊艰浆鎹负涓嶅彲涓?null 绫诲瀷銆?[E:\VS2022\WPF\DoorMonitorSystem\DoorMonitorSystem.csproj]
E:\VS2022\WPF\DoorMonitorSystem\ViewModels\StationParameterViewModel.cs(394,36): warning CS8600: 灏?null 鏂囨湰鎴栧彲鑳界殑 null 鍊艰浆鎹负涓嶅彲涓?null 绫诲瀷銆?[E:\VS2022\WPF\DoorMonitorSystem\DoorMonitorSystem.csproj]
E:\VS2022\WPF\DoorMonitorSystem\ViewModels\StationParameterViewModel.cs(401,32): warning CS8600: 灏?null 鏂囨湰鎴栧彲鑳界殑 null 鍊艰浆鎹负涓嶅彲涓?null 绫诲瀷銆?[E:\VS2022\WPF\DoorMonitorSystem\DoorMonitorSystem.csproj]
E:\VS2022\WPF\DoorMonitorSystem\ViewModels\StationParameterViewModel.cs(404,32): warning CS8600: 灏?null 鏂囨湰鎴栧彲鑳界殑 null 鍊艰浆鎹负涓嶅彲涓?null 绫诲瀷銆?[E:\VS2022\WPF\DoorMonitorSystem\DoorMonitorSystem.csproj]
E:\VS2022\WPF\DoorMonitorSystem\ViewModels\StationParameterViewModel.cs(410,32): warning CS8600: 灏?null 鏂囨湰鎴栧彲鑳界殑 null 鍊艰浆鎹负涓嶅彲涓?null 绫诲瀷銆?[E:\VS2022\WPF\DoorMonitorSystem\DoorMonitorSystem.csproj]
E:\VS2022\WPF\DoorMonitorSystem\ViewModels\StationParameterViewModel.cs(414,111): warning CS8625: 鏃犳硶灏?null 瀛楅潰閲忚浆鎹负闈?null 鐨勫紩鐢ㄧ被鍨嬨€?[E:\VS2022\WPF\DoorMonitorSystem\DoorMonitorSystem.csproj]
E:\VS2022\WPF\DoorMonitorSystem\ViewModels\StationParameterViewModel.cs(414,37): warning CS8600: 灏?null 鏂囨湰鎴栧彲鑳界殑 null 鍊艰浆鎹负涓嶅彲涓?null 绫诲瀷銆?[E:\VS2022\WPF\DoorMonitorSystem\DoorMonitorSystem.csproj]
E:\VS2022\WPF\DoorMonitorSystem\ViewModels\GraphicEditingViewModel.cs(546,32): warning CS8625: 鏃犳硶灏?null 瀛楅潰閲忚浆鎹负闈?null 鐨勫紩鐢ㄧ被鍨嬨€?[E:\VS2022\WPF\DoorMonitorSystem\DoorMonitorSystem.csproj]
E:\VS2022\WPF\DoorMonitorSystem\ViewModels\LayoutConfigurationViewModel.cs(559,30): warning CS8625: 鏃犳硶灏?null 瀛楅潰閲忚浆鎹负闈?null 鐨勫紩鐢ㄧ被鍨嬨€?[E:\VS2022\WPF\DoorMonitorSystem\DoorMonitorSystem.csproj]
E:\VS2022\WPF\DoorMonitorSystem\ViewModels\LayoutConfigurationViewModel.cs(637,37): warning CS8601: 鍙兘鐨?null 寮曠敤璧嬪€笺€?[E:\VS2022\WPF\DoorMonitorSystem\DoorMonitorSystem.csproj]
E:\VS2022\WPF\DoorMonitorSystem\ViewModels\LayoutConfigurationViewModel.cs(660,38): warning CS8601: 鍙兘鐨?null 寮曠敤璧嬪€笺€?[E:\VS2022\WPF\DoorMonitorSystem\DoorMonitorSystem.csproj]
E:\VS2022\WPF\DoorMonitorSystem\ViewModels\LayoutConfigurationViewModel.cs(679,36): warning CS8625: 鏃犳硶灏?null 瀛楅潰閲忚浆鎹负闈?null 鐨勫紩鐢ㄧ被鍨嬨€?[E:\VS2022\WPF\DoorMonitorSystem\DoorMonitorSystem.csproj]
E:\VS2022\WPF\DoorMonitorSystem\ViewModels\Devvarlist\DevvarlistViewModel.Excel.cs(140,50): warning CS8600: 灏?null 鏂囨湰鎴栧彲鑳界殑 null 鍊艰浆鎹负涓嶅彲涓?null 绫诲瀷銆?[E:\VS2022\WPF\DoorMonitorSystem\DoorMonitorSystem.csproj]
E:\VS2022\WPF\DoorMonitorSystem\ViewModels\Devvarlist\DevvarlistViewModel.Excel.cs(148,47): warning CS8601: 鍙兘鐨?null 寮曠敤璧嬪€笺€?[E:\VS2022\WPF\DoorMonitorSystem\DoorMonitorSystem.csproj]
E:\VS2022\WPF\DoorMonitorSystem\ViewModels\Devvarlist\DevvarlistViewModel.Excel.cs(150,48): warning CS8601: 鍙兘鐨?null 寮曠敤璧嬪€笺€?[E:\VS2022\WPF\DoorMonitorSystem\DoorMonitorSystem.csproj]
E:\VS2022\WPF\DoorMonitorSystem\ViewModels\Devvarlist\DevvarlistViewModel.Excel.cs(151,51): warning CS8601: 鍙兘鐨?null 寮曠敤璧嬪€笺€?[E:\VS2022\WPF\DoorMonitorSystem\DoorMonitorSystem.csproj]
E:\VS2022\WPF\DoorMonitorSystem\ViewModels\Devvarlist\DevvarlistViewModel.Excel.cs(152,49): warning CS8601: 鍙兘鐨?null 寮曠敤璧嬪€笺€?[E:\VS2022\WPF\DoorMonitorSystem\DoorMonitorSystem.csproj]
E:\VS2022\WPF\DoorMonitorSystem\ViewModels\Devvarlist\DevvarlistViewModel.Excel.cs(153,51): warning CS8601: 鍙兘鐨?null 寮曠敤璧嬪€笺€?[E:\VS2022\WPF\DoorMonitorSystem\DoorMonitorSystem.csproj]
E:\VS2022\WPF\DoorMonitorSystem\ViewModels\Devvarlist\DevvarlistViewModel.Excel.cs(155,51): warning CS8601: 鍙兘鐨?null 寮曠敤璧嬪€笺€?[E:\VS2022\WPF\DoorMonitorSystem\DoorMonitorSystem.csproj]
E:\VS2022\WPF\DoorMonitorSystem\ViewModels\Devvarlist\DevvarlistViewModel.Excel.cs(156,60): warning CS8601: 鍙兘鐨?null 寮曠敤璧嬪€笺€?[E:\VS2022\WPF\DoorMonitorSystem\DoorMonitorSystem.csproj]
E:\VS2022\WPF\DoorMonitorSystem\ViewModels\Devvarlist\DevvarlistViewModel.Excel.cs(164,50): warning CS8601: 鍙兘鐨?null 寮曠敤璧嬪€笺€?[E:\VS2022\WPF\DoorMonitorSystem\DoorMonitorSystem.csproj]
E:\VS2022\WPF\DoorMonitorSystem\ViewModels\Devvarlist\DevvarlistViewModel.Excel.cs(165,48): warning CS8601: 鍙兘鐨?null 寮曠敤璧嬪€笺€?[E:\VS2022\WPF\DoorMonitorSystem\DoorMonitorSystem.csproj]
E:\VS2022\WPF\DoorMonitorSystem\ViewModels\Devvarlist\DevvarlistViewModel.Excel.cs(168,50): warning CS8601: 鍙兘鐨?null 寮曠敤璧嬪€笺€?[E:\VS2022\WPF\DoorMonitorSystem\DoorMonitorSystem.csproj]
E:\VS2022\WPF\DoorMonitorSystem\ViewModels\Devvarlist\DevvarlistViewModel.Excel.cs(169,50): warning CS8601: 鍙兘鐨?null 寮曠敤璧嬪€笺€?[E:\VS2022\WPF\DoorMonitorSystem\DoorMonitorSystem.csproj]
E:\VS2022\WPF\DoorMonitorSystem\ViewModels\Devvarlist\DevvarlistViewModel.Excel.cs(91,28): warning CS1998: 姝ゅ紓姝ユ柟娉曠己灏?"await" 杩愮畻绗︼紝灏嗕互鍚屾鏂瑰紡杩愯銆傝鑰冭檻浣跨敤 "await" 杩愮畻绗︾瓑寰呴潪闃绘鐨?API 璋冪敤锛屾垨鑰呬娇鐢?"await Task.Run(...)" 鍦ㄥ悗鍙扮嚎绋嬩笂鎵ц鍗犵敤澶ч噺 CPU 鐨勫伐浣溿€?[E:\VS2022\WPF\DoorMonitorSystem\DoorMonitorSystem.csproj]
E:\VS2022\WPF\DoorMonitorSystem\ViewModels\SystemLogViewModel.cs(622,38): warning CS8600: 灏?null 鏂囨湰鎴栧彲鑳界殑 null 鍊艰浆鎹负涓嶅彲涓?null 绫诲瀷銆?[E:\VS2022\WPF\DoorMonitorSystem\DoorMonitorSystem.csproj]
E:\VS2022\WPF\DoorMonitorSystem\ViewModels\SystemLogViewModel.cs(623,50): warning CS8604: 鈥渂ool Collection<string>.Contains(string item)鈥濅腑鐨勫舰鍙傗€渋tem鈥濆彲鑳戒紶鍏?null 寮曠敤瀹炲弬銆?[E:\VS2022\WPF\DoorMonitorSystem\DoorMonitorSystem.csproj]
E:\VS2022\WPF\DoorMonitorSystem\ViewModels\SystemLogViewModel.cs(650,52): warning CS8600: 灏?null 鏂囨湰鎴栧彲鑳界殑 null 鍊艰浆鎹负涓嶅彲涓?null 绫诲瀷銆?[E:\VS2022\WPF\DoorMonitorSystem\DoorMonitorSystem.csproj]
E:\VS2022\WPF\DoorMonitorSystem\Assets\Services\DataManager.cs(43,22): warning CS0414: 瀛楁鈥淒ataManager._debugKeysPrinted鈥濆凡琚祴鍊硷紝浣嗕粠鏈娇鐢ㄨ繃瀹冪殑鍊?[E:\VS2022\WPF\DoorMonitorSystem\DoorMonitorSystem.csproj]
E:\VS2022\WPF\DoorMonitorSystem\ViewModels\Devvarlist\DevvarlistViewModel.Wizard.cs(171,70): warning CA2200: 鍐嶆寮曞彂鎹曡幏鍒扮殑寮傚父浼氭洿鏀瑰爢鏍堜俊鎭?(https://learn.microsoft.com/dotnet/fundamentals/code-analysis/quality-rules/ca2200) [E:\VS2022\WPF\DoorMonitorSystem\DoorMonitorSystem.csproj]
    406 涓鍛?
    0 涓敊璇?

宸茬敤鏃堕棿 00:00:08.62

鏈夊彲鐢ㄧ殑宸ヤ綔璐熻浇鏇存柊銆傛湁鍏宠缁嗕俊鎭紝璇疯繍琛?`dotnet workload list`銆?
